<?xml version="1.0" encoding="ISO-8859-1" ?>
<link_info>
   <banner>TI ARM Linker PC v20.2.7.LTS</banner>
   <copyright>Copyright (c) 1996-2018 Texas Instruments Incorporated</copyright>
   <link_time>0x654bde6f</link_time>
   <link_errors>0x0</link_errors>
   <output_file>finalProjectSoundDes.out</output_file>
   <entry_point>
      <name>_c_int00_noargs</name>
      <address>0x1aa1</address>
   </entry_point>
   <input_file_list>
      <input_file id="fl-2">
         <path>.\</path>
         <kind>object</kind>
         <file>Timer.obj</file>
         <name>Timer.obj</name>
      </input_file>
      <input_file id="fl-3">
         <path>.\</path>
         <kind>object</kind>
         <file>lcd.obj</file>
         <name>lcd.obj</name>
      </input_file>
      <input_file id="fl-4">
         <path>.\</path>
         <kind>object</kind>
         <file>main.obj</file>
         <name>main.obj</name>
      </input_file>
      <input_file id="fl-5">
         <path>.\</path>
         <kind>object</kind>
         <file>open_interface.obj</file>
         <name>open_interface.obj</name>
      </input_file>
      <input_file id="fl-6">
         <path>.\</path>
         <kind>object</kind>
         <file>success.obj</file>
         <name>success.obj</name>
      </input_file>
      <input_file id="fl-7">
         <path>.\</path>
         <kind>object</kind>
         <file>tm4c123gh6pm_startup_ccs.obj</file>
         <name>tm4c123gh6pm_startup_ccs.obj</name>
      </input_file>
      <input_file id="fl-c">
         <kind>object</kind>
         <file>&lt;internal&gt;</file>
         <name>&lt;internal&gt;</name>
      </input_file>
      <input_file id="fl-c2">
         <path>C:\ti\ccs1230\ccs\tools\compiler\ti-cgt-arm_20.2.7.LTS\lib\</path>
         <kind>archive</kind>
         <file>rtsv7M4_T_le_v4SPD16_eabi.lib</file>
         <name>vsnprintf.c.obj</name>
      </input_file>
      <input_file id="fl-c3">
         <path>C:\ti\ccs1230\ccs\tools\compiler\ti-cgt-arm_20.2.7.LTS\lib\</path>
         <kind>archive</kind>
         <file>rtsv7M4_T_le_v4SPD16_eabi.lib</file>
         <name>fd_add_t2.asm.obj</name>
      </input_file>
      <input_file id="fl-c4">
         <path>C:\ti\ccs1230\ccs\tools\compiler\ti-cgt-arm_20.2.7.LTS\lib\</path>
         <kind>archive</kind>
         <file>rtsv7M4_T_le_v4SPD16_eabi.lib</file>
         <name>fd_div_t2.asm.obj</name>
      </input_file>
      <input_file id="fl-c5">
         <path>C:\ti\ccs1230\ccs\tools\compiler\ti-cgt-arm_20.2.7.LTS\lib\</path>
         <kind>archive</kind>
         <file>rtsv7M4_T_le_v4SPD16_eabi.lib</file>
         <name>fd_mul_t2.asm.obj</name>
      </input_file>
      <input_file id="fl-c6">
         <path>C:\ti\ccs1230\ccs\tools\compiler\ti-cgt-arm_20.2.7.LTS\lib\</path>
         <kind>archive</kind>
         <file>rtsv7M4_T_le_v4SPD16_eabi.lib</file>
         <name>fd_tos_t2.asm.obj</name>
      </input_file>
      <input_file id="fl-c7">
         <path>C:\ti\ccs1230\ccs\tools\compiler\ti-cgt-arm_20.2.7.LTS\lib\</path>
         <kind>archive</kind>
         <file>rtsv7M4_T_le_v4SPD16_eabi.lib</file>
         <name>fs_tod_t2.asm.obj</name>
      </input_file>
      <input_file id="fl-c8">
         <path>C:\ti\ccs1230\ccs\tools\compiler\ti-cgt-arm_20.2.7.LTS\lib\</path>
         <kind>archive</kind>
         <file>rtsv7M4_T_le_v4SPD16_eabi.lib</file>
         <name>i_tofd_t2.asm.obj</name>
      </input_file>
      <input_file id="fl-c9">
         <path>C:\ti\ccs1230\ccs\tools\compiler\ti-cgt-arm_20.2.7.LTS\lib\</path>
         <kind>archive</kind>
         <file>rtsv7M4_T_le_v4SPD16_eabi.lib</file>
         <name>memcpy_t2.asm.obj</name>
      </input_file>
      <input_file id="fl-ca">
         <path>C:\ti\ccs1230\ccs\tools\compiler\ti-cgt-arm_20.2.7.LTS\lib\</path>
         <kind>archive</kind>
         <file>rtsv7M4_T_le_v4SPD16_eabi.lib</file>
         <name>copy_zero_init.c.obj</name>
      </input_file>
      <input_file id="fl-cb">
         <path>C:\ti\ccs1230\ccs\tools\compiler\ti-cgt-arm_20.2.7.LTS\lib\</path>
         <kind>archive</kind>
         <file>rtsv7M4_T_le_v4SPD16_eabi.lib</file>
         <name>copy_decompress_none.c.obj</name>
      </input_file>
      <input_file id="fl-cc">
         <path>C:\ti\ccs1230\ccs\tools\compiler\ti-cgt-arm_20.2.7.LTS\lib\</path>
         <kind>archive</kind>
         <file>rtsv7M4_T_le_v4SPD16_eabi.lib</file>
         <name>copy_decompress_lzss.c.obj</name>
      </input_file>
      <input_file id="fl-cd">
         <path>C:\ti\ccs1230\ccs\tools\compiler\ti-cgt-arm_20.2.7.LTS\lib\</path>
         <kind>archive</kind>
         <file>rtsv7M4_T_le_v4SPD16_eabi.lib</file>
         <name>memory.c.obj</name>
      </input_file>
      <input_file id="fl-ce">
         <path>C:\ti\ccs1230\ccs\tools\compiler\ti-cgt-arm_20.2.7.LTS\lib\</path>
         <kind>archive</kind>
         <file>rtsv7M4_T_le_v4SPD16_eabi.lib</file>
         <name>strcmp.c.obj</name>
      </input_file>
      <input_file id="fl-cf">
         <path>C:\ti\ccs1230\ccs\tools\compiler\ti-cgt-arm_20.2.7.LTS\lib\</path>
         <kind>archive</kind>
         <file>rtsv7M4_T_le_v4SPD16_eabi.lib</file>
         <name>strcpy.c.obj</name>
      </input_file>
      <input_file id="fl-d0">
         <path>C:\ti\ccs1230\ccs\tools\compiler\ti-cgt-arm_20.2.7.LTS\lib\</path>
         <kind>archive</kind>
         <file>rtsv7M4_T_le_v4SPD16_eabi.lib</file>
         <name>boot_cortex_m.c.obj</name>
      </input_file>
      <input_file id="fl-d1">
         <path>C:\ti\ccs1230\ccs\tools\compiler\ti-cgt-arm_20.2.7.LTS\lib\</path>
         <kind>archive</kind>
         <file>rtsv7M4_T_le_v4SPD16_eabi.lib</file>
         <name>_printfi.c.obj</name>
      </input_file>
      <input_file id="fl-d2">
         <path>C:\ti\ccs1230\ccs\tools\compiler\ti-cgt-arm_20.2.7.LTS\lib\</path>
         <kind>archive</kind>
         <file>rtsv7M4_T_le_v4SPD16_eabi.lib</file>
         <name>fd_cmp_t2.asm.obj</name>
      </input_file>
      <input_file id="fl-d3">
         <path>C:\ti\ccs1230\ccs\tools\compiler\ti-cgt-arm_20.2.7.LTS\lib\</path>
         <kind>archive</kind>
         <file>rtsv7M4_T_le_v4SPD16_eabi.lib</file>
         <name>fd_toi_t2.asm.obj</name>
      </input_file>
      <input_file id="fl-d4">
         <path>C:\ti\ccs1230\ccs\tools\compiler\ti-cgt-arm_20.2.7.LTS\lib\</path>
         <kind>archive</kind>
         <file>rtsv7M4_T_le_v4SPD16_eabi.lib</file>
         <name>memset_t2.asm.obj</name>
      </input_file>
      <input_file id="fl-d5">
         <path>C:\ti\ccs1230\ccs\tools\compiler\ti-cgt-arm_20.2.7.LTS\lib\</path>
         <kind>archive</kind>
         <file>rtsv7M4_T_le_v4SPD16_eabi.lib</file>
         <name>ull_div_t2.asm.obj</name>
      </input_file>
      <input_file id="fl-d6">
         <path>C:\ti\ccs1230\ccs\tools\compiler\ti-cgt-arm_20.2.7.LTS\lib\</path>
         <kind>archive</kind>
         <file>rtsv7M4_T_le_v4SPD16_eabi.lib</file>
         <name>autoinit.c.obj</name>
      </input_file>
      <input_file id="fl-d7">
         <path>C:\ti\ccs1230\ccs\tools\compiler\ti-cgt-arm_20.2.7.LTS\lib\</path>
         <kind>archive</kind>
         <file>rtsv7M4_T_le_v4SPD16_eabi.lib</file>
         <name>pre_init.c.obj</name>
      </input_file>
      <input_file id="fl-d8">
         <path>C:\ti\ccs1230\ccs\tools\compiler\ti-cgt-arm_20.2.7.LTS\lib\</path>
         <kind>archive</kind>
         <file>rtsv7M4_T_le_v4SPD16_eabi.lib</file>
         <name>cpy_tbl.c.obj</name>
      </input_file>
      <input_file id="fl-d9">
         <path>C:\ti\ccs1230\ccs\tools\compiler\ti-cgt-arm_20.2.7.LTS\lib\</path>
         <kind>archive</kind>
         <file>rtsv7M4_T_le_v4SPD16_eabi.lib</file>
         <name>exit.c.obj</name>
      </input_file>
      <input_file id="fl-da">
         <path>C:\ti\ccs1230\ccs\tools\compiler\ti-cgt-arm_20.2.7.LTS\lib\</path>
         <kind>archive</kind>
         <file>rtsv7M4_T_le_v4SPD16_eabi.lib</file>
         <name>_lock.c.obj</name>
      </input_file>
      <input_file id="fl-db">
         <path>C:\ti\ccs1230\ccs\tools\compiler\ti-cgt-arm_20.2.7.LTS\lib\</path>
         <kind>archive</kind>
         <file>rtsv7M4_T_le_v4SPD16_eabi.lib</file>
         <name>_ltoa.c.obj</name>
      </input_file>
      <input_file id="fl-dc">
         <path>C:\ti\ccs1230\ccs\tools\compiler\ti-cgt-arm_20.2.7.LTS\lib\</path>
         <kind>archive</kind>
         <file>rtsv7M4_T_le_v4SPD16_eabi.lib</file>
         <name>args_main.c.obj</name>
      </input_file>
      <input_file id="fl-dd">
         <path>C:\ti\ccs1230\ccs\tools\compiler\ti-cgt-arm_20.2.7.LTS\lib\</path>
         <kind>archive</kind>
         <file>rtsv7M4_T_le_v4SPD16_eabi.lib</file>
         <name>atoi.c.obj</name>
      </input_file>
      <input_file id="fl-de">
         <path>C:\ti\ccs1230\ccs\tools\compiler\ti-cgt-arm_20.2.7.LTS\lib\</path>
         <kind>archive</kind>
         <file>rtsv7M4_T_le_v4SPD16_eabi.lib</file>
         <name>ctype.c.obj</name>
      </input_file>
      <input_file id="fl-df">
         <path>C:\ti\ccs1230\ccs\tools\compiler\ti-cgt-arm_20.2.7.LTS\lib\</path>
         <kind>archive</kind>
         <file>rtsv7M4_T_le_v4SPD16_eabi.lib</file>
         <name>memccpy.c.obj</name>
      </input_file>
      <input_file id="fl-e0">
         <path>C:\ti\ccs1230\ccs\tools\compiler\ti-cgt-arm_20.2.7.LTS\lib\</path>
         <kind>archive</kind>
         <file>rtsv7M4_T_le_v4SPD16_eabi.lib</file>
         <name>strchr.c.obj</name>
      </input_file>
      <input_file id="fl-e1">
         <path>C:\ti\ccs1230\ccs\tools\compiler\ti-cgt-arm_20.2.7.LTS\lib\</path>
         <kind>archive</kind>
         <file>rtsv7M4_T_le_v4SPD16_eabi.lib</file>
         <name>strlen.c.obj</name>
      </input_file>
      <input_file id="fl-e2">
         <path>C:\ti\ccs1230\ccs\tools\compiler\ti-cgt-arm_20.2.7.LTS\lib\</path>
         <kind>archive</kind>
         <file>rtsv7M4_T_le_v4SPD16_eabi.lib</file>
         <name>errno.c.obj</name>
      </input_file>
      <input_file id="fl-e3">
         <path>C:\ti\ccs1230\ccs\tools\compiler\ti-cgt-arm_20.2.7.LTS\lib\</path>
         <kind>archive</kind>
         <file>rtsv7M4_T_le_v4SPD16_eabi.lib</file>
         <name>wcslen.c.obj</name>
      </input_file>
      <input_file id="fl-e4">
         <path>C:\ti\ccs1230\ccs\tools\compiler\ti-cgt-arm_20.2.7.LTS\lib\</path>
         <kind>archive</kind>
         <file>rtsv7M4_T_le_v4SPD16_eabi.lib</file>
         <name>s_frexp.c.obj</name>
      </input_file>
      <input_file id="fl-e5">
         <path>C:\ti\ccs1230\ccs\tools\compiler\ti-cgt-arm_20.2.7.LTS\lib\</path>
         <kind>archive</kind>
         <file>rtsv7M4_T_le_v4SPD16_eabi.lib</file>
         <name>s_scalbn.c.obj</name>
      </input_file>
      <input_file id="fl-e6">
         <path>C:\ti\ccs1230\ccs\tools\compiler\ti-cgt-arm_20.2.7.LTS\lib\</path>
         <kind>archive</kind>
         <file>rtsv7M4_T_le_v4SPD16_eabi.lib</file>
         <name>div0.asm.obj</name>
      </input_file>
      <input_file id="fl-e7">
         <path>C:\ti\ccs1230\ccs\tools\compiler\ti-cgt-arm_20.2.7.LTS\lib\</path>
         <kind>archive</kind>
         <file>rtsv7M4_T_le_v4SPD16_eabi.lib</file>
         <name>s_copysign.c.obj</name>
      </input_file>
      <input_file id="fl-e8">
         <path>C:\ti\TivaWare_C_Series-2.2.0.295\driverlib\ccs\Debug\</path>
         <kind>archive</kind>
         <file>driverlib.lib</file>
         <name>interrupt.obj</name>
      </input_file>
      <input_file id="fl-e9">
         <path>C:\ti\TivaWare_C_Series-2.2.0.295\driverlib\ccs\Debug\</path>
         <kind>archive</kind>
         <file>driverlib.lib</file>
         <name>cpu.obj</name>
      </input_file>
   </input_file_list>
   <object_component_list>
      <object_component id="oc-12">
         <name>.intvecs</name>
         <load_address>0x0</load_address>
         <run_address>0x0</run_address>
         <size>0x26c</size>
         <input_file_ref idref="fl-7"/>
      </object_component>
      <object_component id="oc-11e">
         <name>.text</name>
         <load_address>0x26c</load_address>
         <run_address>0x26c</run_address>
         <size>0xc14</size>
         <input_file_ref idref="fl-5"/>
      </object_component>
      <object_component id="oc-124">
         <name>.text</name>
         <load_address>0xe80</load_address>
         <run_address>0xe80</run_address>
         <size>0x248</size>
         <input_file_ref idref="fl-2"/>
      </object_component>
      <object_component id="oc-195">
         <name>.text</name>
         <load_address>0x10c8</load_address>
         <run_address>0x10c8</run_address>
         <size>0x1b6</size>
         <input_file_ref idref="fl-c3"/>
      </object_component>
      <object_component id="oc-18b">
         <name>.text</name>
         <load_address>0x127e</load_address>
         <run_address>0x127e</run_address>
         <size>0x136</size>
         <input_file_ref idref="fl-c4"/>
      </object_component>
      <object_component id="oc-237">
         <name>.text:aligned_alloc</name>
         <load_address>0x13b4</load_address>
         <run_address>0x13b4</run_address>
         <size>0x100</size>
         <input_file_ref idref="fl-cd"/>
      </object_component>
      <object_component id="oc-186">
         <name>.text</name>
         <load_address>0x14b4</load_address>
         <run_address>0x14b4</run_address>
         <size>0xfc</size>
         <input_file_ref idref="fl-c5"/>
      </object_component>
      <object_component id="oc-164">
         <name>.text:free</name>
         <load_address>0x15b0</load_address>
         <run_address>0x15b0</run_address>
         <size>0xe4</size>
         <input_file_ref idref="fl-cd"/>
      </object_component>
      <object_component id="oc-d7">
         <name>.text</name>
         <load_address>0x1694</load_address>
         <run_address>0x1694</run_address>
         <size>0xc4</size>
         <input_file_ref idref="fl-6"/>
      </object_component>
      <object_component id="oc-3e">
         <name>.text</name>
         <load_address>0x1758</load_address>
         <run_address>0x1758</run_address>
         <size>0x9c</size>
         <input_file_ref idref="fl-c9"/>
      </object_component>
      <object_component id="oc-96">
         <name>.text</name>
         <load_address>0x17f4</load_address>
         <run_address>0x17f4</run_address>
         <size>0x7a</size>
         <input_file_ref idref="fl-d4"/>
      </object_component>
      <object_component id="oc-1ce">
         <name>.text:_nop</name>
         <load_address>0x186e</load_address>
         <run_address>0x186e</run_address>
         <size>0x2</size>
         <input_file_ref idref="fl-da"/>
      </object_component>
      <object_component id="oc-25b">
         <name>.text:split</name>
         <load_address>0x1870</load_address>
         <run_address>0x1870</run_address>
         <size>0x70</size>
         <input_file_ref idref="fl-cd"/>
      </object_component>
      <object_component id="oc-19d">
         <name>.text</name>
         <load_address>0x18e0</load_address>
         <run_address>0x18e0</run_address>
         <size>0x6e</size>
         <input_file_ref idref="fl-c6"/>
      </object_component>
      <object_component id="oc-15">
         <name>.text:decompress:lzss:__TI_decompress_lzss</name>
         <load_address>0x194e</load_address>
         <run_address>0x194e</run_address>
         <size>0x68</size>
         <input_file_ref idref="fl-cc"/>
      </object_component>
      <object_component id="oc-ea">
         <name>.text:__TI_auto_init_nobinit_nopinit:__TI_auto_init_nobinit_nopinit</name>
         <load_address>0x19b8</load_address>
         <run_address>0x19b8</run_address>
         <size>0x44</size>
         <input_file_ref idref="fl-d6"/>
      </object_component>
      <object_component id="oc-15e">
         <name>.text:calloc</name>
         <load_address>0x19fc</load_address>
         <run_address>0x19fc</run_address>
         <size>0x38</size>
         <input_file_ref idref="fl-cd"/>
      </object_component>
      <object_component id="oc-1a2">
         <name>.text</name>
         <load_address>0x1a34</load_address>
         <run_address>0x1a34</run_address>
         <size>0x38</size>
         <input_file_ref idref="fl-c7"/>
      </object_component>
      <object_component id="oc-177">
         <name>.text:IntRegister</name>
         <load_address>0x1a6c</load_address>
         <run_address>0x1a6c</run_address>
         <size>0x34</size>
         <input_file_ref idref="fl-e8"/>
      </object_component>
      <object_component id="oc-5c">
         <name>.text:_c_int00_noargs:_c_int00_noargs</name>
         <load_address>0x1aa0</load_address>
         <run_address>0x1aa0</run_address>
         <size>0x34</size>
         <input_file_ref idref="fl-d0"/>
      </object_component>
      <object_component id="oc-190">
         <name>.text</name>
         <load_address>0x1ad4</load_address>
         <run_address>0x1ad4</run_address>
         <size>0x2e</size>
         <input_file_ref idref="fl-c8"/>
      </object_component>
      <object_component id="oc-1fa">
         <name>.text:free_list_insert</name>
         <load_address>0x1b04</load_address>
         <run_address>0x1b04</run_address>
         <size>0x28</size>
         <input_file_ref idref="fl-cd"/>
      </object_component>
      <object_component id="oc-4a">
         <name>.text:decompress:ZI:__TI_zero_init_nomemset:__TI_zero_init_nomemset</name>
         <load_address>0x1b2c</load_address>
         <run_address>0x1b2c</run_address>
         <size>0x1c</size>
         <input_file_ref idref="fl-ca"/>
      </object_component>
      <object_component id="oc-1f4">
         <name>.text:free_list_remove</name>
         <load_address>0x1b48</load_address>
         <run_address>0x1b48</run_address>
         <size>0x1c</size>
         <input_file_ref idref="fl-cd"/>
      </object_component>
      <object_component id="oc-16a">
         <name>.text:oi_parseInt</name>
         <load_address>0x1b64</load_address>
         <run_address>0x1b64</run_address>
         <size>0x18</size>
         <input_file_ref idref="fl-5"/>
      </object_component>
      <object_component id="oc-171">
         <name>.text:strcmp</name>
         <load_address>0x1b7c</load_address>
         <run_address>0x1b7c</run_address>
         <size>0x18</size>
         <input_file_ref idref="fl-ce"/>
      </object_component>
      <object_component id="oc-17d">
         <name>.text:IntMasterEnable</name>
         <load_address>0x1b94</load_address>
         <run_address>0x1b94</run_address>
         <size>0x10</size>
         <input_file_ref idref="fl-e8"/>
      </object_component>
      <object_component id="oc-1b">
         <name>.text:decompress:none:__TI_decompress_none</name>
         <load_address>0x1ba4</load_address>
         <run_address>0x1ba4</run_address>
         <size>0xe</size>
         <input_file_ref idref="fl-cb"/>
      </object_component>
      <object_component id="oc-20d">
         <name>.text:CPUcpsie</name>
         <load_address>0x1bb2</load_address>
         <run_address>0x1bb2</run_address>
         <size>0xc</size>
         <input_file_ref idref="fl-e9"/>
      </object_component>
      <object_component id="oc-2a">
         <name>.text</name>
         <load_address>0x1bbe</load_address>
         <run_address>0x1bbe</run_address>
         <size>0xc</size>
         <input_file_ref idref="fl-7"/>
      </object_component>
      <object_component id="oc-a2">
         <name>.text</name>
         <load_address>0x1bca</load_address>
         <run_address>0x1bca</run_address>
         <size>0x8</size>
         <input_file_ref idref="fl-4"/>
      </object_component>
      <object_component id="oc-1ed">
         <name>.text:malloc</name>
         <load_address>0x1bd2</load_address>
         <run_address>0x1bd2</run_address>
         <size>0x8</size>
         <input_file_ref idref="fl-cd"/>
      </object_component>
      <object_component id="oc-9c">
         <name>.text:_system_pre_init</name>
         <load_address>0x1bda</load_address>
         <run_address>0x1bda</run_address>
         <size>0x4</size>
         <input_file_ref idref="fl-d7"/>
      </object_component>
      <object_component id="oc-de">
         <name>.text:abort:abort</name>
         <load_address>0x1bde</load_address>
         <run_address>0x1bde</run_address>
         <size>0x4</size>
         <input_file_ref idref="fl-d9"/>
      </object_component>
      <object_component id="oc-12a">
         <name>.const:.string:$P$T0$1</name>
         <load_address>0x1be2</load_address>
         <run_address>0x1be2</run_address>
         <size>0x10</size>
         <input_file_ref idref="fl-6"/>
      </object_component>
      <object_component id="oc-133">
         <name>.const:.string:$P$T3$4</name>
         <load_address>0x1bf2</load_address>
         <run_address>0x1bf2</run_address>
         <size>0x10</size>
         <input_file_ref idref="fl-6"/>
      </object_component>
      <object_component id="oc-19a">
         <name>.const:.string:$P$T0$3</name>
         <load_address>0x1c02</load_address>
         <run_address>0x1c02</run_address>
         <size>0xf</size>
         <input_file_ref idref="fl-5"/>
      </object_component>
      <object_component id="oc-12d">
         <name>.const:.string:$P$T1$2</name>
         <load_address>0x1c11</load_address>
         <run_address>0x1c11</run_address>
         <size>0xe</size>
         <input_file_ref idref="fl-6"/>
      </object_component>
      <object_component id="oc-136">
         <name>.const:.string:$P$T4$5</name>
         <load_address>0x1c1f</load_address>
         <run_address>0x1c1f</run_address>
         <size>0xe</size>
         <input_file_ref idref="fl-6"/>
      </object_component>
      <object_component id="oc-130">
         <name>.const:.string:$P$T2$3</name>
         <load_address>0x1c2d</load_address>
         <run_address>0x1c2d</run_address>
         <size>0xa</size>
         <input_file_ref idref="fl-6"/>
      </object_component>
      <object_component id="oc-139">
         <name>.const:.string:$P$T5$6</name>
         <load_address>0x1c37</load_address>
         <run_address>0x1c37</run_address>
         <size>0xa</size>
         <input_file_ref idref="fl-6"/>
      </object_component>
      <object_component id="oc-291">
         <name>.cinit..data.load</name>
         <load_address>0x1c48</load_address>
         <run_address>0x1c48</run_address>
         <size>0x18</size>
      </object_component>
      <object_component id="oc-28e">
         <name>__TI_handler_table</name>
         <load_address>0x1c60</load_address>
         <run_address>0x1c60</run_address>
         <size>0xc</size>
      </object_component>
      <object_component id="oc-292">
         <name>.cinit..bss.load</name>
         <load_address>0x1c70</load_address>
         <run_address>0x1c70</run_address>
         <size>0x8</size>
      </object_component>
      <object_component id="oc-290">
         <name>.cinit..vtable.load</name>
         <load_address>0x1c78</load_address>
         <run_address>0x1c78</run_address>
         <size>0x8</size>
      </object_component>
      <object_component id="oc-28f">
         <name>__TI_cinit_table</name>
         <load_address>0x1c80</load_address>
         <run_address>0x1c80</run_address>
         <size>0x18</size>
      </object_component>
      <object_component id="oc-203">
         <name>.vtable</name>
         <uninitialized>true</uninitialized>
         <run_address>0x20000000</run_address>
         <size>0x26c</size>
         <input_file_ref idref="fl-e8"/>
      </object_component>
      <object_component id="oc-1af">
         <name>.data</name>
         <load_address>0x20001aa0</load_address>
         <run_address>0x20001aa0</run_address>
         <size>0x1</size>
         <input_file_ref idref="fl-2"/>
      </object_component>
      <object_component id="oc-183">
         <name>.data</name>
         <load_address>0x20001a70</load_address>
         <run_address>0x20001a70</run_address>
         <size>0x20</size>
         <input_file_ref idref="fl-5"/>
      </object_component>
      <object_component id="oc-23e">
         <name>.data:$O1$$</name>
         <load_address>0x20001a98</load_address>
         <run_address>0x20001a98</run_address>
         <size>0x8</size>
         <input_file_ref idref="fl-cd"/>
      </object_component>
      <object_component id="oc-142">
         <name>.data:$O1$$</name>
         <load_address>0x20001a90</load_address>
         <run_address>0x20001a90</run_address>
         <size>0x8</size>
         <input_file_ref idref="fl-da"/>
      </object_component>
      <object_component id="oc-1a7">
         <name>.bss:firmware$2</name>
         <uninitialized>true</uninitialized>
         <run_address>0x20001aa4</run_address>
         <size>0x18</size>
         <input_file_ref idref="fl-5"/>
      </object_component>
      <object_component id="oc-1b2">
         <name>.common:_timeout_ticks</name>
         <uninitialized>true</uninitialized>
         <run_address>0x20001abc</run_address>
         <size>0x4</size>
      </object_component>
      <object_component id="oc-24">
         <name>.sysmem</name>
         <uninitialized>true</uninitialized>
         <run_address>0x20001270</run_address>
         <size>0x10</size>
         <input_file_ref idref="fl-cd"/>
      </object_component>
      <object_component id="oc-295">
         <name>.sysmem</name>
         <uninitialized>true</uninitialized>
         <run_address>0x20001270</run_address>
         <size>0x0</size>
      </object_component>
      <object_component id="oc-27">
         <name>.stack</name>
         <uninitialized>true</uninitialized>
         <run_address>0x20000270</run_address>
         <size>0x4</size>
         <input_file_ref idref="fl-d0"/>
      </object_component>
      <object_component id="oc-294">
         <name>.stack</name>
         <uninitialized>true</uninitialized>
         <run_address>0x20000270</run_address>
         <size>0x0</size>
      </object_component>
      <object_component id="oc-c5">
         <name>.debug_info</name>
         <load_address>0x0</load_address>
         <run_address>0x0</run_address>
         <size>0x2be</size>
         <input_file_ref idref="fl-2"/>
      </object_component>
      <object_component id="oc-1b0">
         <name>.debug_info</name>
         <load_address>0x2be</load_address>
         <run_address>0x2be</run_address>
         <size>0xcc</size>
         <input_file_ref idref="fl-2"/>
      </object_component>
      <object_component id="oc-126">
         <name>.debug_info</name>
         <load_address>0x38a</load_address>
         <run_address>0x38a</run_address>
         <size>0x514</size>
         <input_file_ref idref="fl-2"/>
      </object_component>
      <object_component id="oc-77">
         <name>.debug_info</name>
         <load_address>0x89e</load_address>
         <run_address>0x89e</run_address>
         <size>0x26b</size>
         <input_file_ref idref="fl-2"/>
      </object_component>
      <object_component id="oc-39">
         <name>.debug_info</name>
         <load_address>0xb09</load_address>
         <run_address>0xb09</run_address>
         <size>0x84</size>
         <input_file_ref idref="fl-2"/>
      </object_component>
      <object_component id="oc-c0">
         <name>.debug_info</name>
         <load_address>0xb8d</load_address>
         <run_address>0xb8d</run_address>
         <size>0x2a4</size>
         <input_file_ref idref="fl-2"/>
      </object_component>
      <object_component id="oc-7c">
         <name>.debug_info</name>
         <load_address>0xe31</load_address>
         <run_address>0xe31</run_address>
         <size>0xbb</size>
         <input_file_ref idref="fl-2"/>
      </object_component>
      <object_component id="oc-227">
         <name>.debug_info</name>
         <load_address>0xeec</load_address>
         <run_address>0xeec</run_address>
         <size>0x38c</size>
         <input_file_ref idref="fl-3"/>
      </object_component>
      <object_component id="oc-220">
         <name>.debug_info</name>
         <load_address>0x1278</load_address>
         <run_address>0x1278</run_address>
         <size>0xcc</size>
         <input_file_ref idref="fl-3"/>
      </object_component>
      <object_component id="oc-256">
         <name>.debug_info</name>
         <load_address>0x1344</load_address>
         <run_address>0x1344</run_address>
         <size>0x2c</size>
         <input_file_ref idref="fl-3"/>
      </object_component>
      <object_component id="oc-1c7">
         <name>.debug_info</name>
         <load_address>0x1370</load_address>
         <run_address>0x1370</run_address>
         <size>0x35</size>
         <input_file_ref idref="fl-3"/>
      </object_component>
      <object_component id="oc-a3">
         <name>.debug_info</name>
         <load_address>0x13a5</load_address>
         <run_address>0x13a5</run_address>
         <size>0xfb</size>
         <input_file_ref idref="fl-4"/>
      </object_component>
      <object_component id="oc-1c2">
         <name>.debug_info</name>
         <load_address>0x14a0</load_address>
         <run_address>0x14a0</run_address>
         <size>0x5aa</size>
         <input_file_ref idref="fl-4"/>
      </object_component>
      <object_component id="oc-1a9">
         <name>.debug_info</name>
         <load_address>0x1a4a</load_address>
         <run_address>0x1a4a</run_address>
         <size>0x409</size>
         <input_file_ref idref="fl-5"/>
      </object_component>
      <object_component id="oc-184">
         <name>.debug_info</name>
         <load_address>0x1e53</load_address>
         <run_address>0x1e53</run_address>
         <size>0x11e</size>
         <input_file_ref idref="fl-5"/>
      </object_component>
      <object_component id="oc-19b">
         <name>.debug_info</name>
         <load_address>0x1f71</load_address>
         <run_address>0x1f71</run_address>
         <size>0xd3</size>
         <input_file_ref idref="fl-5"/>
      </object_component>
      <object_component id="oc-16b">
         <name>.debug_info</name>
         <load_address>0x2044</load_address>
         <run_address>0x2044</run_address>
         <size>0x14b</size>
         <input_file_ref idref="fl-5"/>
      </object_component>
      <object_component id="oc-11f">
         <name>.debug_info</name>
         <load_address>0x218f</load_address>
         <run_address>0x218f</run_address>
         <size>0x196f</size>
         <input_file_ref idref="fl-5"/>
      </object_component>
      <object_component id="oc-1aa">
         <name>.debug_info</name>
         <load_address>0x3afe</load_address>
         <run_address>0x3afe</run_address>
         <size>0x8b</size>
         <input_file_ref idref="fl-5"/>
      </object_component>
      <object_component id="oc-13d">
         <name>.debug_info</name>
         <load_address>0x3b89</load_address>
         <run_address>0x3b89</run_address>
         <size>0x3e1</size>
         <input_file_ref idref="fl-6"/>
      </object_component>
      <object_component id="oc-12b">
         <name>.debug_info</name>
         <load_address>0x3f6a</load_address>
         <run_address>0x3f6a</run_address>
         <size>0xcb</size>
         <input_file_ref idref="fl-6"/>
      </object_component>
      <object_component id="oc-12e">
         <name>.debug_info</name>
         <load_address>0x4035</load_address>
         <run_address>0x4035</run_address>
         <size>0xcb</size>
         <input_file_ref idref="fl-6"/>
      </object_component>
      <object_component id="oc-131">
         <name>.debug_info</name>
         <load_address>0x4100</load_address>
         <run_address>0x4100</run_address>
         <size>0xcb</size>
         <input_file_ref idref="fl-6"/>
      </object_component>
      <object_component id="oc-134">
         <name>.debug_info</name>
         <load_address>0x41cb</load_address>
         <run_address>0x41cb</run_address>
         <size>0xcb</size>
         <input_file_ref idref="fl-6"/>
      </object_component>
      <object_component id="oc-137">
         <name>.debug_info</name>
         <load_address>0x4296</load_address>
         <run_address>0x4296</run_address>
         <size>0xcb</size>
         <input_file_ref idref="fl-6"/>
      </object_component>
      <object_component id="oc-13a">
         <name>.debug_info</name>
         <load_address>0x4361</load_address>
         <run_address>0x4361</run_address>
         <size>0xcb</size>
         <input_file_ref idref="fl-6"/>
      </object_component>
      <object_component id="oc-d8">
         <name>.debug_info</name>
         <load_address>0x442c</load_address>
         <run_address>0x442c</run_address>
         <size>0x2b0</size>
         <input_file_ref idref="fl-6"/>
      </object_component>
      <object_component id="oc-32">
         <name>.debug_info</name>
         <load_address>0x46dc</load_address>
         <run_address>0x46dc</run_address>
         <size>0x2a8</size>
         <input_file_ref idref="fl-7"/>
      </object_component>
      <object_component id="oc-13">
         <name>.debug_info</name>
         <load_address>0x4984</load_address>
         <run_address>0x4984</run_address>
         <size>0xe7</size>
         <input_file_ref idref="fl-7"/>
      </object_component>
      <object_component id="oc-2b">
         <name>.debug_info</name>
         <load_address>0x4a6b</load_address>
         <run_address>0x4a6b</run_address>
         <size>0x263</size>
         <input_file_ref idref="fl-7"/>
      </object_component>
      <object_component id="oc-196">
         <name>.debug_info</name>
         <load_address>0x4cce</load_address>
         <run_address>0x4cce</run_address>
         <size>0x14c</size>
         <input_file_ref idref="fl-c3"/>
      </object_component>
      <object_component id="oc-18d">
         <name>.debug_info</name>
         <load_address>0x4e1a</load_address>
         <run_address>0x4e1a</run_address>
         <size>0x13a</size>
         <input_file_ref idref="fl-c4"/>
      </object_component>
      <object_component id="oc-188">
         <name>.debug_info</name>
         <load_address>0x4f54</load_address>
         <run_address>0x4f54</run_address>
         <size>0x13a</size>
         <input_file_ref idref="fl-c5"/>
      </object_component>
      <object_component id="oc-19f">
         <name>.debug_info</name>
         <load_address>0x508e</load_address>
         <run_address>0x508e</run_address>
         <size>0x13e</size>
         <input_file_ref idref="fl-c6"/>
      </object_component>
      <object_component id="oc-1a5">
         <name>.debug_info</name>
         <load_address>0x51cc</load_address>
         <run_address>0x51cc</run_address>
         <size>0x12c</size>
         <input_file_ref idref="fl-c7"/>
      </object_component>
      <object_component id="oc-192">
         <name>.debug_info</name>
         <load_address>0x52f8</load_address>
         <run_address>0x52f8</run_address>
         <size>0x12c</size>
         <input_file_ref idref="fl-c8"/>
      </object_component>
      <object_component id="oc-3f">
         <name>.debug_info</name>
         <load_address>0x5424</load_address>
         <run_address>0x5424</run_address>
         <size>0x119</size>
         <input_file_ref idref="fl-c9"/>
      </object_component>
      <object_component id="oc-95">
         <name>.debug_info</name>
         <load_address>0x553d</load_address>
         <run_address>0x553d</run_address>
         <size>0x2d4</size>
         <input_file_ref idref="fl-ca"/>
      </object_component>
      <object_component id="oc-4c">
         <name>.debug_info</name>
         <load_address>0x5811</load_address>
         <run_address>0x5811</run_address>
         <size>0x1d2</size>
         <input_file_ref idref="fl-ca"/>
      </object_component>
      <object_component id="oc-90">
         <name>.debug_info</name>
         <load_address>0x59e3</load_address>
         <run_address>0x59e3</run_address>
         <size>0x46</size>
         <input_file_ref idref="fl-ca"/>
      </object_component>
      <object_component id="oc-ce">
         <name>.debug_info</name>
         <load_address>0x5a29</load_address>
         <run_address>0x5a29</run_address>
         <size>0x2c</size>
         <input_file_ref idref="fl-ca"/>
      </object_component>
      <object_component id="oc-49">
         <name>.debug_info</name>
         <load_address>0x5a55</load_address>
         <run_address>0x5a55</run_address>
         <size>0x2a8</size>
         <input_file_ref idref="fl-cb"/>
      </object_component>
      <object_component id="oc-1d">
         <name>.debug_info</name>
         <load_address>0x5cfd</load_address>
         <run_address>0x5cfd</run_address>
         <size>0x1ea</size>
         <input_file_ref idref="fl-cb"/>
      </object_component>
      <object_component id="oc-44">
         <name>.debug_info</name>
         <load_address>0x5ee7</load_address>
         <run_address>0x5ee7</run_address>
         <size>0x46</size>
         <input_file_ref idref="fl-cb"/>
      </object_component>
      <object_component id="oc-88">
         <name>.debug_info</name>
         <load_address>0x5f2d</load_address>
         <run_address>0x5f2d</run_address>
         <size>0x2c</size>
         <input_file_ref idref="fl-cb"/>
      </object_component>
      <object_component id="oc-86">
         <name>.debug_info</name>
         <load_address>0x5f59</load_address>
         <run_address>0x5f59</run_address>
         <size>0x29e</size>
         <input_file_ref idref="fl-cc"/>
      </object_component>
      <object_component id="oc-18">
         <name>.debug_info</name>
         <load_address>0x61f7</load_address>
         <run_address>0x61f7</run_address>
         <size>0x250</size>
         <input_file_ref idref="fl-cc"/>
      </object_component>
      <object_component id="oc-34">
         <name>.debug_info</name>
         <load_address>0x6447</load_address>
         <run_address>0x6447</run_address>
         <size>0x60</size>
         <input_file_ref idref="fl-cc"/>
      </object_component>
      <object_component id="oc-c7">
         <name>.debug_info</name>
         <load_address>0x64a7</load_address>
         <run_address>0x64a7</run_address>
         <size>0x46</size>
         <input_file_ref idref="fl-cc"/>
      </object_component>
      <object_component id="oc-81">
         <name>.debug_info</name>
         <load_address>0x64ed</load_address>
         <run_address>0x64ed</run_address>
         <size>0x39</size>
         <input_file_ref idref="fl-cc"/>
      </object_component>
      <object_component id="oc-70">
         <name>.debug_info</name>
         <load_address>0x6526</load_address>
         <run_address>0x6526</run_address>
         <size>0x3b2</size>
         <input_file_ref idref="fl-cd"/>
      </object_component>
      <object_component id="oc-25">
         <name>.debug_info</name>
         <load_address>0x68d8</load_address>
         <run_address>0x68d8</run_address>
         <size>0x10c</size>
         <input_file_ref idref="fl-cd"/>
      </object_component>
      <object_component id="oc-23f">
         <name>.debug_info</name>
         <load_address>0x69e4</load_address>
         <run_address>0x69e4</run_address>
         <size>0x13f</size>
         <input_file_ref idref="fl-cd"/>
      </object_component>
      <object_component id="oc-1f1">
         <name>.debug_info</name>
         <load_address>0x6b23</load_address>
         <run_address>0x6b23</run_address>
         <size>0x168</size>
         <input_file_ref idref="fl-cd"/>
      </object_component>
      <object_component id="oc-1f8">
         <name>.debug_info</name>
         <load_address>0x6c8b</load_address>
         <run_address>0x6c8b</run_address>
         <size>0x18e</size>
         <input_file_ref idref="fl-cd"/>
      </object_component>
      <object_component id="oc-1fe">
         <name>.debug_info</name>
         <load_address>0x6e19</load_address>
         <run_address>0x6e19</run_address>
         <size>0x19f</size>
         <input_file_ref idref="fl-cd"/>
      </object_component>
      <object_component id="oc-168">
         <name>.debug_info</name>
         <load_address>0x6fb8</load_address>
         <run_address>0x6fb8</run_address>
         <size>0x203</size>
         <input_file_ref idref="fl-cd"/>
      </object_component>
      <object_component id="oc-25f">
         <name>.debug_info</name>
         <load_address>0x71bb</load_address>
         <run_address>0x71bb</run_address>
         <size>0x1db</size>
         <input_file_ref idref="fl-cd"/>
      </object_component>
      <object_component id="oc-162">
         <name>.debug_info</name>
         <load_address>0x7396</load_address>
         <run_address>0x7396</run_address>
         <size>0x1a5</size>
         <input_file_ref idref="fl-cd"/>
      </object_component>
      <object_component id="oc-23b">
         <name>.debug_info</name>
         <load_address>0x753b</load_address>
         <run_address>0x753b</run_address>
         <size>0x299</size>
         <input_file_ref idref="fl-cd"/>
      </object_component>
      <object_component id="oc-bb">
         <name>.debug_info</name>
         <load_address>0x77d4</load_address>
         <run_address>0x77d4</run_address>
         <size>0xb2</size>
         <input_file_ref idref="fl-cd"/>
      </object_component>
      <object_component id="oc-b6">
         <name>.debug_info</name>
         <load_address>0x7886</load_address>
         <run_address>0x7886</run_address>
         <size>0x2c</size>
         <input_file_ref idref="fl-cd"/>
      </object_component>
      <object_component id="oc-202">
         <name>.debug_info</name>
         <load_address>0x78b2</load_address>
         <run_address>0x78b2</run_address>
         <size>0x28a</size>
         <input_file_ref idref="fl-ce"/>
      </object_component>
      <object_component id="oc-173">
         <name>.debug_info</name>
         <load_address>0x7b3c</load_address>
         <run_address>0x7b3c</run_address>
         <size>0x273</size>
         <input_file_ref idref="fl-ce"/>
      </object_component>
      <object_component id="oc-28">
         <name>.debug_info</name>
         <load_address>0x7daf</load_address>
         <run_address>0x7daf</run_address>
         <size>0x10b</size>
         <input_file_ref idref="fl-d0"/>
      </object_component>
      <object_component id="oc-60">
         <name>.debug_info</name>
         <load_address>0x7eba</load_address>
         <run_address>0x7eba</run_address>
         <size>0x1a9</size>
         <input_file_ref idref="fl-d0"/>
      </object_component>
      <object_component id="oc-97">
         <name>.debug_info</name>
         <load_address>0x8063</load_address>
         <run_address>0x8063</run_address>
         <size>0x147</size>
         <input_file_ref idref="fl-d4"/>
      </object_component>
      <object_component id="oc-149">
         <name>.debug_info</name>
         <load_address>0x81aa</load_address>
         <run_address>0x81aa</run_address>
         <size>0x4b3</size>
         <input_file_ref idref="fl-d6"/>
      </object_component>
      <object_component id="oc-eb">
         <name>.debug_info</name>
         <load_address>0x865d</load_address>
         <run_address>0x865d</run_address>
         <size>0x1a6</size>
         <input_file_ref idref="fl-d6"/>
      </object_component>
      <object_component id="oc-1dc">
         <name>.debug_info</name>
         <load_address>0x8803</load_address>
         <run_address>0x8803</run_address>
         <size>0x39</size>
         <input_file_ref idref="fl-d6"/>
      </object_component>
      <object_component id="oc-22b">
         <name>.debug_info</name>
         <load_address>0x883c</load_address>
         <run_address>0x883c</run_address>
         <size>0x39</size>
         <input_file_ref idref="fl-d6"/>
      </object_component>
      <object_component id="oc-1e1">
         <name>.debug_info</name>
         <load_address>0x8875</load_address>
         <run_address>0x8875</run_address>
         <size>0x39</size>
         <input_file_ref idref="fl-d6"/>
      </object_component>
      <object_component id="oc-1e6">
         <name>.debug_info</name>
         <load_address>0x88ae</load_address>
         <run_address>0x88ae</run_address>
         <size>0xcd</size>
         <input_file_ref idref="fl-d6"/>
      </object_component>
      <object_component id="oc-9f">
         <name>.debug_info</name>
         <load_address>0x897b</load_address>
         <run_address>0x897b</run_address>
         <size>0x153</size>
         <input_file_ref idref="fl-d7"/>
      </object_component>
      <object_component id="oc-e1">
         <name>.debug_info</name>
         <load_address>0x8ace</load_address>
         <run_address>0x8ace</run_address>
         <size>0x122</size>
         <input_file_ref idref="fl-d9"/>
      </object_component>
      <object_component id="oc-1d6">
         <name>.debug_info</name>
         <load_address>0x8bf0</load_address>
         <run_address>0x8bf0</run_address>
         <size>0x2c9</size>
         <input_file_ref idref="fl-da"/>
      </object_component>
      <object_component id="oc-143">
         <name>.debug_info</name>
         <load_address>0x8eb9</load_address>
         <run_address>0x8eb9</run_address>
         <size>0x11e</size>
         <input_file_ref idref="fl-da"/>
      </object_component>
      <object_component id="oc-1d2">
         <name>.debug_info</name>
         <load_address>0x8fd7</load_address>
         <run_address>0x8fd7</run_address>
         <size>0x12e</size>
         <input_file_ref idref="fl-da"/>
      </object_component>
      <object_component id="oc-20c">
         <name>.debug_info</name>
         <load_address>0x9105</load_address>
         <run_address>0x9105</run_address>
         <size>0x3b7</size>
         <input_file_ref idref="fl-e8"/>
      </object_component>
      <object_component id="oc-204">
         <name>.debug_info</name>
         <load_address>0x94bc</load_address>
         <run_address>0x94bc</run_address>
         <size>0x160</size>
         <input_file_ref idref="fl-e8"/>
      </object_component>
      <object_component id="oc-178">
         <name>.debug_info</name>
         <load_address>0x961c</load_address>
         <run_address>0x961c</run_address>
         <size>0x2ca</size>
         <input_file_ref idref="fl-e8"/>
      </object_component>
      <object_component id="oc-17e">
         <name>.debug_info</name>
         <load_address>0x98e6</load_address>
         <run_address>0x98e6</run_address>
         <size>0x247</size>
         <input_file_ref idref="fl-e8"/>
      </object_component>
      <object_component id="oc-24e">
         <name>.debug_info</name>
         <load_address>0x9b2d</load_address>
         <run_address>0x9b2d</run_address>
         <size>0x26b</size>
         <input_file_ref idref="fl-e8"/>
      </object_component>
      <object_component id="oc-247">
         <name>.debug_info</name>
         <load_address>0x9d98</load_address>
         <run_address>0x9d98</run_address>
         <size>0x297</size>
         <input_file_ref idref="fl-e8"/>
      </object_component>
      <object_component id="oc-207">
         <name>.debug_info</name>
         <load_address>0xa02f</load_address>
         <run_address>0xa02f</run_address>
         <size>0xbb</size>
         <input_file_ref idref="fl-e8"/>
      </object_component>
      <object_component id="oc-20e">
         <name>.debug_info</name>
         <load_address>0xa0ea</load_address>
         <run_address>0xa0ea</run_address>
         <size>0x21b</size>
         <input_file_ref idref="fl-e9"/>
      </object_component>
      <object_component id="oc-296">
         <name>.debug_info</name>
         <load_address>0xa305</load_address>
         <run_address>0xa305</run_address>
         <size>0x9a</size>
      </object_component>
      <object_component id="oc-11d">
         <name>.debug_line</name>
         <load_address>0x0</load_address>
         <run_address>0x0</run_address>
         <size>0x69</size>
         <input_file_ref idref="fl-2"/>
      </object_component>
      <object_component id="oc-226">
         <name>.debug_line</name>
         <load_address>0x69</load_address>
         <run_address>0x69</run_address>
         <size>0x2e</size>
         <input_file_ref idref="fl-2"/>
      </object_component>
      <object_component id="oc-129">
         <name>.debug_line</name>
         <load_address>0x97</load_address>
         <run_address>0x97</run_address>
         <size>0x179</size>
         <input_file_ref idref="fl-2"/>
      </object_component>
      <object_component id="oc-7a">
         <name>.debug_line</name>
         <load_address>0x210</load_address>
         <run_address>0x210</run_address>
         <size>0x6f</size>
         <input_file_ref idref="fl-2"/>
      </object_component>
      <object_component id="oc-3c">
         <name>.debug_line</name>
         <load_address>0x27f</load_address>
         <run_address>0x27f</run_address>
         <size>0x20</size>
         <input_file_ref idref="fl-2"/>
      </object_component>
      <object_component id="oc-c3">
         <name>.debug_line</name>
         <load_address>0x29f</load_address>
         <run_address>0x29f</run_address>
         <size>0x73</size>
         <input_file_ref idref="fl-2"/>
      </object_component>
      <object_component id="oc-7f">
         <name>.debug_line</name>
         <load_address>0x312</load_address>
         <run_address>0x312</run_address>
         <size>0x70</size>
         <input_file_ref idref="fl-2"/>
      </object_component>
      <object_component id="oc-255">
         <name>.debug_line</name>
         <load_address>0x382</load_address>
         <run_address>0x382</run_address>
         <size>0xc3</size>
         <input_file_ref idref="fl-3"/>
      </object_component>
      <object_component id="oc-223">
         <name>.debug_line</name>
         <load_address>0x445</load_address>
         <run_address>0x445</run_address>
         <size>0x6a</size>
         <input_file_ref idref="fl-3"/>
      </object_component>
      <object_component id="oc-259">
         <name>.debug_line</name>
         <load_address>0x4af</load_address>
         <run_address>0x4af</run_address>
         <size>0x6b</size>
         <input_file_ref idref="fl-3"/>
      </object_component>
      <object_component id="oc-1ca">
         <name>.debug_line</name>
         <load_address>0x51a</load_address>
         <run_address>0x51a</run_address>
         <size>0x74</size>
         <input_file_ref idref="fl-3"/>
      </object_component>
      <object_component id="oc-a6">
         <name>.debug_line</name>
         <load_address>0x58e</load_address>
         <run_address>0x58e</run_address>
         <size>0x42</size>
         <input_file_ref idref="fl-4"/>
      </object_component>
      <object_component id="oc-1c5">
         <name>.debug_line</name>
         <load_address>0x5d0</load_address>
         <run_address>0x5d0</run_address>
         <size>0x37</size>
         <input_file_ref idref="fl-4"/>
      </object_component>
      <object_component id="oc-21f">
         <name>.debug_line</name>
         <load_address>0x607</load_address>
         <run_address>0x607</run_address>
         <size>0xff</size>
         <input_file_ref idref="fl-5"/>
      </object_component>
      <object_component id="oc-215">
         <name>.debug_line</name>
         <load_address>0x706</load_address>
         <run_address>0x706</run_address>
         <size>0x37</size>
         <input_file_ref idref="fl-5"/>
      </object_component>
      <object_component id="oc-21b">
         <name>.debug_line</name>
         <load_address>0x73d</load_address>
         <run_address>0x73d</run_address>
         <size>0x37</size>
         <input_file_ref idref="fl-5"/>
      </object_component>
      <object_component id="oc-16e">
         <name>.debug_line</name>
         <load_address>0x774</load_address>
         <run_address>0x774</run_address>
         <size>0x4f</size>
         <input_file_ref idref="fl-5"/>
      </object_component>
      <object_component id="oc-122">
         <name>.debug_line</name>
         <load_address>0x7c3</load_address>
         <run_address>0x7c3</run_address>
         <size>0x43d</size>
         <input_file_ref idref="fl-5"/>
      </object_component>
      <object_component id="oc-1ad">
         <name>.debug_line</name>
         <load_address>0xc00</load_address>
         <run_address>0xc00</run_address>
         <size>0x20</size>
         <input_file_ref idref="fl-5"/>
      </object_component>
      <object_component id="oc-1c1">
         <name>.debug_line</name>
         <load_address>0xc20</load_address>
         <run_address>0xc20</run_address>
         <size>0x45</size>
         <input_file_ref idref="fl-6"/>
      </object_component>
      <object_component id="oc-1b5">
         <name>.debug_line</name>
         <load_address>0xc65</load_address>
         <run_address>0xc65</run_address>
         <size>0x30</size>
         <input_file_ref idref="fl-6"/>
      </object_component>
      <object_component id="oc-1b7">
         <name>.debug_line</name>
         <load_address>0xc95</load_address>
         <run_address>0xc95</run_address>
         <size>0x30</size>
         <input_file_ref idref="fl-6"/>
      </object_component>
      <object_component id="oc-1b9">
         <name>.debug_line</name>
         <load_address>0xcc5</load_address>
         <run_address>0xcc5</run_address>
         <size>0x30</size>
         <input_file_ref idref="fl-6"/>
      </object_component>
      <object_component id="oc-1bb">
         <name>.debug_line</name>
         <load_address>0xcf5</load_address>
         <run_address>0xcf5</run_address>
         <size>0x30</size>
         <input_file_ref idref="fl-6"/>
      </object_component>
      <object_component id="oc-1bd">
         <name>.debug_line</name>
         <load_address>0xd25</load_address>
         <run_address>0xd25</run_address>
         <size>0x30</size>
         <input_file_ref idref="fl-6"/>
      </object_component>
      <object_component id="oc-1bf">
         <name>.debug_line</name>
         <load_address>0xd55</load_address>
         <run_address>0xd55</run_address>
         <size>0x30</size>
         <input_file_ref idref="fl-6"/>
      </object_component>
      <object_component id="oc-db">
         <name>.debug_line</name>
         <load_address>0xd85</load_address>
         <run_address>0xd85</run_address>
         <size>0x61</size>
         <input_file_ref idref="fl-6"/>
      </object_component>
      <object_component id="oc-76">
         <name>.debug_line</name>
         <load_address>0xde6</load_address>
         <run_address>0xde6</run_address>
         <size>0x41</size>
         <input_file_ref idref="fl-7"/>
      </object_component>
      <object_component id="oc-31">
         <name>.debug_line</name>
         <load_address>0xe27</load_address>
         <run_address>0xe27</run_address>
         <size>0x41</size>
         <input_file_ref idref="fl-7"/>
      </object_component>
      <object_component id="oc-2e">
         <name>.debug_line</name>
         <load_address>0xe68</load_address>
         <run_address>0xe68</run_address>
         <size>0xa1</size>
         <input_file_ref idref="fl-7"/>
      </object_component>
      <object_component id="oc-199">
         <name>.debug_line</name>
         <load_address>0xf09</load_address>
         <run_address>0xf09</run_address>
         <size>0xd2</size>
         <input_file_ref idref="fl-c3"/>
      </object_component>
      <object_component id="oc-18c">
         <name>.debug_line</name>
         <load_address>0xfdb</load_address>
         <run_address>0xfdb</run_address>
         <size>0xa8</size>
         <input_file_ref idref="fl-c4"/>
      </object_component>
      <object_component id="oc-18a">
         <name>.debug_line</name>
         <load_address>0x1083</load_address>
         <run_address>0x1083</run_address>
         <size>0x8e</size>
         <input_file_ref idref="fl-c5"/>
      </object_component>
      <object_component id="oc-19e">
         <name>.debug_line</name>
         <load_address>0x1111</load_address>
         <run_address>0x1111</run_address>
         <size>0x67</size>
         <input_file_ref idref="fl-c6"/>
      </object_component>
      <object_component id="oc-1a3">
         <name>.debug_line</name>
         <load_address>0x1178</load_address>
         <run_address>0x1178</run_address>
         <size>0x57</size>
         <input_file_ref idref="fl-c7"/>
      </object_component>
      <object_component id="oc-191">
         <name>.debug_line</name>
         <load_address>0x11cf</load_address>
         <run_address>0x11cf</run_address>
         <size>0x50</size>
         <input_file_ref idref="fl-c8"/>
      </object_component>
      <object_component id="oc-42">
         <name>.debug_line</name>
         <load_address>0x121f</load_address>
         <run_address>0x121f</run_address>
         <size>0x88</size>
         <input_file_ref idref="fl-c9"/>
      </object_component>
      <object_component id="oc-d4">
         <name>.debug_line</name>
         <load_address>0x12a7</load_address>
         <run_address>0x12a7</run_address>
         <size>0x92</size>
         <input_file_ref idref="fl-ca"/>
      </object_component>
      <object_component id="oc-4e">
         <name>.debug_line</name>
         <load_address>0x1339</load_address>
         <run_address>0x1339</run_address>
         <size>0x4c</size>
         <input_file_ref idref="fl-ca"/>
      </object_component>
      <object_component id="oc-93">
         <name>.debug_line</name>
         <load_address>0x1385</load_address>
         <run_address>0x1385</run_address>
         <size>0x34</size>
         <input_file_ref idref="fl-ca"/>
      </object_component>
      <object_component id="oc-d1">
         <name>.debug_line</name>
         <load_address>0x13b9</load_address>
         <run_address>0x13b9</run_address>
         <size>0x92</size>
         <input_file_ref idref="fl-ca"/>
      </object_component>
      <object_component id="oc-8e">
         <name>.debug_line</name>
         <load_address>0x144b</load_address>
         <run_address>0x144b</run_address>
         <size>0x20</size>
         <input_file_ref idref="fl-cb"/>
      </object_component>
      <object_component id="oc-20">
         <name>.debug_line</name>
         <load_address>0x146b</load_address>
         <run_address>0x146b</run_address>
         <size>0x55</size>
         <input_file_ref idref="fl-cb"/>
      </object_component>
      <object_component id="oc-47">
         <name>.debug_line</name>
         <load_address>0x14c0</load_address>
         <run_address>0x14c0</run_address>
         <size>0x3a</size>
         <input_file_ref idref="fl-cb"/>
      </object_component>
      <object_component id="oc-8b">
         <name>.debug_line</name>
         <load_address>0x14fa</load_address>
         <run_address>0x14fa</run_address>
         <size>0x92</size>
         <input_file_ref idref="fl-cb"/>
      </object_component>
      <object_component id="oc-cd">
         <name>.debug_line</name>
         <load_address>0x158c</load_address>
         <run_address>0x158c</run_address>
         <size>0x20</size>
         <input_file_ref idref="fl-cc"/>
      </object_component>
      <object_component id="oc-17">
         <name>.debug_line</name>
         <load_address>0x15ac</load_address>
         <run_address>0x15ac</run_address>
         <size>0xa9</size>
         <input_file_ref idref="fl-cc"/>
      </object_component>
      <object_component id="oc-37">
         <name>.debug_line</name>
         <load_address>0x1655</load_address>
         <run_address>0x1655</run_address>
         <size>0x3a</size>
         <input_file_ref idref="fl-cc"/>
      </object_component>
      <object_component id="oc-ca">
         <name>.debug_line</name>
         <load_address>0x168f</load_address>
         <run_address>0x168f</run_address>
         <size>0x9a</size>
         <input_file_ref idref="fl-cc"/>
      </object_component>
      <object_component id="oc-84">
         <name>.debug_line</name>
         <load_address>0x1729</load_address>
         <run_address>0x1729</run_address>
         <size>0x96</size>
         <input_file_ref idref="fl-cc"/>
      </object_component>
      <object_component id="oc-b5">
         <name>.debug_line</name>
         <load_address>0x17bf</load_address>
         <run_address>0x17bf</run_address>
         <size>0x10f</size>
         <input_file_ref idref="fl-cd"/>
      </object_component>
      <object_component id="oc-6f">
         <name>.debug_line</name>
         <load_address>0x18ce</load_address>
         <run_address>0x18ce</run_address>
         <size>0x2c</size>
         <input_file_ref idref="fl-cd"/>
      </object_component>
      <object_component id="oc-263">
         <name>.debug_line</name>
         <load_address>0x18fa</load_address>
         <run_address>0x18fa</run_address>
         <size>0x2c</size>
         <input_file_ref idref="fl-cd"/>
      </object_component>
      <object_component id="oc-1f0">
         <name>.debug_line</name>
         <load_address>0x1926</load_address>
         <run_address>0x1926</run_address>
         <size>0x41</size>
         <input_file_ref idref="fl-cd"/>
      </object_component>
      <object_component id="oc-1f6">
         <name>.debug_line</name>
         <load_address>0x1967</load_address>
         <run_address>0x1967</run_address>
         <size>0x50</size>
         <input_file_ref idref="fl-cd"/>
      </object_component>
      <object_component id="oc-1fd">
         <name>.debug_line</name>
         <load_address>0x19b7</load_address>
         <run_address>0x19b7</run_address>
         <size>0x55</size>
         <input_file_ref idref="fl-cd"/>
      </object_component>
      <object_component id="oc-166">
         <name>.debug_line</name>
         <load_address>0x1a0c</load_address>
         <run_address>0x1a0c</run_address>
         <size>0xd0</size>
         <input_file_ref idref="fl-cd"/>
      </object_component>
      <object_component id="oc-25e">
         <name>.debug_line</name>
         <load_address>0x1adc</load_address>
         <run_address>0x1adc</run_address>
         <size>0x98</size>
         <input_file_ref idref="fl-cd"/>
      </object_component>
      <object_component id="oc-160">
         <name>.debug_line</name>
         <load_address>0x1b74</load_address>
         <run_address>0x1b74</run_address>
         <size>0x54</size>
         <input_file_ref idref="fl-cd"/>
      </object_component>
      <object_component id="oc-239">
         <name>.debug_line</name>
         <load_address>0x1bc8</load_address>
         <run_address>0x1bc8</run_address>
         <size>0x112</size>
         <input_file_ref idref="fl-cd"/>
      </object_component>
      <object_component id="oc-be">
         <name>.debug_line</name>
         <load_address>0x1cda</load_address>
         <run_address>0x1cda</run_address>
         <size>0x2c</size>
         <input_file_ref idref="fl-cd"/>
      </object_component>
      <object_component id="oc-b9">
         <name>.debug_line</name>
         <load_address>0x1d06</load_address>
         <run_address>0x1d06</run_address>
         <size>0x92</size>
         <input_file_ref idref="fl-cd"/>
      </object_component>
      <object_component id="oc-244">
         <name>.debug_line</name>
         <load_address>0x1d98</load_address>
         <run_address>0x1d98</run_address>
         <size>0x20</size>
         <input_file_ref idref="fl-ce"/>
      </object_component>
      <object_component id="oc-176">
         <name>.debug_line</name>
         <load_address>0x1db8</load_address>
         <run_address>0x1db8</run_address>
         <size>0xad</size>
         <input_file_ref idref="fl-ce"/>
      </object_component>
      <object_component id="oc-73">
         <name>.debug_line</name>
         <load_address>0x1e65</load_address>
         <run_address>0x1e65</run_address>
         <size>0x33</size>
         <input_file_ref idref="fl-d0"/>
      </object_component>
      <object_component id="oc-5e">
         <name>.debug_line</name>
         <load_address>0x1e98</load_address>
         <run_address>0x1e98</run_address>
         <size>0x45</size>
         <input_file_ref idref="fl-d0"/>
      </object_component>
      <object_component id="oc-9a">
         <name>.debug_line</name>
         <load_address>0x1edd</load_address>
         <run_address>0x1edd</run_address>
         <size>0x79</size>
         <input_file_ref idref="fl-d4"/>
      </object_component>
      <object_component id="oc-1db">
         <name>.debug_line</name>
         <load_address>0x1f56</load_address>
         <run_address>0x1f56</run_address>
         <size>0xbf</size>
         <input_file_ref idref="fl-d6"/>
      </object_component>
      <object_component id="oc-ee">
         <name>.debug_line</name>
         <load_address>0x2015</load_address>
         <run_address>0x2015</run_address>
         <size>0x6f</size>
         <input_file_ref idref="fl-d6"/>
      </object_component>
      <object_component id="oc-1df">
         <name>.debug_line</name>
         <load_address>0x2084</load_address>
         <run_address>0x2084</run_address>
         <size>0x2e</size>
         <input_file_ref idref="fl-d6"/>
      </object_component>
      <object_component id="oc-22e">
         <name>.debug_line</name>
         <load_address>0x20b2</load_address>
         <run_address>0x20b2</run_address>
         <size>0x9a</size>
         <input_file_ref idref="fl-d6"/>
      </object_component>
      <object_component id="oc-1e4">
         <name>.debug_line</name>
         <load_address>0x214c</load_address>
         <run_address>0x214c</run_address>
         <size>0x97</size>
         <input_file_ref idref="fl-d6"/>
      </object_component>
      <object_component id="oc-1e9">
         <name>.debug_line</name>
         <load_address>0x21e3</load_address>
         <run_address>0x21e3</run_address>
         <size>0x93</size>
         <input_file_ref idref="fl-d6"/>
      </object_component>
      <object_component id="oc-9d">
         <name>.debug_line</name>
         <load_address>0x2276</load_address>
         <run_address>0x2276</run_address>
         <size>0x40</size>
         <input_file_ref idref="fl-d7"/>
      </object_component>
      <object_component id="oc-df">
         <name>.debug_line</name>
         <load_address>0x22b6</load_address>
         <run_address>0x22b6</run_address>
         <size>0x3c</size>
         <input_file_ref idref="fl-d9"/>
      </object_component>
      <object_component id="oc-22a">
         <name>.debug_line</name>
         <load_address>0x22f2</load_address>
         <run_address>0x22f2</run_address>
         <size>0x20</size>
         <input_file_ref idref="fl-da"/>
      </object_component>
      <object_component id="oc-1d5">
         <name>.debug_line</name>
         <load_address>0x2312</load_address>
         <run_address>0x2312</run_address>
         <size>0x2b</size>
         <input_file_ref idref="fl-da"/>
      </object_component>
      <object_component id="oc-1d0">
         <name>.debug_line</name>
         <load_address>0x233d</load_address>
         <run_address>0x233d</run_address>
         <size>0x3a</size>
         <input_file_ref idref="fl-da"/>
      </object_component>
      <object_component id="oc-24d">
         <name>.debug_line</name>
         <load_address>0x2377</load_address>
         <run_address>0x2377</run_address>
         <size>0x7c</size>
         <input_file_ref idref="fl-e8"/>
      </object_component>
      <object_component id="oc-246">
         <name>.debug_line</name>
         <load_address>0x23f3</load_address>
         <run_address>0x23f3</run_address>
         <size>0x82</size>
         <input_file_ref idref="fl-e8"/>
      </object_component>
      <object_component id="oc-17b">
         <name>.debug_line</name>
         <load_address>0x2475</load_address>
         <run_address>0x2475</run_address>
         <size>0xaf</size>
         <input_file_ref idref="fl-e8"/>
      </object_component>
      <object_component id="oc-181">
         <name>.debug_line</name>
         <load_address>0x2524</load_address>
         <run_address>0x2524</run_address>
         <size>0x97</size>
         <input_file_ref idref="fl-e8"/>
      </object_component>
      <object_component id="oc-251">
         <name>.debug_line</name>
         <load_address>0x25bb</load_address>
         <run_address>0x25bb</run_address>
         <size>0x71</size>
         <input_file_ref idref="fl-e8"/>
      </object_component>
      <object_component id="oc-24a">
         <name>.debug_line</name>
         <load_address>0x262c</load_address>
         <run_address>0x262c</run_address>
         <size>0x75</size>
         <input_file_ref idref="fl-e8"/>
      </object_component>
      <object_component id="oc-20a">
         <name>.debug_line</name>
         <load_address>0x26a1</load_address>
         <run_address>0x26a1</run_address>
         <size>0x72</size>
         <input_file_ref idref="fl-e8"/>
      </object_component>
      <object_component id="oc-211">
         <name>.debug_line</name>
         <load_address>0x2713</load_address>
         <run_address>0x2713</run_address>
         <size>0x91</size>
         <input_file_ref idref="fl-e9"/>
      </object_component>
      <object_component id="oc-125">
         <name>.debug_frame</name>
         <load_address>0x0</load_address>
         <run_address>0x0</run_address>
         <size>0x110</size>
         <input_file_ref idref="fl-2"/>
      </object_component>
      <object_component id="oc-a7">
         <name>.debug_frame</name>
         <load_address>0x110</load_address>
         <run_address>0x110</run_address>
         <size>0x58</size>
         <input_file_ref idref="fl-4"/>
      </object_component>
      <object_component id="oc-16f">
         <name>.debug_frame</name>
         <load_address>0x168</load_address>
         <run_address>0x168</run_address>
         <size>0x58</size>
         <input_file_ref idref="fl-5"/>
      </object_component>
      <object_component id="oc-123">
         <name>.debug_frame</name>
         <load_address>0x1c0</load_address>
         <run_address>0x1c0</run_address>
         <size>0x2ec</size>
         <input_file_ref idref="fl-5"/>
      </object_component>
      <object_component id="oc-dc">
         <name>.debug_frame</name>
         <load_address>0x4ac</load_address>
         <run_address>0x4ac</run_address>
         <size>0x60</size>
         <input_file_ref idref="fl-6"/>
      </object_component>
      <object_component id="oc-2f">
         <name>.debug_frame</name>
         <load_address>0x50c</load_address>
         <run_address>0x50c</run_address>
         <size>0x90</size>
         <input_file_ref idref="fl-7"/>
      </object_component>
      <object_component id="oc-4f">
         <name>.debug_frame</name>
         <load_address>0x59c</load_address>
         <run_address>0x59c</run_address>
         <size>0x54</size>
         <input_file_ref idref="fl-ca"/>
      </object_component>
      <object_component id="oc-1c">
         <name>.debug_frame</name>
         <load_address>0x5f0</load_address>
         <run_address>0x5f0</run_address>
         <size>0x54</size>
         <input_file_ref idref="fl-cb"/>
      </object_component>
      <object_component id="oc-1a">
         <name>.debug_frame</name>
         <load_address>0x644</load_address>
         <run_address>0x644</run_address>
         <size>0x60</size>
         <input_file_ref idref="fl-cc"/>
      </object_component>
      <object_component id="oc-1ef">
         <name>.debug_frame</name>
         <load_address>0x6a4</load_address>
         <run_address>0x6a4</run_address>
         <size>0x54</size>
         <input_file_ref idref="fl-cd"/>
      </object_component>
      <object_component id="oc-1f7">
         <name>.debug_frame</name>
         <load_address>0x6f8</load_address>
         <run_address>0x6f8</run_address>
         <size>0x54</size>
         <input_file_ref idref="fl-cd"/>
      </object_component>
      <object_component id="oc-1fc">
         <name>.debug_frame</name>
         <load_address>0x74c</load_address>
         <run_address>0x74c</run_address>
         <size>0x58</size>
         <input_file_ref idref="fl-cd"/>
      </object_component>
      <object_component id="oc-167">
         <name>.debug_frame</name>
         <load_address>0x7a4</load_address>
         <run_address>0x7a4</run_address>
         <size>0x64</size>
         <input_file_ref idref="fl-cd"/>
      </object_component>
      <object_component id="oc-25d">
         <name>.debug_frame</name>
         <load_address>0x808</load_address>
         <run_address>0x808</run_address>
         <size>0x5c</size>
         <input_file_ref idref="fl-cd"/>
      </object_component>
      <object_component id="oc-161">
         <name>.debug_frame</name>
         <load_address>0x864</load_address>
         <run_address>0x864</run_address>
         <size>0x5c</size>
         <input_file_ref idref="fl-cd"/>
      </object_component>
      <object_component id="oc-23a">
         <name>.debug_frame</name>
         <load_address>0x8c0</load_address>
         <run_address>0x8c0</run_address>
         <size>0x68</size>
         <input_file_ref idref="fl-cd"/>
      </object_component>
      <object_component id="oc-172">
         <name>.debug_frame</name>
         <load_address>0x928</load_address>
         <run_address>0x928</run_address>
         <size>0x54</size>
         <input_file_ref idref="fl-ce"/>
      </object_component>
      <object_component id="oc-5f">
         <name>.debug_frame</name>
         <load_address>0x97c</load_address>
         <run_address>0x97c</run_address>
         <size>0x50</size>
         <input_file_ref idref="fl-d0"/>
      </object_component>
      <object_component id="oc-ef">
         <name>.debug_frame</name>
         <load_address>0x9cc</load_address>
         <run_address>0x9cc</run_address>
         <size>0x5c</size>
         <input_file_ref idref="fl-d6"/>
      </object_component>
      <object_component id="oc-9e">
         <name>.debug_frame</name>
         <load_address>0xa28</load_address>
         <run_address>0xa28</run_address>
         <size>0x54</size>
         <input_file_ref idref="fl-d7"/>
      </object_component>
      <object_component id="oc-e3">
         <name>.debug_frame</name>
         <load_address>0xa7c</load_address>
         <run_address>0xa7c</run_address>
         <size>0x54</size>
         <input_file_ref idref="fl-d9"/>
      </object_component>
      <object_component id="oc-1d1">
         <name>.debug_frame</name>
         <load_address>0xad0</load_address>
         <run_address>0xad0</run_address>
         <size>0x54</size>
         <input_file_ref idref="fl-da"/>
      </object_component>
      <object_component id="oc-17c">
         <name>.debug_frame</name>
         <load_address>0xb24</load_address>
         <run_address>0xb24</run_address>
         <size>0x60</size>
         <input_file_ref idref="fl-e8"/>
      </object_component>
      <object_component id="oc-182">
         <name>.debug_frame</name>
         <load_address>0xb84</load_address>
         <run_address>0xb84</run_address>
         <size>0x58</size>
         <input_file_ref idref="fl-e8"/>
      </object_component>
      <object_component id="oc-212">
         <name>.debug_frame</name>
         <load_address>0xbdc</load_address>
         <run_address>0xbdc</run_address>
         <size>0x54</size>
         <input_file_ref idref="fl-e9"/>
      </object_component>
      <object_component id="oc-11c">
         <name>.debug_abbrev</name>
         <load_address>0x0</load_address>
         <run_address>0x0</run_address>
         <size>0x78</size>
         <input_file_ref idref="fl-2"/>
      </object_component>
      <object_component id="oc-225">
         <name>.debug_abbrev</name>
         <load_address>0x78</load_address>
         <run_address>0x78</run_address>
         <size>0x29</size>
         <input_file_ref idref="fl-2"/>
      </object_component>
      <object_component id="oc-1b3">
         <name>.debug_abbrev</name>
         <load_address>0xa1</load_address>
         <run_address>0xa1</run_address>
         <size>0xd4</size>
         <input_file_ref idref="fl-2"/>
      </object_component>
      <object_component id="oc-79">
         <name>.debug_abbrev</name>
         <load_address>0x175</load_address>
         <run_address>0x175</run_address>
         <size>0x69</size>
         <input_file_ref idref="fl-2"/>
      </object_component>
      <object_component id="oc-3b">
         <name>.debug_abbrev</name>
         <load_address>0x1de</load_address>
         <run_address>0x1de</run_address>
         <size>0x1f</size>
         <input_file_ref idref="fl-2"/>
      </object_component>
      <object_component id="oc-c2">
         <name>.debug_abbrev</name>
         <load_address>0x1fd</load_address>
         <run_address>0x1fd</run_address>
         <size>0x5c</size>
         <input_file_ref idref="fl-2"/>
      </object_component>
      <object_component id="oc-7e">
         <name>.debug_abbrev</name>
         <load_address>0x259</load_address>
         <run_address>0x259</run_address>
         <size>0x24</size>
         <input_file_ref idref="fl-2"/>
      </object_component>
      <object_component id="oc-254">
         <name>.debug_abbrev</name>
         <load_address>0x27d</load_address>
         <run_address>0x27d</run_address>
[...]
               <size>0x26c</size>
               <logical_group_ref idref="lg-3"/>
            </allocated_space>
            <allocated_space>
               <start_address>0x26c</start_address>
               <size>0x1976</size>
               <logical_group_ref idref="lg-4"/>
            </allocated_space>
            <allocated_space>
               <start_address>0x1be2</start_address>
               <size>0x5f</size>
               <logical_group_ref idref="lg-5"/>
            </allocated_space>
            <available_space>
               <start_address>0x1c41</start_address>
               <size>0x7</size>
            </available_space>
            <allocated_space>
               <start_address>0x1c48</start_address>
               <size>0x50</size>
               <logical_group_ref idref="lg-6"/>
            </allocated_space>
            <available_space>
               <start_address>0x1c98</start_address>
               <size>0x3e368</size>
            </available_space>
         </usage_details>
      </memory_area>
      <memory_area display="yes" color="green">
         <name>SRAM</name>
         <page_id>0x0</page_id>
         <origin>0x20000000</origin>
         <length>0x8000</length>
         <used_space>0x1ab9</used_space>
         <unused_space>0x6547</unused_space>
         <attributes>RWX</attributes>
         <usage_details>
            <allocated_space>
               <start_address>0x20000000</start_address>
               <size>0x0</size>
               <logical_group_ref idref="lg-267"/>
            </allocated_space>
            <allocated_space>
               <start_address>0x20000000</start_address>
               <size>0x26c</size>
               <logical_group_ref idref="lg-9"/>
            </allocated_space>
            <available_space>
               <start_address>0x2000026c</start_address>
               <size>0x4</size>
            </available_space>
            <allocated_space>
               <start_address>0x20000270</start_address>
               <size>0x1000</size>
               <logical_group_ref idref="lg-d"/>
            </allocated_space>
            <allocated_space>
               <start_address>0x20001270</start_address>
               <size>0x800</size>
               <logical_group_ref idref="lg-c"/>
            </allocated_space>
            <allocated_space>
               <start_address>0x20001a70</start_address>
               <size>0x31</size>
               <logical_group_ref idref="lg-a"/>
            </allocated_space>
            <available_space>
               <start_address>0x20001aa1</start_address>
               <size>0x3</size>
            </available_space>
            <allocated_space>
               <start_address>0x20001aa4</start_address>
               <size>0x1c</size>
               <logical_group_ref idref="lg-b"/>
            </allocated_space>
            <available_space>
               <start_address>0x20001ac0</start_address>
               <size>0x6540</size>
            </available_space>
         </usage_details>
      </memory_area>
   </placement_map>
   <cptbl_list>
      <cptbl>
         <name>__TI_cinit_table</name>
         <cprec>
            <name>.data</name>
            <load_address>0x1c48</load_address>
            <load_size>0x18</load_size>
            <run_address>0x20001a70</run_address>
            <run_size>0x31</run_size>
            <compression>lzss</compression>
         </cprec>
         <cprec>
            <name>.bss</name>
            <load_address>0x1c70</load_address>
            <load_size>0x8</load_size>
            <run_address>0x20001aa4</run_address>
            <run_size>0x1c</run_size>
            <compression>zero_init</compression>
         </cprec>
         <cprec>
            <name>.vtable</name>
            <load_address>0x1c78</load_address>
            <load_size>0x8</load_size>
            <run_address>0x20000000</run_address>
            <run_size>0x26c</run_size>
            <compression>zero_init</compression>
         </cprec>
      </cptbl>
   </cptbl_list>
   <handler_table>
      <handler_table_name>__TI_handler_table</handler_table_name>
      <handler>
         <index>0x0</index>
         <name>__TI_zero_init</name>
      </handler>
      <handler>
         <index>0x1</index>
         <name>__TI_decompress_lzss</name>
      </handler>
      <handler>
         <index>0x2</index>
         <name>__TI_decompress_none</name>
      </handler>
   </handler_table>
   <symbol_table>
      <symbol id="sm-1">
         <name>__STACK_TOP</name>
         <value>0x20000470</value>
      </symbol>
      <symbol id="sm-2">
         <name>__start___llvm_prf_cnts</name>
         <value>0x20000000</value>
      </symbol>
      <symbol id="sm-3">
         <name>__stop___llvm_prf_cnts</name>
         <value>0x20000000</value>
      </symbol>
      <symbol id="sm-4">
         <name>__TI_CINIT_Base</name>
         <value>0x1c80</value>
      </symbol>
      <symbol id="sm-5">
         <name>__TI_CINIT_Limit</name>
         <value>0x1c98</value>
      </symbol>
      <symbol id="sm-6">
         <name>__TI_Handler_Table_Base</name>
         <value>0x1c60</value>
      </symbol>
      <symbol id="sm-7">
         <name>__TI_Handler_Table_Limit</name>
         <value>0x1c6c</value>
      </symbol>
      <symbol id="sm-8">
         <name>binit</name>
         <value>0xffffffff</value>
      </symbol>
      <symbol id="sm-9">
         <name>__binit__</name>
         <value>0xffffffff</value>
      </symbol>
      <symbol id="sm-a">
         <name>__STACK_SIZE</name>
         <value>0x1000</value>
      </symbol>
      <symbol id="sm-b">
         <name>__STACK_END</name>
         <value>0x20001270</value>
      </symbol>
      <symbol id="sm-c">
         <name>__SYSMEM_SIZE</name>
         <value>0x800</value>
      </symbol>
      <symbol id="sm-d">
         <name>__c_args__</name>
         <value>0xffffffff</value>
      </symbol>
      <symbol id="sm-e">
         <name>__TI_pprof_out_hndl</name>
         <value>0xffffffff</value>
      </symbol>
      <symbol id="sm-f">
         <name>__TI_prof_data_start</name>
         <value>0xffffffff</value>
      </symbol>
      <symbol id="sm-10">
         <name>__TI_prof_data_size</name>
         <value>0xffffffff</value>
      </symbol>
      <symbol id="sm-76">
         <name>_timeout_ticks</name>
         <value>0x20001abc</value>
      </symbol>
      <symbol id="sm-77">
         <name>timer_pause</name>
         <value>0xf23</value>
         <object_component_ref idref="oc-124"/>
      </symbol>
      <symbol id="sm-78">
         <name>timer_resume</name>
         <value>0xf35</value>
         <object_component_ref idref="oc-124"/>
      </symbol>
      <symbol id="sm-79">
         <name>timer_getMillis</name>
         <value>0xf47</value>
         <object_component_ref idref="oc-124"/>
      </symbol>
      <symbol id="sm-7a">
         <name>_running</name>
         <value>0x20001aa0</value>
         <object_component_ref idref="oc-1af"/>
      </symbol>
      <symbol id="sm-7b">
         <name>timer_init</name>
         <value>0xe81</value>
         <object_component_ref idref="oc-124"/>
      </symbol>
      <symbol id="sm-7c">
         <name>timer_stop</name>
         <value>0xef9</value>
         <object_component_ref idref="oc-124"/>
      </symbol>
      <symbol id="sm-7d">
         <name>timer_getMicros</name>
         <value>0xf9f</value>
         <object_component_ref idref="oc-124"/>
      </symbol>
      <symbol id="sm-7e">
         <name>timer_waitMillis</name>
         <value>0x102b</value>
         <object_component_ref idref="oc-124"/>
      </symbol>
      <symbol id="sm-7f">
         <name>timer_waitMicros</name>
         <value>0xff9</value>
         <object_component_ref idref="oc-124"/>
      </symbol>
      <symbol id="sm-a1">
         <name>main</name>
         <value>0x1bcb</value>
         <object_component_ref idref="oc-a2"/>
      </symbol>
      <symbol id="sm-16e">
         <name>go_charge</name>
         <value>0x97f</value>
         <object_component_ref idref="oc-11e"/>
      </symbol>
      <symbol id="sm-16f">
         <name>GPIOF_Handler</name>
         <value>0xbb7</value>
         <object_component_ref idref="oc-11e"/>
      </symbol>
      <symbol id="sm-170">
         <name>oi_free</name>
         <value>0x279</value>
         <object_component_ref idref="oc-11e"/>
      </symbol>
      <symbol id="sm-171">
         <name>oi_getMotorCalibrationRight</name>
         <value>0xdf1</value>
         <object_component_ref idref="oc-11e"/>
      </symbol>
      <symbol id="sm-172">
         <name>oi_uartReceive</name>
         <value>0xa25</value>
         <object_component_ref idref="oc-11e"/>
      </symbol>
      <symbol id="sm-173">
         <name>oi_setWheels</name>
         <value>0x88f</value>
         <object_component_ref idref="oc-11e"/>
      </symbol>
      <symbol id="sm-174">
         <name>oi_shutoff_init</name>
         <value>0xb45</value>
         <object_component_ref idref="oc-11e"/>
      </symbol>
      <symbol id="sm-175">
         <name>motor_cal_factor_L</name>
         <value>0x20001a70</value>
         <object_component_ref idref="oc-183"/>
      </symbol>
      <symbol id="sm-176">
         <name>motor_cal_factor_R</name>
         <value>0x20001a74</value>
         <object_component_ref idref="oc-183"/>
      </symbol>
      <symbol id="sm-177">
         <name>oi_parseInt</name>
         <value>0x1b65</value>
         <object_component_ref idref="oc-16a"/>
      </symbol>
      <symbol id="sm-178">
         <name>oi_setMotorCalibration</name>
         <value>0xda5</value>
         <object_component_ref idref="oc-11e"/>
      </symbol>
      <symbol id="sm-179">
         <name>oi_uartSendStr</name>
         <value>0xa4d</value>
         <object_component_ref idref="oc-11e"/>
      </symbol>
      <symbol id="sm-17a">
         <name>oi_close</name>
         <value>0x2c7</value>
         <object_component_ref idref="oc-11e"/>
      </symbol>
      <symbol id="sm-17b">
         <name>oi_uartSendBuff</name>
         <value>0xa6b</value>
         <object_component_ref idref="oc-11e"/>
      </symbol>
      <symbol id="sm-17c">
         <name>oi_checkFirmware</name>
         <value>0xa9d</value>
         <object_component_ref idref="oc-11e"/>
      </symbol>
      <symbol id="sm-17d">
         <name>oi_init_noupdate</name>
         <value>0x289</value>
         <object_component_ref idref="oc-11e"/>
      </symbol>
      <symbol id="sm-17e">
         <name>oi_uartSendChar</name>
         <value>0xa09</value>
         <object_component_ref idref="oc-11e"/>
      </symbol>
      <symbol id="sm-17f">
         <name>oi_alloc</name>
         <value>0x26d</value>
         <object_component_ref idref="oc-11e"/>
      </symbol>
      <symbol id="sm-180">
         <name>oi_getMotorCalibrationLeft</name>
         <value>0xde1</value>
         <object_component_ref idref="oc-11e"/>
      </symbol>
      <symbol id="sm-181">
         <name>oi_loadSong</name>
         <value>0x915</value>
         <object_component_ref idref="oc-11e"/>
      </symbol>
      <symbol id="sm-182">
         <name>oi_play_song</name>
         <value>0x96b</value>
         <object_component_ref idref="oc-11e"/>
      </symbol>
      <symbol id="sm-183">
         <name>oi_parsePacket</name>
         <value>0x32b</value>
         <object_component_ref idref="oc-11e"/>
      </symbol>
      <symbol id="sm-184">
         <name>oi_setLeds</name>
         <value>0x84b</value>
         <object_component_ref idref="oc-11e"/>
      </symbol>
      <symbol id="sm-185">
         <name>oi_init</name>
         <value>0x2b1</value>
         <object_component_ref idref="oc-11e"/>
      </symbol>
      <symbol id="sm-186">
         <name>oi_update</name>
         <value>0x2d9</value>
         <object_component_ref idref="oc-11e"/>
      </symbol>
      <symbol id="sm-187">
         <name>oi_uartInit</name>
         <value>0x981</value>
         <object_component_ref idref="oc-11e"/>
      </symbol>
      <symbol id="sm-1c5">
         <name>success</name>
         <value>0x1695</value>
         <object_component_ref idref="oc-d7"/>
      </symbol>
      <symbol id="sm-1e1">
         <name>ResetISR</name>
         <value>0x1bbf</value>
         <object_component_ref idref="oc-2a"/>
      </symbol>
      <symbol id="sm-1e2">
         <name>g_pfnVectors</name>
         <value>0x0</value>
         <object_component_ref idref="oc-12"/>
      </symbol>
      <symbol id="sm-1fa">
         <name>__aeabi_dsub</name>
         <value>0x10c9</value>
         <object_component_ref idref="oc-195"/>
      </symbol>
      <symbol id="sm-1fb">
         <name>__aeabi_dadd</name>
         <value>0x10d3</value>
         <object_component_ref idref="oc-195"/>
      </symbol>
      <symbol id="sm-20f">
         <name>__aeabi_ddiv</name>
         <value>0x127f</value>
         <object_component_ref idref="oc-18b"/>
      </symbol>
      <symbol id="sm-21a">
         <name>__aeabi_dmul</name>
         <value>0x14b5</value>
         <object_component_ref idref="oc-186"/>
      </symbol>
      <symbol id="sm-226">
         <name>__aeabi_d2f</name>
         <value>0x18e1</value>
         <object_component_ref idref="oc-19d"/>
      </symbol>
      <symbol id="sm-231">
         <name>__aeabi_f2d</name>
         <value>0x1a35</value>
         <object_component_ref idref="oc-1a2"/>
      </symbol>
      <symbol id="sm-23b">
         <name>__aeabi_i2d</name>
         <value>0x1ad5</value>
         <object_component_ref idref="oc-190"/>
      </symbol>
      <symbol id="sm-256">
         <name>memcpy</name>
         <value>0x1759</value>
         <object_component_ref idref="oc-3e"/>
      </symbol>
      <symbol id="sm-257">
         <name>__aeabi_memcpy</name>
         <value>0x1759</value>
         <object_component_ref idref="oc-3e"/>
      </symbol>
      <symbol id="sm-258">
         <name>__aeabi_memcpy8</name>
         <value>0x1759</value>
         <object_component_ref idref="oc-3e"/>
      </symbol>
      <symbol id="sm-259">
         <name>__aeabi_memcpy4</name>
         <value>0x1759</value>
         <object_component_ref idref="oc-3e"/>
      </symbol>
      <symbol id="sm-272">
         <name>__TI_zero_init_nomemset</name>
         <value>0x1b2d</value>
         <object_component_ref idref="oc-4a"/>
      </symbol>
      <symbol id="sm-289">
         <name>__TI_decompress_none</name>
         <value>0x1ba5</value>
         <object_component_ref idref="oc-1b"/>
      </symbol>
      <symbol id="sm-2ac">
         <name>__TI_decompress_lzss</name>
         <value>0x194f</value>
         <object_component_ref idref="oc-15"/>
      </symbol>
      <symbol id="sm-341">
         <name>_sys_memory</name>
         <value>0x20001270</value>
         <object_component_ref idref="oc-24"/>
      </symbol>
      <symbol id="sm-342">
         <name>free</name>
         <value>0x15b1</value>
         <object_component_ref idref="oc-164"/>
      </symbol>
      <symbol id="sm-343">
         <name>memalign</name>
         <value>0x13b5</value>
         <object_component_ref idref="oc-237"/>
      </symbol>
      <symbol id="sm-344">
         <name>calloc</name>
         <value>0x19fd</value>
         <object_component_ref idref="oc-15e"/>
      </symbol>
      <symbol id="sm-345">
         <name>malloc</name>
         <value>0x1bd3</value>
         <object_component_ref idref="oc-1ed"/>
      </symbol>
      <symbol id="sm-346">
         <name>aligned_alloc</name>
         <value>0x13b5</value>
         <object_component_ref idref="oc-237"/>
      </symbol>
      <symbol id="sm-355">
         <name>strcmp</name>
         <value>0x1b7d</value>
         <object_component_ref idref="oc-171"/>
      </symbol>
      <symbol id="sm-369">
         <name>__stack</name>
         <value>0x20000270</value>
         <object_component_ref idref="oc-27"/>
      </symbol>
      <symbol id="sm-36a">
         <name>_c_int00_noargs</name>
         <value>0x1aa1</value>
         <object_component_ref idref="oc-5c"/>
      </symbol>
      <symbol id="sm-37c">
         <name>__aeabi_memset</name>
         <value>0x17f7</value>
         <object_component_ref idref="oc-96"/>
      </symbol>
      <symbol id="sm-37d">
         <name>memset</name>
         <value>0x17fd</value>
         <object_component_ref idref="oc-96"/>
      </symbol>
      <symbol id="sm-37e">
         <name>__aeabi_memset8</name>
         <value>0x17f7</value>
         <object_component_ref idref="oc-96"/>
      </symbol>
      <symbol id="sm-37f">
         <name>__aeabi_memset4</name>
         <value>0x17f7</value>
         <object_component_ref idref="oc-96"/>
      </symbol>
      <symbol id="sm-380">
         <name>__aeabi_memclr8</name>
         <value>0x17f5</value>
         <object_component_ref idref="oc-96"/>
      </symbol>
      <symbol id="sm-381">
         <name>__aeabi_memclr4</name>
         <value>0x17f5</value>
         <object_component_ref idref="oc-96"/>
      </symbol>
      <symbol id="sm-382">
         <name>__aeabi_memclr</name>
         <value>0x17f5</value>
         <object_component_ref idref="oc-96"/>
      </symbol>
      <symbol id="sm-3ab">
         <name>__TI_auto_init_nobinit_nopinit</name>
         <value>0x19b9</value>
         <object_component_ref idref="oc-ea"/>
      </symbol>
      <symbol id="sm-3b5">
         <name>_system_pre_init</name>
         <value>0x1bdb</value>
         <object_component_ref idref="oc-9c"/>
      </symbol>
      <symbol id="sm-3c1">
         <name>C$$EXIT</name>
         <value>0x1bdf</value>
         <object_component_ref idref="oc-de"/>
      </symbol>
      <symbol id="sm-3c2">
         <name>abort</name>
         <value>0x1bdf</value>
         <object_component_ref idref="oc-de"/>
      </symbol>
      <symbol id="sm-3d7">
         <name>_nop</name>
         <value>0x186f</value>
         <object_component_ref idref="oc-1ce"/>
      </symbol>
      <symbol id="sm-3d8">
         <name>_lock</name>
         <value>0x20001a90</value>
         <object_component_ref idref="oc-142"/>
      </symbol>
      <symbol id="sm-3d9">
         <name>_unlock</name>
         <value>0x20001a94</value>
         <object_component_ref idref="oc-142"/>
      </symbol>
      <symbol id="sm-415">
         <name>IntRegister</name>
         <value>0x1a6d</value>
         <object_component_ref idref="oc-177"/>
      </symbol>
      <symbol id="sm-416">
         <name>g_pfnRAMVectors</name>
         <value>0x20000000</value>
         <object_component_ref idref="oc-203"/>
      </symbol>
      <symbol id="sm-417">
         <name>IntMasterEnable</name>
         <value>0x1b95</value>
         <object_component_ref idref="oc-17d"/>
      </symbol>
      <symbol id="sm-421">
         <name>CPUcpsie</name>
         <value>0x1bb3</value>
         <object_component_ref idref="oc-20d"/>
      </symbol>
      <symbol id="sm-422">
         <name>__TI_static_base__</name>
         <value>0x0</value>
      </symbol>
      <symbol id="sm-425">
         <name>__mpu_init</name>
         <value>0x0</value>
      </symbol>
      <symbol id="sm-426">
         <name>_system_post_cinit</name>
         <value>0x0</value>
      </symbol>
   </symbol_table>
   <title>Link successful</title>
</link_info>
