<?xml version="1.0" encoding="ISO-8859-1" ?>
<link_info>
   <banner>TI ARM Linker PC v20.2.7.LTS</banner>
   <copyright>Copyright (c) 1996-2018 Texas Instruments Incorporated</copyright>
   <link_time>0x6567841f</link_time>
   <link_errors>0x0</link_errors>
   <output_file>Lab10.out</output_file>
   <entry_point>
      <name>_c_int00_noargs</name>
      <address>0x5f7d</address>
   </entry_point>
   <input_file_list>
      <input_file id="fl-2">
         <path>.\</path>
         <kind>object</kind>
         <file>Timer.obj</file>
         <name>Timer.obj</name>
      </input_file>
      <input_file id="fl-3">
         <path>.\</path>
         <kind>object</kind>
         <file>adc.obj</file>
         <name>adc.obj</name>
      </input_file>
      <input_file id="fl-4">
         <path>.\</path>
         <kind>object</kind>
         <file>button.obj</file>
         <name>button.obj</name>
      </input_file>
      <input_file id="fl-5">
         <path>.\</path>
         <kind>object</kind>
         <file>lcd.obj</file>
         <name>lcd.obj</name>
      </input_file>
      <input_file id="fl-6">
         <path>.\</path>
         <kind>object</kind>
         <file>movement.obj</file>
         <name>movement.obj</name>
      </input_file>
      <input_file id="fl-7">
         <path>.\</path>
         <kind>object</kind>
         <file>objectAlgo_v2.obj</file>
         <name>objectAlgo_v2.obj</name>
      </input_file>
      <input_file id="fl-8">
         <path>.\</path>
         <kind>object</kind>
         <file>open_interface.obj</file>
         <name>open_interface.obj</name>
      </input_file>
      <input_file id="fl-9">
         <path>.\</path>
         <kind>object</kind>
         <file>ping.obj</file>
         <name>ping.obj</name>
      </input_file>
      <input_file id="fl-a">
         <path>.\</path>
         <kind>object</kind>
         <file>servo.obj</file>
         <name>servo.obj</name>
      </input_file>
      <input_file id="fl-b">
         <path>.\</path>
         <kind>object</kind>
         <file>tm4c123gh6pm_startup_ccs.obj</file>
         <name>tm4c123gh6pm_startup_ccs.obj</name>
      </input_file>
      <input_file id="fl-c">
         <path>.\</path>
         <kind>object</kind>
         <file>uart.obj</file>
         <name>uart.obj</name>
      </input_file>
      <input_file id="fl-11">
         <kind>object</kind>
         <file>&lt;internal&gt;</file>
         <name>&lt;internal&gt;</name>
      </input_file>
      <input_file id="fl-c7">
         <path>C:\ti\ccs1230\ccs\tools\compiler\ti-cgt-arm_20.2.7.LTS\lib\</path>
         <kind>archive</kind>
         <file>rtsv7M4_T_le_v4SPD16_eabi.lib</file>
         <name>e_pow.c.obj</name>
      </input_file>
      <input_file id="fl-c8">
         <path>C:\ti\ccs1230\ccs\tools\compiler\ti-cgt-arm_20.2.7.LTS\lib\</path>
         <kind>archive</kind>
         <file>rtsv7M4_T_le_v4SPD16_eabi.lib</file>
         <name>e_sqrt.c.obj</name>
      </input_file>
      <input_file id="fl-c9">
         <path>C:\ti\ccs1230\ccs\tools\compiler\ti-cgt-arm_20.2.7.LTS\lib\</path>
         <kind>archive</kind>
         <file>rtsv7M4_T_le_v4SPD16_eabi.lib</file>
         <name>s_scalbn.c.obj</name>
      </input_file>
      <input_file id="fl-ca">
         <path>C:\ti\ccs1230\ccs\tools\compiler\ti-cgt-arm_20.2.7.LTS\lib\</path>
         <kind>archive</kind>
         <file>rtsv7M4_T_le_v4SPD16_eabi.lib</file>
         <name>s_tan.c.obj</name>
      </input_file>
      <input_file id="fl-cb">
         <path>C:\ti\ccs1230\ccs\tools\compiler\ti-cgt-arm_20.2.7.LTS\lib\</path>
         <kind>archive</kind>
         <file>rtsv7M4_T_le_v4SPD16_eabi.lib</file>
         <name>sprintf.c.obj</name>
      </input_file>
      <input_file id="fl-cc">
         <path>C:\ti\ccs1230\ccs\tools\compiler\ti-cgt-arm_20.2.7.LTS\lib\</path>
         <kind>archive</kind>
         <file>rtsv7M4_T_le_v4SPD16_eabi.lib</file>
         <name>vsnprintf.c.obj</name>
      </input_file>
      <input_file id="fl-cd">
         <path>C:\ti\ccs1230\ccs\tools\compiler\ti-cgt-arm_20.2.7.LTS\lib\</path>
         <kind>archive</kind>
         <file>rtsv7M4_T_le_v4SPD16_eabi.lib</file>
         <name>fd_add_t2.asm.obj</name>
      </input_file>
      <input_file id="fl-ce">
         <path>C:\ti\ccs1230\ccs\tools\compiler\ti-cgt-arm_20.2.7.LTS\lib\</path>
         <kind>archive</kind>
         <file>rtsv7M4_T_le_v4SPD16_eabi.lib</file>
         <name>fd_cmp_t2.asm.obj</name>
      </input_file>
      <input_file id="fl-cf">
         <path>C:\ti\ccs1230\ccs\tools\compiler\ti-cgt-arm_20.2.7.LTS\lib\</path>
         <kind>archive</kind>
         <file>rtsv7M4_T_le_v4SPD16_eabi.lib</file>
         <name>fd_div_t2.asm.obj</name>
      </input_file>
      <input_file id="fl-d0">
         <path>C:\ti\ccs1230\ccs\tools\compiler\ti-cgt-arm_20.2.7.LTS\lib\</path>
         <kind>archive</kind>
         <file>rtsv7M4_T_le_v4SPD16_eabi.lib</file>
         <name>fd_mul_t2.asm.obj</name>
      </input_file>
      <input_file id="fl-d1">
         <path>C:\ti\ccs1230\ccs\tools\compiler\ti-cgt-arm_20.2.7.LTS\lib\</path>
         <kind>archive</kind>
         <file>rtsv7M4_T_le_v4SPD16_eabi.lib</file>
         <name>fd_toi_t2.asm.obj</name>
      </input_file>
      <input_file id="fl-d2">
         <path>C:\ti\ccs1230\ccs\tools\compiler\ti-cgt-arm_20.2.7.LTS\lib\</path>
         <kind>archive</kind>
         <file>rtsv7M4_T_le_v4SPD16_eabi.lib</file>
         <name>fd_tos_t2.asm.obj</name>
      </input_file>
      <input_file id="fl-d3">
         <path>C:\ti\ccs1230\ccs\tools\compiler\ti-cgt-arm_20.2.7.LTS\lib\</path>
         <kind>archive</kind>
         <file>rtsv7M4_T_le_v4SPD16_eabi.lib</file>
         <name>fd_tou_t2.asm.obj</name>
      </input_file>
      <input_file id="fl-d4">
         <path>C:\ti\ccs1230\ccs\tools\compiler\ti-cgt-arm_20.2.7.LTS\lib\</path>
         <kind>archive</kind>
         <file>rtsv7M4_T_le_v4SPD16_eabi.lib</file>
         <name>fs_tod_t2.asm.obj</name>
      </input_file>
      <input_file id="fl-d5">
         <path>C:\ti\ccs1230\ccs\tools\compiler\ti-cgt-arm_20.2.7.LTS\lib\</path>
         <kind>archive</kind>
         <file>rtsv7M4_T_le_v4SPD16_eabi.lib</file>
         <name>i_tofd_t2.asm.obj</name>
      </input_file>
      <input_file id="fl-d6">
         <path>C:\ti\ccs1230\ccs\tools\compiler\ti-cgt-arm_20.2.7.LTS\lib\</path>
         <kind>archive</kind>
         <file>rtsv7M4_T_le_v4SPD16_eabi.lib</file>
         <name>memcpy_t2.asm.obj</name>
      </input_file>
      <input_file id="fl-d7">
         <path>C:\ti\ccs1230\ccs\tools\compiler\ti-cgt-arm_20.2.7.LTS\lib\</path>
         <kind>archive</kind>
         <file>rtsv7M4_T_le_v4SPD16_eabi.lib</file>
         <name>copy_zero_init.c.obj</name>
      </input_file>
      <input_file id="fl-d8">
         <path>C:\ti\ccs1230\ccs\tools\compiler\ti-cgt-arm_20.2.7.LTS\lib\</path>
         <kind>archive</kind>
         <file>rtsv7M4_T_le_v4SPD16_eabi.lib</file>
         <name>copy_decompress_none.c.obj</name>
      </input_file>
      <input_file id="fl-d9">
         <path>C:\ti\ccs1230\ccs\tools\compiler\ti-cgt-arm_20.2.7.LTS\lib\</path>
         <kind>archive</kind>
         <file>rtsv7M4_T_le_v4SPD16_eabi.lib</file>
         <name>copy_decompress_lzss.c.obj</name>
      </input_file>
      <input_file id="fl-da">
         <path>C:\ti\ccs1230\ccs\tools\compiler\ti-cgt-arm_20.2.7.LTS\lib\</path>
         <kind>archive</kind>
         <file>rtsv7M4_T_le_v4SPD16_eabi.lib</file>
         <name>memory.c.obj</name>
      </input_file>
      <input_file id="fl-db">
         <path>C:\ti\ccs1230\ccs\tools\compiler\ti-cgt-arm_20.2.7.LTS\lib\</path>
         <kind>archive</kind>
         <file>rtsv7M4_T_le_v4SPD16_eabi.lib</file>
         <name>strcmp.c.obj</name>
      </input_file>
      <input_file id="fl-dc">
         <path>C:\ti\ccs1230\ccs\tools\compiler\ti-cgt-arm_20.2.7.LTS\lib\</path>
         <kind>archive</kind>
         <file>rtsv7M4_T_le_v4SPD16_eabi.lib</file>
         <name>strcpy.c.obj</name>
      </input_file>
      <input_file id="fl-dd">
         <path>C:\ti\ccs1230\ccs\tools\compiler\ti-cgt-arm_20.2.7.LTS\lib\</path>
         <kind>archive</kind>
         <file>rtsv7M4_T_le_v4SPD16_eabi.lib</file>
         <name>strlen.c.obj</name>
      </input_file>
      <input_file id="fl-de">
         <path>C:\ti\ccs1230\ccs\tools\compiler\ti-cgt-arm_20.2.7.LTS\lib\</path>
         <kind>archive</kind>
         <file>rtsv7M4_T_le_v4SPD16_eabi.lib</file>
         <name>k_rem_pio2.c.obj</name>
      </input_file>
      <input_file id="fl-df">
         <path>C:\ti\ccs1230\ccs\tools\compiler\ti-cgt-arm_20.2.7.LTS\lib\</path>
         <kind>archive</kind>
         <file>rtsv7M4_T_le_v4SPD16_eabi.lib</file>
         <name>boot_cortex_m.c.obj</name>
      </input_file>
      <input_file id="fl-e0">
         <path>C:\ti\ccs1230\ccs\tools\compiler\ti-cgt-arm_20.2.7.LTS\lib\</path>
         <kind>archive</kind>
         <file>rtsv7M4_T_le_v4SPD16_eabi.lib</file>
         <name>errno.c.obj</name>
      </input_file>
      <input_file id="fl-e1">
         <path>C:\ti\ccs1230\ccs\tools\compiler\ti-cgt-arm_20.2.7.LTS\lib\</path>
         <kind>archive</kind>
         <file>rtsv7M4_T_le_v4SPD16_eabi.lib</file>
         <name>s_copysign.c.obj</name>
      </input_file>
      <input_file id="fl-e2">
         <path>C:\ti\ccs1230\ccs\tools\compiler\ti-cgt-arm_20.2.7.LTS\lib\</path>
         <kind>archive</kind>
         <file>rtsv7M4_T_le_v4SPD16_eabi.lib</file>
         <name>k_tan.c.obj</name>
      </input_file>
      <input_file id="fl-e3">
         <path>C:\ti\ccs1230\ccs\tools\compiler\ti-cgt-arm_20.2.7.LTS\lib\</path>
         <kind>archive</kind>
         <file>rtsv7M4_T_le_v4SPD16_eabi.lib</file>
         <name>s_floor.c.obj</name>
      </input_file>
      <input_file id="fl-e4">
         <path>C:\ti\ccs1230\ccs\tools\compiler\ti-cgt-arm_20.2.7.LTS\lib\</path>
         <kind>archive</kind>
         <file>rtsv7M4_T_le_v4SPD16_eabi.lib</file>
         <name>_printfi.c.obj</name>
      </input_file>
      <input_file id="fl-e5">
         <path>C:\ti\ccs1230\ccs\tools\compiler\ti-cgt-arm_20.2.7.LTS\lib\</path>
         <kind>archive</kind>
         <file>rtsv7M4_T_le_v4SPD16_eabi.lib</file>
         <name>memset_t2.asm.obj</name>
      </input_file>
      <input_file id="fl-e6">
         <path>C:\ti\ccs1230\ccs\tools\compiler\ti-cgt-arm_20.2.7.LTS\lib\</path>
         <kind>archive</kind>
         <file>rtsv7M4_T_le_v4SPD16_eabi.lib</file>
         <name>ull_div_t2.asm.obj</name>
      </input_file>
      <input_file id="fl-e7">
         <path>C:\ti\ccs1230\ccs\tools\compiler\ti-cgt-arm_20.2.7.LTS\lib\</path>
         <kind>archive</kind>
         <file>rtsv7M4_T_le_v4SPD16_eabi.lib</file>
         <name>autoinit.c.obj</name>
      </input_file>
      <input_file id="fl-e8">
         <path>C:\ti\ccs1230\ccs\tools\compiler\ti-cgt-arm_20.2.7.LTS\lib\</path>
         <kind>archive</kind>
         <file>rtsv7M4_T_le_v4SPD16_eabi.lib</file>
         <name>pre_init.c.obj</name>
      </input_file>
      <input_file id="fl-e9">
         <path>C:\ti\ccs1230\ccs\tools\compiler\ti-cgt-arm_20.2.7.LTS\lib\</path>
         <kind>archive</kind>
         <file>rtsv7M4_T_le_v4SPD16_eabi.lib</file>
         <name>cpy_tbl.c.obj</name>
      </input_file>
      <input_file id="fl-ea">
         <path>C:\ti\ccs1230\ccs\tools\compiler\ti-cgt-arm_20.2.7.LTS\lib\</path>
         <kind>archive</kind>
         <file>rtsv7M4_T_le_v4SPD16_eabi.lib</file>
         <name>exit.c.obj</name>
      </input_file>
      <input_file id="fl-eb">
         <path>C:\ti\ccs1230\ccs\tools\compiler\ti-cgt-arm_20.2.7.LTS\lib\</path>
         <kind>archive</kind>
         <file>rtsv7M4_T_le_v4SPD16_eabi.lib</file>
         <name>_lock.c.obj</name>
      </input_file>
      <input_file id="fl-ec">
         <path>C:\ti\ccs1230\ccs\tools\compiler\ti-cgt-arm_20.2.7.LTS\lib\</path>
         <kind>archive</kind>
         <file>rtsv7M4_T_le_v4SPD16_eabi.lib</file>
         <name>_ltoa.c.obj</name>
      </input_file>
      <input_file id="fl-ed">
         <path>C:\ti\ccs1230\ccs\tools\compiler\ti-cgt-arm_20.2.7.LTS\lib\</path>
         <kind>archive</kind>
         <file>rtsv7M4_T_le_v4SPD16_eabi.lib</file>
         <name>args_main.c.obj</name>
      </input_file>
      <input_file id="fl-ee">
         <path>C:\ti\ccs1230\ccs\tools\compiler\ti-cgt-arm_20.2.7.LTS\lib\</path>
         <kind>archive</kind>
         <file>rtsv7M4_T_le_v4SPD16_eabi.lib</file>
         <name>atoi.c.obj</name>
      </input_file>
      <input_file id="fl-ef">
         <path>C:\ti\ccs1230\ccs\tools\compiler\ti-cgt-arm_20.2.7.LTS\lib\</path>
         <kind>archive</kind>
         <file>rtsv7M4_T_le_v4SPD16_eabi.lib</file>
         <name>ctype.c.obj</name>
      </input_file>
      <input_file id="fl-f0">
         <path>C:\ti\ccs1230\ccs\tools\compiler\ti-cgt-arm_20.2.7.LTS\lib\</path>
         <kind>archive</kind>
         <file>rtsv7M4_T_le_v4SPD16_eabi.lib</file>
         <name>memccpy.c.obj</name>
      </input_file>
      <input_file id="fl-f1">
         <path>C:\ti\ccs1230\ccs\tools\compiler\ti-cgt-arm_20.2.7.LTS\lib\</path>
         <kind>archive</kind>
         <file>rtsv7M4_T_le_v4SPD16_eabi.lib</file>
         <name>strchr.c.obj</name>
      </input_file>
      <input_file id="fl-f2">
         <path>C:\ti\ccs1230\ccs\tools\compiler\ti-cgt-arm_20.2.7.LTS\lib\</path>
         <kind>archive</kind>
         <file>rtsv7M4_T_le_v4SPD16_eabi.lib</file>
         <name>wcslen.c.obj</name>
      </input_file>
      <input_file id="fl-f3">
         <path>C:\ti\ccs1230\ccs\tools\compiler\ti-cgt-arm_20.2.7.LTS\lib\</path>
         <kind>archive</kind>
         <file>rtsv7M4_T_le_v4SPD16_eabi.lib</file>
         <name>s_frexp.c.obj</name>
      </input_file>
      <input_file id="fl-f4">
         <path>C:\ti\ccs1230\ccs\tools\compiler\ti-cgt-arm_20.2.7.LTS\lib\</path>
         <kind>archive</kind>
         <file>rtsv7M4_T_le_v4SPD16_eabi.lib</file>
         <name>div0.asm.obj</name>
      </input_file>
      <input_file id="fl-f5">
         <path>C:\ti\TivaWare_C_Series-2.2.0.295\driverlib\ccs\Debug\</path>
         <kind>archive</kind>
         <file>driverlib.lib</file>
         <name>interrupt.obj</name>
      </input_file>
      <input_file id="fl-f6">
         <path>C:\ti\TivaWare_C_Series-2.2.0.295\driverlib\ccs\Debug\</path>
         <kind>archive</kind>
         <file>driverlib.lib</file>
         <name>cpu.obj</name>
      </input_file>
   </input_file_list>
   <object_component_list>
      <object_component id="oc-12">
         <name>.intvecs</name>
         <load_address>0x0</load_address>
         <run_address>0x0</run_address>
         <size>0x26c</size>
         <input_file_ref idref="fl-b"/>
      </object_component>
      <object_component id="oc-137">
         <name>.text</name>
         <load_address>0x26c</load_address>
         <run_address>0x26c</run_address>
         <size>0xc20</size>
         <input_file_ref idref="fl-8"/>
      </object_component>
      <object_component id="oc-1d1">
         <name>.text:__TI_printfi</name>
         <load_address>0xe8c</load_address>
         <run_address>0xe8c</run_address>
         <size>0xa4e</size>
         <input_file_ref idref="fl-e4"/>
      </object_component>
      <object_component id="oc-355">
         <name>.text:_nop</name>
         <load_address>0x18da</load_address>
         <run_address>0x18da</run_address>
         <size>0x2</size>
         <input_file_ref idref="fl-eb"/>
      </object_component>
      <object_component id="oc-10c">
         <name>.text:pow</name>
         <load_address>0x18dc</load_address>
         <run_address>0x18dc</run_address>
         <size>0x9d0</size>
         <input_file_ref idref="fl-c7"/>
      </object_component>
      <object_component id="oc-212">
         <name>.text:__kernel_rem_pio2</name>
         <load_address>0x22ac</load_address>
         <run_address>0x22ac</run_address>
         <size>0x738</size>
         <input_file_ref idref="fl-de"/>
      </object_component>
      <object_component id="oc-a2">
         <name>.text</name>
         <load_address>0x29e4</load_address>
         <run_address>0x29e4</run_address>
         <size>0x6cc</size>
         <input_file_ref idref="fl-7"/>
      </object_component>
      <object_component id="oc-12c">
         <name>.text:tan</name>
         <load_address>0x30b0</load_address>
         <run_address>0x30b0</run_address>
         <size>0x508</size>
         <input_file_ref idref="fl-ca"/>
      </object_component>
      <object_component id="oc-e9">
         <name>.text</name>
         <load_address>0x35b8</load_address>
         <run_address>0x35b8</run_address>
         <size>0x328</size>
         <input_file_ref idref="fl-5"/>
      </object_component>
      <object_component id="oc-218">
         <name>.text:__kernel_tan</name>
         <load_address>0x38e0</load_address>
         <run_address>0x38e0</run_address>
         <size>0x31c</size>
         <input_file_ref idref="fl-e2"/>
      </object_component>
      <object_component id="oc-13d">
         <name>.text</name>
         <load_address>0x3bfc</load_address>
         <run_address>0x3bfc</run_address>
         <size>0x300</size>
         <input_file_ref idref="fl-6"/>
      </object_component>
      <object_component id="oc-2da">
         <name>.text:_pconv_a</name>
         <load_address>0x3efc</load_address>
         <run_address>0x3efc</run_address>
         <size>0x270</size>
         <input_file_ref idref="fl-e4"/>
      </object_component>
      <object_component id="oc-e3">
         <name>.text</name>
         <load_address>0x416c</load_address>
         <run_address>0x416c</run_address>
         <size>0x248</size>
         <input_file_ref idref="fl-2"/>
      </object_component>
      <object_component id="oc-dd">
         <name>.text</name>
         <load_address>0x43b4</load_address>
         <run_address>0x43b4</run_address>
         <size>0x228</size>
         <input_file_ref idref="fl-9"/>
      </object_component>
      <object_component id="oc-2c8">
         <name>.text:_pconv_g</name>
         <load_address>0x45dc</load_address>
         <run_address>0x45dc</run_address>
         <size>0x1d0</size>
         <input_file_ref idref="fl-e4"/>
      </object_component>
      <object_component id="oc-1c8">
         <name>.text</name>
         <load_address>0x47ac</load_address>
         <run_address>0x47ac</run_address>
         <size>0x1b6</size>
         <input_file_ref idref="fl-cd"/>
      </object_component>
      <object_component id="oc-413">
         <name>.text</name>
         <load_address>0x4962</load_address>
         <run_address>0x4962</run_address>
         <size>0x2</size>
         <input_file_ref idref="fl-f4"/>
      </object_component>
      <object_component id="oc-f5">
         <name>.text</name>
         <load_address>0x4964</load_address>
         <run_address>0x4964</run_address>
         <size>0x16c</size>
         <input_file_ref idref="fl-a"/>
      </object_component>
      <object_component id="oc-1e8">
         <name>.text:sqrt</name>
         <load_address>0x4ad0</load_address>
         <run_address>0x4ad0</run_address>
         <size>0x158</size>
         <input_file_ref idref="fl-c8"/>
      </object_component>
      <object_component id="oc-2d4">
         <name>.text:_pconv_e</name>
         <load_address>0x4c28</load_address>
         <run_address>0x4c28</run_address>
         <size>0x13c</size>
         <input_file_ref idref="fl-e4"/>
      </object_component>
      <object_component id="oc-1c3">
         <name>.text</name>
         <load_address>0x4d64</load_address>
         <run_address>0x4d64</run_address>
         <size>0x136</size>
         <input_file_ref idref="fl-cf"/>
      </object_component>
      <object_component id="oc-3a8">
         <name>.text:fcvt</name>
         <load_address>0x4e9c</load_address>
         <run_address>0x4e9c</run_address>
         <size>0x124</size>
         <input_file_ref idref="fl-e4"/>
      </object_component>
      <object_component id="oc-1fc">
         <name>.text:scalbn</name>
         <load_address>0x4fc0</load_address>
         <run_address>0x4fc0</run_address>
         <size>0x110</size>
         <input_file_ref idref="fl-c9"/>
      </object_component>
      <object_component id="oc-3f0">
         <name>.text:aligned_alloc</name>
         <load_address>0x50d0</load_address>
         <run_address>0x50d0</run_address>
         <size>0x100</size>
         <input_file_ref idref="fl-da"/>
      </object_component>
      <object_component id="oc-112">
         <name>.text</name>
         <load_address>0x51d0</load_address>
         <run_address>0x51d0</run_address>
         <size>0xfc</size>
         <input_file_ref idref="fl-d0"/>
      </object_component>
      <object_component id="oc-31c">
         <name>.text:floor</name>
         <load_address>0x52cc</load_address>
         <run_address>0x52cc</run_address>
         <size>0xf8</size>
         <input_file_ref idref="fl-e3"/>
      </object_component>
      <object_component id="oc-ef">
         <name>.text</name>
         <load_address>0x53c4</load_address>
         <run_address>0x53c4</run_address>
         <size>0xec</size>
         <input_file_ref idref="fl-c"/>
      </object_component>
      <object_component id="oc-d7">
         <name>.text</name>
         <load_address>0x54b0</load_address>
         <run_address>0x54b0</run_address>
         <size>0xe8</size>
         <input_file_ref idref="fl-3"/>
      </object_component>
      <object_component id="oc-227">
         <name>.text:free</name>
         <load_address>0x5598</load_address>
         <run_address>0x5598</run_address>
         <size>0xe4</size>
         <input_file_ref idref="fl-da"/>
      </object_component>
      <object_component id="oc-2c2">
         <name>.text:_ltostr</name>
         <load_address>0x567c</load_address>
         <run_address>0x567c</run_address>
         <size>0xb1</size>
         <input_file_ref idref="fl-e4"/>
      </object_component>
      <object_component id="oc-3e">
         <name>.text</name>
         <load_address>0x572e</load_address>
         <run_address>0x572e</run_address>
         <size>0x9c</size>
         <input_file_ref idref="fl-d6"/>
      </object_component>
      <object_component id="oc-38f">
         <name>.text</name>
         <load_address>0x57ca</load_address>
         <run_address>0x57ca</run_address>
         <size>0x96</size>
         <input_file_ref idref="fl-e6"/>
      </object_component>
      <object_component id="oc-11c">
         <name>.text:__aeabi_cdcmple</name>
         <load_address>0x5860</load_address>
         <run_address>0x5860</run_address>
         <size>0x86</size>
         <input_file_ref idref="fl-ce"/>
      </object_component>
      <object_component id="oc-1f7">
         <name>.text:__aeabi_cdrcmple</name>
         <load_address>0x58e6</load_address>
         <run_address>0x58e6</run_address>
         <size>0x86</size>
         <input_file_ref idref="fl-ce"/>
      </object_component>
      <object_component id="oc-96">
         <name>.text</name>
         <load_address>0x596c</load_address>
         <run_address>0x596c</run_address>
         <size>0x7a</size>
         <input_file_ref idref="fl-e5"/>
      </object_component>
      <object_component id="oc-433">
         <name>.text:split</name>
         <load_address>0x59e8</load_address>
         <run_address>0x59e8</run_address>
         <size>0x70</size>
         <input_file_ref idref="fl-da"/>
      </object_component>
      <object_component id="oc-3a1">
         <name>.text:_mcpy</name>
         <load_address>0x5a58</load_address>
         <run_address>0x5a58</run_address>
         <size>0x6e</size>
         <input_file_ref idref="fl-e4"/>
      </object_component>
      <object_component id="oc-117">
         <name>.text</name>
         <load_address>0x5ac6</load_address>
         <run_address>0x5ac6</run_address>
         <size>0x6e</size>
         <input_file_ref idref="fl-d2"/>
      </object_component>
      <object_component id="oc-15">
         <name>.text:decompress:lzss:__TI_decompress_lzss</name>
         <load_address>0x5b34</load_address>
         <run_address>0x5b34</run_address>
         <size>0x68</size>
         <input_file_ref idref="fl-d9"/>
      </object_component>
      <object_component id="oc-3b6">
         <name>.text:frexp</name>
         <load_address>0x5b9c</load_address>
         <run_address>0x5b9c</run_address>
         <size>0x64</size>
         <input_file_ref idref="fl-f3"/>
      </object_component>
      <object_component id="oc-2ce">
         <name>.text:_pconv_f</name>
         <load_address>0x5c00</load_address>
         <run_address>0x5c00</run_address>
         <size>0x56</size>
         <input_file_ref idref="fl-e4"/>
      </object_component>
      <object_component id="oc-395">
         <name>.text:__TI_ltoa</name>
         <load_address>0x5c56</load_address>
         <run_address>0x5c56</run_address>
         <size>0x54</size>
         <input_file_ref idref="fl-ec"/>
      </object_component>
      <object_component id="oc-39b">
         <name>.text:_ecpy</name>
         <load_address>0x5caa</load_address>
         <run_address>0x5caa</run_address>
         <size>0x52</size>
         <input_file_ref idref="fl-e4"/>
      </object_component>
      <object_component id="oc-2bc">
         <name>.text:atoi</name>
         <load_address>0x5cfc</load_address>
         <run_address>0x5cfc</run_address>
         <size>0x4c</size>
         <input_file_ref idref="fl-ee"/>
      </object_component>
      <object_component id="oc-132">
         <name>.text</name>
         <load_address>0x5d48</load_address>
         <run_address>0x5d48</run_address>
         <size>0x48</size>
         <input_file_ref idref="fl-d1"/>
      </object_component>
      <object_component id="oc-152">
         <name>.text:__TI_auto_init_nobinit_nopinit:__TI_auto_init_nobinit_nopinit</name>
         <load_address>0x5d90</load_address>
         <run_address>0x5d90</run_address>
         <size>0x44</size>
         <input_file_ref idref="fl-e7"/>
      </object_component>
      <object_component id="oc-1bc">
         <name>.text</name>
         <load_address>0x5dd4</load_address>
         <run_address>0x5dd4</run_address>
         <size>0x44</size>
         <input_file_ref idref="fl-d3"/>
      </object_component>
      <object_component id="oc-fb">
         <name>.text:sprintf</name>
         <load_address>0x5e18</load_address>
         <run_address>0x5e18</run_address>
         <size>0x40</size>
         <input_file_ref idref="fl-cb"/>
      </object_component>
      <object_component id="oc-1a0">
         <name>.text:vsnprintf</name>
         <load_address>0x5e58</load_address>
         <run_address>0x5e58</run_address>
         <size>0x40</size>
         <input_file_ref idref="fl-cc"/>
      </object_component>
      <object_component id="oc-3ae">
         <name>.text:_fcpy</name>
         <load_address>0x5e98</load_address>
         <run_address>0x5e98</run_address>
         <size>0x3e</size>
         <input_file_ref idref="fl-e4"/>
      </object_component>
      <object_component id="oc-221">
         <name>.text:calloc</name>
         <load_address>0x5ed8</load_address>
         <run_address>0x5ed8</run_address>
         <size>0x38</size>
         <input_file_ref idref="fl-da"/>
      </object_component>
      <object_component id="oc-107">
         <name>.text</name>
         <load_address>0x5f10</load_address>
         <run_address>0x5f10</run_address>
         <size>0x38</size>
         <input_file_ref idref="fl-d4"/>
      </object_component>
      <object_component id="oc-187">
         <name>.text:IntRegister</name>
         <load_address>0x5f48</load_address>
         <run_address>0x5f48</run_address>
         <size>0x34</size>
         <input_file_ref idref="fl-f5"/>
      </object_component>
      <object_component id="oc-5c">
         <name>.text:_c_int00_noargs:_c_int00_noargs</name>
         <load_address>0x5f7c</load_address>
         <run_address>0x5f7c</run_address>
         <size>0x34</size>
         <input_file_ref idref="fl-df"/>
      </object_component>
      <object_component id="oc-292">
         <name>.text:_outs</name>
         <load_address>0x5fb0</load_address>
         <run_address>0x5fb0</run_address>
         <size>0x30</size>
         <input_file_ref idref="fl-cc"/>
      </object_component>
      <object_component id="oc-127">
         <name>.text</name>
         <load_address>0x5fe0</load_address>
         <run_address>0x5fe0</run_address>
         <size>0x2e</size>
         <input_file_ref idref="fl-d5"/>
      </object_component>
      <object_component id="oc-33c">
         <name>.text:free_list_insert</name>
         <load_address>0x6010</load_address>
         <run_address>0x6010</run_address>
         <size>0x28</size>
         <input_file_ref idref="fl-da"/>
      </object_component>
      <object_component id="oc-4a">
         <name>.text:decompress:ZI:__TI_zero_init_nomemset:__TI_zero_init_nomemset</name>
         <load_address>0x6038</load_address>
         <run_address>0x6038</run_address>
         <size>0x1c</size>
         <input_file_ref idref="fl-d7"/>
      </object_component>
      <object_component id="oc-336">
         <name>.text:free_list_remove</name>
         <load_address>0x6054</load_address>
         <run_address>0x6054</run_address>
         <size>0x1c</size>
         <input_file_ref idref="fl-da"/>
      </object_component>
      <object_component id="oc-2e0">
         <name>.text:memccpy</name>
         <load_address>0x6070</load_address>
         <run_address>0x6070</run_address>
         <size>0x1c</size>
         <input_file_ref idref="fl-f0"/>
      </object_component>
      <object_component id="oc-308">
         <name>.text:copysign</name>
         <load_address>0x608c</load_address>
         <run_address>0x608c</run_address>
         <size>0x1a</size>
         <input_file_ref idref="fl-e1"/>
      </object_component>
      <object_component id="oc-298">
         <name>.text:_outc</name>
         <load_address>0x60a6</load_address>
         <run_address>0x60a6</run_address>
         <size>0x18</size>
         <input_file_ref idref="fl-cc"/>
      </object_component>
      <object_component id="oc-1d7">
         <name>.text:_outs</name>
         <load_address>0x60be</load_address>
         <run_address>0x60be</run_address>
         <size>0x18</size>
         <input_file_ref idref="fl-cb"/>
      </object_component>
      <object_component id="oc-22d">
         <name>.text:oi_parseInt</name>
         <load_address>0x60d6</load_address>
         <run_address>0x60d6</run_address>
         <size>0x18</size>
         <input_file_ref idref="fl-8"/>
      </object_component>
      <object_component id="oc-1a6">
         <name>.text:strcmp</name>
         <load_address>0x60ee</load_address>
         <run_address>0x60ee</run_address>
         <size>0x18</size>
         <input_file_ref idref="fl-db"/>
      </object_component>
      <object_component id="oc-3bc">
         <name>.text:strchr</name>
         <load_address>0x6106</load_address>
         <run_address>0x6106</run_address>
         <size>0x16</size>
         <input_file_ref idref="fl-f1"/>
      </object_component>
      <object_component id="oc-1ac">
         <name>.text:strcpy</name>
         <load_address>0x611c</load_address>
         <run_address>0x611c</run_address>
         <size>0x14</size>
         <input_file_ref idref="fl-dc"/>
      </object_component>
      <object_component id="oc-101">
         <name>.text:strlen</name>
         <load_address>0x6130</load_address>
         <run_address>0x6130</run_address>
         <size>0x14</size>
         <input_file_ref idref="fl-dd"/>
      </object_component>
      <object_component id="oc-2e6">
         <name>.text:wcslen</name>
         <load_address>0x6144</load_address>
         <run_address>0x6144</run_address>
         <size>0x12</size>
         <input_file_ref idref="fl-f2"/>
      </object_component>
      <object_component id="oc-234">
         <name>.text:IntMasterEnable</name>
         <load_address>0x6156</load_address>
         <run_address>0x6156</run_address>
         <size>0x10</size>
         <input_file_ref idref="fl-f5"/>
      </object_component>
      <object_component id="oc-199">
         <name>.text:lcd_clear</name>
         <load_address>0x6166</load_address>
         <run_address>0x6166</run_address>
         <size>0x10</size>
         <input_file_ref idref="fl-5"/>
      </object_component>
      <object_component id="oc-1b">
         <name>.text:decompress:none:__TI_decompress_none</name>
         <load_address>0x6176</load_address>
         <run_address>0x6176</run_address>
         <size>0xe</size>
         <input_file_ref idref="fl-d8"/>
      </object_component>
      <object_component id="oc-343">
         <name>.text:CPUcpsie</name>
         <load_address>0x6184</load_address>
         <run_address>0x6184</run_address>
         <size>0xc</size>
         <input_file_ref idref="fl-f6"/>
      </object_component>
      <object_component id="oc-2a">
         <name>.text</name>
         <load_address>0x6190</load_address>
         <run_address>0x6190</run_address>
         <size>0xc</size>
         <input_file_ref idref="fl-b"/>
      </object_component>
      <object_component id="oc-1dd">
         <name>.text:_outc</name>
         <load_address>0x619c</load_address>
         <run_address>0x619c</run_address>
         <size>0xa</size>
         <input_file_ref idref="fl-cb"/>
      </object_component>
      <object_component id="oc-1ee">
         <name>.text:__aeabi_errno_addr</name>
         <load_address>0x61a8</load_address>
         <run_address>0x61a8</run_address>
         <size>0x8</size>
         <input_file_ref idref="fl-e0"/>
      </object_component>
      <object_component id="oc-32f">
         <name>.text:malloc</name>
         <load_address>0x61b0</load_address>
         <run_address>0x61b0</run_address>
         <size>0x8</size>
         <input_file_ref idref="fl-da"/>
      </object_component>
      <object_component id="oc-9c">
         <name>.text:_system_pre_init</name>
         <load_address>0x61b8</load_address>
         <run_address>0x61b8</run_address>
         <size>0x4</size>
         <input_file_ref idref="fl-e8"/>
      </object_component>
      <object_component id="oc-146">
         <name>.text:abort:abort</name>
         <load_address>0x61bc</load_address>
         <run_address>0x61bc</run_address>
         <size>0x4</size>
         <input_file_ref idref="fl-ea"/>
      </object_component>
      <object_component id="oc-121">
         <name>.const:$P$T0$1</name>
         <load_address>0x61c0</load_address>
         <run_address>0x61c0</run_address>
         <size>0x190</size>
         <input_file_ref idref="fl-7"/>
      </object_component>
      <object_component id="oc-124">
         <name>.const:$P$T1$2</name>
         <load_address>0x6350</load_address>
         <run_address>0x6350</run_address>
         <size>0x168</size>
         <input_file_ref idref="fl-7"/>
      </object_component>
      <object_component id="oc-322">
         <name>.const:$O1$$</name>
         <load_address>0x64b8</load_address>
         <run_address>0x64b8</run_address>
         <size>0x158</size>
         <input_file_ref idref="fl-de"/>
      </object_component>
      <object_component id="oc-38a">
         <name>.const:.string:_ctypes_</name>
         <load_address>0x6610</load_address>
         <run_address>0x6610</run_address>
         <size>0x101</size>
         <input_file_ref idref="fl-ef"/>
      </object_component>
      <object_component id="oc-1b2">
         <name>.const:.string:lineAddress$1</name>
         <load_address>0x6711</load_address>
         <run_address>0x6711</run_address>
         <size>0x4</size>
         <input_file_ref idref="fl-5"/>
      </object_component>
      <object_component id="oc-328">
         <name>.const:xxx</name>
         <load_address>0x6718</load_address>
         <run_address>0x6718</run_address>
         <size>0x80</size>
         <input_file_ref idref="fl-e2"/>
      </object_component>
      <object_component id="oc-1f4">
         <name>.const:$O1$$</name>
         <load_address>0x6798</load_address>
         <run_address>0x6798</run_address>
         <size>0x30</size>
         <input_file_ref idref="fl-c7"/>
      </object_component>
      <object_component id="oc-23d">
         <name>.const:.string:$P$T0$3</name>
         <load_address>0x67c8</load_address>
         <run_address>0x67c8</run_address>
         <size>0xf</size>
         <input_file_ref idref="fl-8"/>
      </object_component>
      <object_component id="oc-1b3">
         <name>.const:.string:lineAddresses$2</name>
         <load_address>0x67d7</load_address>
         <run_address>0x67d7</run_address>
         <size>0x4</size>
         <input_file_ref idref="fl-5"/>
      </object_component>
      <object_component id="oc-472">
         <name>.cinit..data.load</name>
         <load_address>0x67e0</load_address>
         <run_address>0x67e0</run_address>
         <size>0x18</size>
      </object_component>
      <object_component id="oc-46f">
         <name>__TI_handler_table</name>
         <load_address>0x67f8</load_address>
         <run_address>0x67f8</run_address>
         <size>0xc</size>
      </object_component>
      <object_component id="oc-473">
         <name>.cinit..bss.load</name>
         <load_address>0x6808</load_address>
         <run_address>0x6808</run_address>
         <size>0x8</size>
      </object_component>
      <object_component id="oc-471">
         <name>.cinit..vtable.load</name>
         <load_address>0x6810</load_address>
         <run_address>0x6810</run_address>
         <size>0x8</size>
      </object_component>
      <object_component id="oc-470">
         <name>__TI_cinit_table</name>
         <load_address>0x6818</load_address>
         <run_address>0x6818</run_address>
         <size>0x18</size>
      </object_component>
      <object_component id="oc-280">
         <name>.vtable</name>
         <uninitialized>true</uninitialized>
         <run_address>0x20000000</run_address>
         <size>0x26c</size>
         <input_file_ref idref="fl-f5"/>
      </object_component>
      <object_component id="oc-194">
         <name>.data</name>
         <load_address>0x20003328</load_address>
         <run_address>0x20003328</run_address>
         <size>0x1</size>
         <input_file_ref idref="fl-2"/>
      </object_component>
      <object_component id="oc-23a">
         <name>.data</name>
         <load_address>0x200032f4</load_address>
         <run_address>0x200032f4</run_address>
         <size>0x20</size>
         <input_file_ref idref="fl-8"/>
      </object_component>
      <object_component id="oc-3f7">
         <name>.data:$O1$$</name>
         <load_address>0x2000331c</load_address>
         <run_address>0x2000331c</run_address>
         <size>0x8</size>
         <input_file_ref idref="fl-da"/>
      </object_component>
      <object_component id="oc-300">
         <name>.data</name>
         <load_address>0x20003324</load_address>
         <run_address>0x20003324</run_address>
         <size>0x4</size>
         <input_file_ref idref="fl-e0"/>
      </object_component>
      <object_component id="oc-264">
         <name>.data:$O1$$</name>
         <load_address>0x20003314</load_address>
         <run_address>0x20003314</run_address>
         <size>0x8</size>
         <input_file_ref idref="fl-eb"/>
      </object_component>
      <object_component id="oc-1b4">
         <name>.bss:lastbuffer$3</name>
         <uninitialized>true</uninitialized>
         <run_address>0x20003270</run_address>
         <size>0x54</size>
         <input_file_ref idref="fl-5"/>
      </object_component>
      <object_component id="oc-240">
         <name>.bss:firmware$2</name>
         <uninitialized>true</uninitialized>
         <run_address>0x200032c4</run_address>
         <size>0x18</size>
         <input_file_ref idref="fl-8"/>
      </object_component>
      <object_component id="oc-197">
         <name>.common:_timeout_ticks</name>
         <uninitialized>true</uninitialized>
         <run_address>0x200032dc</run_address>
         <size>0x4</size>
      </object_component>
      <object_component id="oc-1cd">
         <name>.common:pulseWidth</name>
         <uninitialized>true</uninitialized>
         <run_address>0x200032e4</run_address>
         <size>0x4</size>
      </object_component>
      <object_component id="oc-18d">
         <name>.common:state</name>
         <uninitialized>true</uninitialized>
         <run_address>0x200032f0</run_address>
         <size>0x1</size>
      </object_component>
      <object_component id="oc-190">
         <name>.common:rising_time</name>
         <uninitialized>true</uninitialized>
         <run_address>0x200032e8</run_address>
         <size>0x4</size>
      </object_component>
      <object_component id="oc-191">
         <name>.common:falling_time</name>
         <uninitialized>true</uninitialized>
         <run_address>0x200032e0</run_address>
         <size>0x4</size>
      </object_component>
      <object_component id="oc-192">
         <name>.common:timer_overflow</name>
         <uninitialized>true</uninitialized>
         <run_address>0x200032ec</run_address>
         <size>0x4</size>
      </object_component>
      <object_component id="oc-24">
         <name>.sysmem</name>
         <uninitialized>true</uninitialized>
         <run_address>0x20002270</run_address>
         <size>0x10</size>
         <input_file_ref idref="fl-da"/>
      </object_component>
      <object_component id="oc-476">
         <name>.sysmem</name>
         <uninitialized>true</uninitialized>
         <run_address>0x20002270</run_address>
         <size>0x0</size>
      </object_component>
      <object_component id="oc-27">
         <name>.stack</name>
         <uninitialized>true</uninitialized>
         <run_address>0x20000270</run_address>
         <size>0x4</size>
         <input_file_ref idref="fl-df"/>
      </object_component>
      <object_component id="oc-475">
         <name>.stack</name>
         <uninitialized>true</uninitialized>
         <run_address>0x20000270</run_address>
         <size>0x0</size>
      </object_component>
      <object_component id="oc-c5">
         <name>.debug_info</name>
         <load_address>0x0</load_address>
         <run_address>0x0</run_address>
         <size>0x2af</size>
         <input_file_ref idref="fl-2"/>
      </object_component>
      <object_component id="oc-195">
         <name>.debug_info</name>
         <load_address>0x2af</load_address>
         <run_address>0x2af</run_address>
         <size>0xbd</size>
         <input_file_ref idref="fl-2"/>
      </object_component>
      <object_component id="oc-e7">
         <name>.debug_info</name>
         <load_address>0x36c</load_address>
         <run_address>0x36c</run_address>
         <size>0x505</size>
         <input_file_ref idref="fl-2"/>
      </object_component>
      <object_component id="oc-77">
         <name>.debug_info</name>
         <load_address>0x871</load_address>
         <run_address>0x871</run_address>
         <size>0x26b</size>
         <input_file_ref idref="fl-2"/>
      </object_component>
      <object_component id="oc-39">
         <name>.debug_info</name>
         <load_address>0xadc</load_address>
         <run_address>0xadc</run_address>
         <size>0x84</size>
         <input_file_ref idref="fl-2"/>
      </object_component>
      <object_component id="oc-c0">
         <name>.debug_info</name>
         <load_address>0xb60</load_address>
         <run_address>0xb60</run_address>
         <size>0x2a4</size>
         <input_file_ref idref="fl-2"/>
      </object_component>
      <object_component id="oc-7c">
         <name>.debug_info</name>
         <load_address>0xe04</load_address>
         <run_address>0xe04</run_address>
         <size>0xbb</size>
         <input_file_ref idref="fl-2"/>
      </object_component>
      <object_component id="oc-352">
         <name>.debug_info</name>
         <load_address>0xebf</load_address>
         <run_address>0xebf</run_address>
         <size>0x252</size>
         <input_file_ref idref="fl-3"/>
      </object_component>
      <object_component id="oc-d9">
         <name>.debug_info</name>
         <load_address>0x1111</load_address>
         <run_address>0x1111</run_address>
         <size>0x128</size>
         <input_file_ref idref="fl-3"/>
      </object_component>
      <object_component id="oc-25b">
         <name>.debug_info</name>
         <load_address>0x1239</load_address>
         <run_address>0x1239</run_address>
         <size>0xcc</size>
         <input_file_ref idref="fl-3"/>
      </object_component>
      <object_component id="oc-1b7">
         <name>.debug_info</name>
         <load_address>0x1305</load_address>
         <run_address>0x1305</run_address>
         <size>0x2c</size>
         <input_file_ref idref="fl-3"/>
      </object_component>
      <object_component id="oc-2b0">
         <name>.debug_info</name>
         <load_address>0x1331</load_address>
         <run_address>0x1331</run_address>
         <size>0x35</size>
         <input_file_ref idref="fl-3"/>
      </object_component>
      <object_component id="oc-1b6">
         <name>.debug_info</name>
         <load_address>0x1366</load_address>
         <run_address>0x1366</run_address>
         <size>0x37d</size>
         <input_file_ref idref="fl-5"/>
      </object_component>
      <object_component id="oc-19b">
         <name>.debug_info</name>
         <load_address>0x16e3</load_address>
         <run_address>0x16e3</run_address>
         <size>0x112</size>
         <input_file_ref idref="fl-5"/>
      </object_component>
      <object_component id="oc-ec">
         <name>.debug_info</name>
         <load_address>0x17f5</load_address>
         <run_address>0x17f5</run_address>
         <size>0x89e</size>
         <input_file_ref idref="fl-5"/>
      </object_component>
      <object_component id="oc-249">
         <name>.debug_info</name>
         <load_address>0x2093</load_address>
         <run_address>0x2093</run_address>
         <size>0x330</size>
         <input_file_ref idref="fl-6"/>
      </object_component>
      <object_component id="oc-13e">
         <name>.debug_info</name>
         <load_address>0x23c3</load_address>
         <run_address>0x23c3</run_address>
         <size>0x9f7</size>
         <input_file_ref idref="fl-6"/>
      </object_component>
      <object_component id="oc-24c">
         <name>.debug_info</name>
         <load_address>0x2dba</load_address>
         <run_address>0x2dba</run_address>
         <size>0x5aa</size>
         <input_file_ref idref="fl-6"/>
      </object_component>
      <object_component id="oc-144">
         <name>.debug_info</name>
         <load_address>0x3364</load_address>
         <run_address>0x3364</run_address>
         <size>0x634</size>
         <input_file_ref idref="fl-7"/>
      </object_component>
      <object_component id="oc-122">
         <name>.debug_info</name>
         <load_address>0x3998</load_address>
         <run_address>0x3998</run_address>
         <size>0xc2</size>
         <input_file_ref idref="fl-7"/>
      </object_component>
      <object_component id="oc-125">
         <name>.debug_info</name>
         <load_address>0x3a5a</load_address>
         <run_address>0x3a5a</run_address>
         <size>0xc2</size>
         <input_file_ref idref="fl-7"/>
      </object_component>
      <object_component id="oc-a4">
         <name>.debug_info</name>
         <load_address>0x3b1c</load_address>
         <run_address>0x3b1c</run_address>
         <size>0x6bb</size>
         <input_file_ref idref="fl-7"/>
      </object_component>
      <object_component id="oc-251">
         <name>.debug_info</name>
         <load_address>0x41d7</load_address>
         <run_address>0x41d7</run_address>
         <size>0x9a</size>
         <input_file_ref idref="fl-7"/>
      </object_component>
      <object_component id="oc-256">
         <name>.debug_info</name>
         <load_address>0x4271</load_address>
         <run_address>0x4271</run_address>
         <size>0x35</size>
         <input_file_ref idref="fl-7"/>
      </object_component>
      <object_component id="oc-242">
         <name>.debug_info</name>
         <load_address>0x42a6</load_address>
         <run_address>0x42a6</run_address>
         <size>0x3fa</size>
         <input_file_ref idref="fl-8"/>
      </object_component>
      <object_component id="oc-23b">
         <name>.debug_info</name>
         <load_address>0x46a0</load_address>
         <run_address>0x46a0</run_address>
         <size>0x10f</size>
         <input_file_ref idref="fl-8"/>
      </object_component>
      <object_component id="oc-23e">
         <name>.debug_info</name>
         <load_address>0x47af</load_address>
         <run_address>0x47af</run_address>
         <size>0xc4</size>
         <input_file_ref idref="fl-8"/>
      </object_component>
      <object_component id="oc-22f">
         <name>.debug_info</name>
         <load_address>0x4873</load_address>
         <run_address>0x4873</run_address>
         <size>0x13c</size>
         <input_file_ref idref="fl-8"/>
      </object_component>
      <object_component id="oc-139">
         <name>.debug_info</name>
         <load_address>0x49af</load_address>
         <run_address>0x49af</run_address>
         <size>0x1986</size>
         <input_file_ref idref="fl-8"/>
      </object_component>
      <object_component id="oc-243">
         <name>.debug_info</name>
         <load_address>0x6335</load_address>
         <run_address>0x6335</run_address>
         <size>0x8b</size>
         <input_file_ref idref="fl-8"/>
      </object_component>
      <object_component id="oc-18e">
         <name>.debug_info</name>
         <load_address>0x63c0</load_address>
         <run_address>0x63c0</run_address>
         <size>0x350</size>
         <input_file_ref idref="fl-9"/>
      </object_component>
      <object_component id="oc-e0">
         <name>.debug_info</name>
         <load_address>0x6710</load_address>
         <run_address>0x6710</run_address>
         <size>0x1ab</size>
         <input_file_ref idref="fl-9"/>
      </object_component>
      <object_component id="oc-28c">
         <name>.debug_info</name>
         <load_address>0x68bb</load_address>
         <run_address>0x68bb</run_address>
         <size>0x3b</size>
         <input_file_ref idref="fl-9"/>
      </object_component>
      <object_component id="oc-1ce">
         <name>.debug_info</name>
         <load_address>0x68f6</load_address>
         <run_address>0x68f6</run_address>
         <size>0x2b0</size>
         <input_file_ref idref="fl-a"/>
      </object_component>
      <object_component id="oc-f6">
         <name>.debug_info</name>
         <load_address>0x6ba6</load_address>
         <run_address>0x6ba6</run_address>
         <size>0x1eb</size>
         <input_file_ref idref="fl-a"/>
      </object_component>
      <object_component id="oc-32">
         <name>.debug_info</name>
         <load_address>0x6d91</load_address>
         <run_address>0x6d91</run_address>
         <size>0x299</size>
         <input_file_ref idref="fl-b"/>
      </object_component>
      <object_component id="oc-13">
         <name>.debug_info</name>
         <load_address>0x702a</load_address>
         <run_address>0x702a</run_address>
         <size>0xd8</size>
         <input_file_ref idref="fl-b"/>
      </object_component>
      <object_component id="oc-2b">
         <name>.debug_info</name>
         <load_address>0x7102</load_address>
         <run_address>0x7102</run_address>
         <size>0x254</size>
         <input_file_ref idref="fl-b"/>
      </object_component>
      <object_component id="oc-1c2">
         <name>.debug_info</name>
         <load_address>0x7356</load_address>
         <run_address>0x7356</run_address>
         <size>0x257</size>
         <input_file_ref idref="fl-c"/>
      </object_component>
      <object_component id="oc-f2">
         <name>.debug_info</name>
         <load_address>0x75ad</load_address>
         <run_address>0x75ad</run_address>
         <size>0x25f</size>
         <input_file_ref idref="fl-c"/>
      </object_component>
      <object_component id="oc-208">
         <name>.debug_info</name>
         <load_address>0x780c</load_address>
         <run_address>0x780c</run_address>
         <size>0x35e</size>
         <input_file_ref idref="fl-c7"/>
      </object_component>
      <object_component id="oc-1f5">
         <name>.debug_info</name>
         <load_address>0x7b6a</load_address>
         <run_address>0x7b6a</run_address>
         <size>0x128</size>
         <input_file_ref idref="fl-c7"/>
      </object_component>
      <object_component id="oc-10d">
         <name>.debug_info</name>
         <load_address>0x7c92</load_address>
         <run_address>0x7c92</run_address>
         <size>0xbf2</size>
         <input_file_ref idref="fl-c7"/>
      </object_component>
      <object_component id="oc-315">
         <name>.debug_info</name>
         <load_address>0x8884</load_address>
         <run_address>0x8884</run_address>
         <size>0x46</size>
         <input_file_ref idref="fl-c7"/>
      </object_component>
      <object_component id="oc-203">
         <name>.debug_info</name>
         <load_address>0x88ca</load_address>
         <run_address>0x88ca</run_address>
         <size>0x39</size>
         <input_file_ref idref="fl-c7"/>
      </object_component>
      <object_component id="oc-2ff">
         <name>.debug_info</name>
         <load_address>0x8903</load_address>
         <run_address>0x8903</run_address>
         <size>0x2c5</size>
         <input_file_ref idref="fl-c8"/>
      </object_component>
      <object_component id="oc-1ea">
         <name>.debug_info</name>
         <load_address>0x8bc8</load_address>
         <run_address>0x8bc8</run_address>
         <size>0x24e</size>
         <input_file_ref idref="fl-c8"/>
      </object_component>
      <object_component id="oc-30f">
         <name>.debug_info</name>
         <load_address>0x8e16</load_address>
         <run_address>0x8e16</run_address>
         <size>0x2f8</size>
         <input_file_ref idref="fl-c9"/>
      </object_component>
      <object_component id="oc-200">
         <name>.debug_info</name>
         <load_address>0x910e</load_address>
         <run_address>0x910e</run_address>
         <size>0x225</size>
         <input_file_ref idref="fl-c9"/>
      </object_component>
      <object_component id="oc-3e1">
         <name>.debug_info</name>
         <load_address>0x9333</load_address>
         <run_address>0x9333</run_address>
         <size>0x39</size>
         <input_file_ref idref="fl-c9"/>
      </object_component>
      <object_component id="oc-310">
         <name>.debug_info</name>
         <load_address>0x936c</load_address>
         <run_address>0x936c</run_address>
         <size>0x2c</size>
         <input_file_ref idref="fl-c9"/>
      </object_component>
      <object_component id="oc-21f">
         <name>.debug_info</name>
         <load_address>0x9398</load_address>
         <run_address>0x9398</run_address>
         <size>0x36a</size>
         <input_file_ref idref="fl-ca"/>
      </object_component>
      <object_component id="oc-12d">
         <name>.debug_info</name>
         <load_address>0x9702</load_address>
         <run_address>0x9702</run_address>
         <size>0x5d4</size>
         <input_file_ref idref="fl-ca"/>
      </object_component>
      <object_component id="oc-1e4">
         <name>.debug_info</name>
         <load_address>0x9cd6</load_address>
         <run_address>0x9cd6</run_address>
         <size>0x333</size>
         <input_file_ref idref="fl-cb"/>
      </object_component>
      <object_component id="oc-ff">
         <name>.debug_info</name>
         <load_address>0xa009</load_address>
         <run_address>0xa009</run_address>
         <size>0x1d1</size>
         <input_file_ref idref="fl-cb"/>
      </object_component>
      <object_component id="oc-1d8">
         <name>.debug_info</name>
         <load_address>0xa1da</load_address>
         <run_address>0xa1da</run_address>
         <size>0x18d</size>
         <input_file_ref idref="fl-cb"/>
      </object_component>
      <object_component id="oc-1e1">
         <name>.debug_info</name>
         <load_address>0xa367</load_address>
         <run_address>0xa367</run_address>
         <size>0x16d</size>
         <input_file_ref idref="fl-cb"/>
      </object_component>
      <object_component id="oc-2a0">
         <name>.debug_info</name>
         <load_address>0xa4d4</load_address>
         <run_address>0xa4d4</run_address>
         <size>0x2c</size>
         <input_file_ref idref="fl-cb"/>
      </object_component>
      <object_component id="oc-29f">
         <name>.debug_info</name>
         <load_address>0xa500</load_address>
         <run_address>0xa500</run_address>
         <size>0x340</size>
         <input_file_ref idref="fl-cc"/>
      </object_component>
      <object_component id="oc-1a1">
         <name>.debug_info</name>
         <load_address>0xa840</load_address>
         <run_address>0xa840</run_address>
         <size>0x208</size>
         <input_file_ref idref="fl-cc"/>
      </object_component>
      <object_component id="oc-293">
         <name>.debug_info</name>
         <load_address>0xaa48</load_address>
         <run_address>0xaa48</run_address>
         <size>0x1c6</size>
         <input_file_ref idref="fl-cc"/>
      </object_component>
      <object_component id="oc-299">
         <name>.debug_info</name>
         <load_address>0xac0e</load_address>
         <run_address>0xac0e</run_address>
         <size>0x179</size>
         <input_file_ref idref="fl-cc"/>
      </object_component>
      <object_component id="oc-2a5">
         <name>.debug_info</name>
         <load_address>0xad87</load_address>
         <run_address>0xad87</run_address>
         <size>0x69</size>
         <input_file_ref idref="fl-cc"/>
      </object_component>
      <object_component id="oc-1c9">
         <name>.debug_info</name>
         <load_address>0xadf0</load_address>
         <run_address>0xadf0</run_address>
         <size>0x14c</size>
         <input_file_ref idref="fl-cd"/>
      </object_component>
      <object_component id="oc-11e">
         <name>.debug_info</name>
         <load_address>0xaf3c</load_address>
         <run_address>0xaf3c</run_address>
         <size>0x128</size>
         <input_file_ref idref="fl-ce"/>
      </object_component>
      <object_component id="oc-1f8">
         <name>.debug_info</name>
         <load_address>0xb064</load_address>
         <run_address>0xb064</run_address>
         <size>0x12a</size>
         <input_file_ref idref="fl-ce"/>
      </object_component>
      <object_component id="oc-1c5">
         <name>.debug_info</name>
         <load_address>0xb18e</load_address>
         <run_address>0xb18e</run_address>
         <size>0x13a</size>
         <input_file_ref idref="fl-cf"/>
      </object_component>
      <object_component id="oc-115">
         <name>.debug_info</name>
         <load_address>0xb2c8</load_address>
         <run_address>0xb2c8</run_address>
         <size>0x13a</size>
         <input_file_ref idref="fl-d0"/>
      </object_component>
      <object_component id="oc-133">
         <name>.debug_info</name>
         <load_address>0xb402</load_address>
         <run_address>0xb402</run_address>
         <size>0x12e</size>
         <input_file_ref idref="fl-d1"/>
      </object_component>
      <object_component id="oc-119">
         <name>.debug_info</name>
         <load_address>0xb530</load_address>
         <run_address>0xb530</run_address>
         <size>0x13e</size>
         <input_file_ref idref="fl-d2"/>
      </object_component>
      <object_component id="oc-1bd">
         <name>.debug_info</name>
         <load_address>0xb66e</load_address>
         <run_address>0xb66e</run_address>
         <size>0x139</size>
         <input_file_ref idref="fl-d3"/>
      </object_component>
      <object_component id="oc-10a">
         <name>.debug_info</name>
         <load_address>0xb7a7</load_address>
         <run_address>0xb7a7</run_address>
         <size>0x12c</size>
         <input_file_ref idref="fl-d4"/>
      </object_component>
      <object_component id="oc-128">
         <name>.debug_info</name>
         <load_address>0xb8d3</load_address>
         <run_address>0xb8d3</run_address>
         <size>0x12c</size>
         <input_file_ref idref="fl-d5"/>
      </object_component>
      <object_component id="oc-41">
         <name>.debug_info</name>
         <load_address>0xb9ff</load_address>
         <run_address>0xb9ff</run_address>
         <size>0x119</size>
         <input_file_ref idref="fl-d6"/>
      </object_component>
      <object_component id="oc-95">
         <name>.debug_info</name>
         <load_address>0xbb18</load_address>
         <run_address>0xbb18</run_address>
         <size>0x2d4</size>
         <input_file_ref idref="fl-d7"/>
      </object_component>
      <object_component id="oc-4b">
         <name>.debug_info</name>
         <load_address>0xbdec</load_address>
         <run_address>0xbdec</run_address>
         <size>0x1d2</size>
         <input_file_ref idref="fl-d7"/>
      </object_component>
      <object_component id="oc-90">
         <name>.debug_info</name>
         <load_address>0xbfbe</load_address>
         <run_address>0xbfbe</run_address>
         <size>0x46</size>
         <input_file_ref idref="fl-d7"/>
      </object_component>
      <object_component id="oc-ce">
         <name>.debug_info</name>
         <load_address>0xc004</load_address>
         <run_address>0xc004</run_address>
         <size>0x2c</size>
         <input_file_ref idref="fl-d7"/>
      </object_component>
      <object_component id="oc-49">
         <name>.debug_info</name>
         <load_address>0xc030</load_address>
         <run_address>0xc030</run_address>
         <size>0x2a8</size>
         <input_file_ref idref="fl-d8"/>
      </object_component>
      <object_component id="oc-1c">
         <name>.debug_info</name>
         <load_address>0xc2d8</load_address>
         <run_address>0xc2d8</run_address>
         <size>0x1ea</size>
         <input_file_ref idref="fl-d8"/>
      </object_component>
      <object_component id="oc-44">
         <name>.debug_info</name>
         <load_address>0xc4c2</load_address>
         <run_address>0xc4c2</run_address>
         <size>0x46</size>
         <input_file_ref idref="fl-d8"/>
      </object_component>
      <object_component id="oc-88">
         <name>.debug_info</name>
         <load_address>0xc508</load_address>
         <run_address>0xc508</run_address>
         <size>0x2c</size>
         <input_file_ref idref="fl-d8"/>
      </object_component>
      <object_component id="oc-86">
         <name>.debug_info</name>
         <load_address>0xc534</load_address>
         <run_address>0xc534</run_address>
         <size>0x29e</size>
         <input_file_ref idref="fl-d9"/>
      </object_component>
      <object_component id="oc-17">
         <name>.debug_info</name>
         <load_address>0xc7d2</load_address>
         <run_address>0xc7d2</run_address>
         <size>0x250</size>
         <input_file_ref idref="fl-d9"/>
      </object_component>
      <object_component id="oc-34">
         <name>.debug_info</name>
         <load_address>0xca22</load_address>
         <run_address>0xca22</run_address>
         <size>0x60</size>
         <input_file_ref idref="fl-d9"/>
      </object_component>
      <object_component id="oc-c7">
         <name>.debug_info</name>
         <load_address>0xca82</load_address>
         <run_address>0xca82</run_address>
         <size>0x46</size>
         <input_file_ref idref="fl-d9"/>
      </object_component>
      <object_component id="oc-81">
         <name>.debug_info</name>
         <load_address>0xcac8</load_address>
         <run_address>0xcac8</run_address>
         <size>0x39</size>
         <input_file_ref idref="fl-d9"/>
      </object_component>
      <object_component id="oc-70">
         <name>.debug_info</name>
         <load_address>0xcb01</load_address>
         <run_address>0xcb01</run_address>
         <size>0x3b2</size>
         <input_file_ref idref="fl-da"/>
      </object_component>
      <object_component id="oc-25">
         <name>.debug_info</name>
         <load_address>0xceb3</load_address>
         <run_address>0xceb3</run_address>
         <size>0x10c</size>
         <input_file_ref idref="fl-da"/>
      </object_component>
      <object_component id="oc-3f8">
         <name>.debug_info</name>
         <load_address>0xcfbf</load_address>
         <run_address>0xcfbf</run_address>
         <size>0x13f</size>
         <input_file_ref idref="fl-da"/>
      </object_component>
      <object_component id="oc-330">
         <name>.debug_info</name>
         <load_address>0xd0fe</load_address>
         <run_address>0xd0fe</run_address>
         <size>0x168</size>
         <input_file_ref idref="fl-da"/>
      </object_component>
      <object_component id="oc-338">
         <name>.debug_info</name>
         <load_address>0xd266</load_address>
         <run_address>0xd266</run_address>
         <size>0x18e</size>
         <input_file_ref idref="fl-da"/>
      </object_component>
      <object_component id="oc-33e">
         <name>.debug_info</name>
         <load_address>0xd3f4</load_address>
         <run_address>0xd3f4</run_address>
         <size>0x19f</size>
         <input_file_ref idref="fl-da"/>
      </object_component>
      <object_component id="oc-229">
         <name>.debug_info</name>
         <load_address>0xd593</load_address>
         <run_address>0xd593</run_address>
         <size>0x203</size>
         <input_file_ref idref="fl-da"/>
      </object_component>
      <object_component id="oc-434">
         <name>.debug_info</name>
         <load_address>0xd796</load_address>
         <run_address>0xd796</run_address>
         <size>0x1db</size>
         <input_file_ref idref="fl-da"/>
      </object_component>
      <object_component id="oc-223">
         <name>.debug_info</name>
         <load_address>0xd971</load_address>
         <run_address>0xd971</run_address>
         <size>0x1a5</size>
         <input_file_ref idref="fl-da"/>
      </object_component>
      <object_component id="oc-3f2">
         <name>.debug_info</name>
         <load_address>0xdb16</load_address>
         <run_address>0xdb16</run_address>
         <size>0x299</size>
         <input_file_ref idref="fl-da"/>
      </object_component>
      <object_component id="oc-bb">
         <name>.debug_info</name>
         <load_address>0xddaf</load_address>
         <run_address>0xddaf</run_address>
         <size>0xb2</size>
         <input_file_ref idref="fl-da"/>
      </object_component>
      <object_component id="oc-b6">
         <name>.debug_info</name>
         <load_address>0xde61</load_address>
         <run_address>0xde61</run_address>
         <size>0x2c</size>
         <input_file_ref idref="fl-da"/>
      </object_component>
      <object_component id="oc-2ab">
         <name>.debug_info</name>
         <load_address>0xde8d</load_address>
         <run_address>0xde8d</run_address>
         <size>0x28a</size>
         <input_file_ref idref="fl-db"/>
      </object_component>
      <object_component id="oc-1a7">
         <name>.debug_info</name>
         <load_address>0xe117</load_address>
         <run_address>0xe117</run_address>
         <size>0x273</size>
         <input_file_ref idref="fl-db"/>
      </object_component>
      <object_component id="oc-2ad">
         <name>.debug_info</name>
         <load_address>0xe38a</load_address>
         <run_address>0xe38a</run_address>
         <size>0x2a4</size>
         <input_file_ref idref="fl-dc"/>
      </object_component>
      <object_component id="oc-1b0">
         <name>.debug_info</name>
         <load_address>0xe62e</load_address>
         <run_address>0xe62e</run_address>
         <size>0x24d</size>
         <input_file_ref idref="fl-dc"/>
      </object_component>
      <object_component id="oc-1e6">
         <name>.debug_info</name>
         <load_address>0xe87b</load_address>
         <run_address>0xe87b</run_address>
         <size>0x28f</size>
         <input_file_ref idref="fl-dd"/>
      </object_component>
      <object_component id="oc-103">
         <name>.debug_info</name>
         <load_address>0xeb0a</load_address>
         <run_address>0xeb0a</run_address>
         <size>0x245</size>
         <input_file_ref idref="fl-dd"/>
      </object_component>
      <object_component id="oc-326">
         <name>.debug_info</name>
         <load_address>0xed4f</load_address>
         <run_address>0xed4f</run_address>
         <size>0x3aa</size>
         <input_file_ref idref="fl-de"/>
      </object_component>
      <object_component id="oc-323">
         <name>.debug_info</name>
         <load_address>0xf0f9</load_address>
         <run_address>0xf0f9</run_address>
         <size>0x13a</size>
         <input_file_ref idref="fl-de"/>
      </object_component>
      <object_component id="oc-215">
         <name>.debug_info</name>
         <load_address>0xf233</load_address>
         <run_address>0xf233</run_address>
         <size>0x72f</size>
         <input_file_ref idref="fl-de"/>
      </object_component>
      <object_component id="oc-28">
         <name>.debug_info</name>
         <load_address>0xf962</load_address>
         <run_address>0xf962</run_address>
         <size>0x10b</size>
         <input_file_ref idref="fl-df"/>
      </object_component>
      <object_component id="oc-5d">
         <name>.debug_info</name>
         <load_address>0xfa6d</load_address>
         <run_address>0xfa6d</run_address>
         <size>0x1a9</size>
         <input_file_ref idref="fl-df"/>
      </object_component>
      <object_component id="oc-304">
         <name>.debug_info</name>
         <load_address>0xfc16</load_address>
         <run_address>0xfc16</run_address>
         <size>0x289</size>
         <input_file_ref idref="fl-e0"/>
      </object_component>
      <object_component id="oc-301">
         <name>.debug_info</name>
         <load_address>0xfe9f</load_address>
         <run_address>0xfe9f</run_address>
         <size>0x10e</size>
         <input_file_ref idref="fl-e0"/>
      </object_component>
      <object_component id="oc-1f2">
         <name>.debug_info</name>
         <load_address>0xffad</load_address>
         <run_address>0xffad</run_address>
         <size>0x14e</size>
         <input_file_ref idref="fl-e0"/>
      </object_component>
      <object_component id="oc-30b">
         <name>.debug_info</name>
         <load_address>0x100fb</load_address>
         <run_address>0x100fb</run_address>
         <size>0x161</size>
         <input_file_ref idref="fl-e1"/>
      </object_component>
      <object_component id="oc-32c">
         <name>.debug_info</name>
         <load_address>0x1025c</load_address>
         <run_address>0x1025c</run_address>
         <size>0x29b</size>
         <input_file_ref idref="fl-e2"/>
      </object_component>
      <object_component id="oc-329">
         <name>.debug_info</name>
         <load_address>0x104f7</load_address>
         <run_address>0x104f7</run_address>
         <size>0xfa</size>
         <input_file_ref idref="fl-e2"/>
      </object_component>
      <object_component id="oc-219">
         <name>.debug_info</name>
         <load_address>0x105f1</load_address>
         <run_address>0x105f1</run_address>
         <size>0x5d3</size>
         <input_file_ref idref="fl-e2"/>
      </object_component>
      <object_component id="oc-3e7">
         <name>.debug_info</name>
         <load_address>0x10bc4</load_address>
         <run_address>0x10bc4</run_address>
         <size>0x28a</size>
         <input_file_ref idref="fl-e3"/>
      </object_component>
      <object_component id="oc-31d">
         <name>.debug_info</name>
         <load_address>0x10e4e</load_address>
         <run_address>0x10e4e</run_address>
         <size>0x22a</size>
         <input_file_ref idref="fl-e3"/>
      </object_component>
      <object_component id="oc-2ed">
         <name>.debug_info</name>
         <load_address>0x11078</load_address>
         <run_address>0x11078</run_address>
         <size>0x590</size>
         <input_file_ref idref="fl-e4"/>
      </object_component>
      <object_component id="oc-2c3">
         <name>.debug_info</name>
         <load_address>0x11608</load_address>
         <run_address>0x11608</run_address>
         <size>0x21e</size>
         <input_file_ref idref="fl-e4"/>
      </object_component>
      <object_component id="oc-39c">
         <name>.debug_info</name>
         <load_address>0x11826</load_address>
         <run_address>0x11826</run_address>
         <size>0x1b3</size>
         <input_file_ref idref="fl-e4"/>
      </object_component>
      <object_component id="oc-3a2">
         <name>.debug_info</name>
         <load_address>0x119d9</load_address>
         <run_address>0x119d9</run_address>
         <size>0x21b</size>
         <input_file_ref idref="fl-e4"/>
      </object_component>
      <object_component id="oc-2c9">
         <name>.debug_info</name>
         <load_address>0x11bf4</load_address>
         <run_address>0x11bf4</run_address>
         <size>0x3c0</size>
         <input_file_ref idref="fl-e4"/>
      </object_component>
      <object_component id="oc-3a9">
         <name>.debug_info</name>
         <load_address>0x11fb4</load_address>
         <run_address>0x11fb4</run_address>
         <size>0x30a</size>
         <input_file_ref idref="fl-e4"/>
      </object_component>
      <object_component id="oc-3af">
         <name>.debug_info</name>
         <load_address>0x122be</load_address>
         <run_address>0x122be</run_address>
         <size>0x215</size>
         <input_file_ref idref="fl-e4"/>
      </object_component>
      <object_component id="oc-2cf">
         <name>.debug_info</name>
         <load_address>0x124d3</load_address>
         <run_address>0x124d3</run_address>
         <size>0x215</size>
         <input_file_ref idref="fl-e4"/>
      </object_component>
      <object_component id="oc-2d5">
         <name>.debug_info</name>
         <load_address>0x126e8</load_address>
         <run_address>0x126e8</run_address>
         <size>0x304</size>
         <input_file_ref idref="fl-e4"/>
      </object_component>
      <object_component id="oc-2db">
         <name>.debug_info</name>
         <load_address>0x129ec</load_address>
         <run_address>0x129ec</run_address>
         <size>0x4b5</size>
         <input_file_ref idref="fl-e4"/>
      </object_component>
      <object_component id="oc-1d2">
         <name>.debug_info</name>
         <load_address>0x12ea1</load_address>
         <run_address>0x12ea1</run_address>
         <size>0x5f4</size>
         <input_file_ref idref="fl-e4"/>
      </object_component>
      <object_component id="oc-2ee">
         <name>.debug_info</name>
         <load_address>0x13495</load_address>
         <run_address>0x13495</run_address>
         <size>0x86</size>
         <input_file_ref idref="fl-e4"/>
      </object_component>
      <object_component id="oc-3ce">
         <name>.debug_info</name>
         <load_address>0x1351b</load_address>
         <run_address>0x1351b</run_address>
         <size>0x39</size>
         <input_file_ref idref="fl-e4"/>
      </object_component>
      <object_component id="oc-42c">
         <name>.debug_info</name>
         <load_address>0x13554</load_address>
         <run_address>0x13554</run_address>
         <size>0xb6</size>
         <input_file_ref idref="fl-e4"/>
      </object_component>
      <object_component id="oc-3d3">
         <name>.debug_info</name>
         <load_address>0x1360a</load_address>
         <run_address>0x1360a</run_address>
         <size>0x46</size>
         <input_file_ref idref="fl-e4"/>
      </object_component>
      <object_component id="oc-2f3">
         <name>.debug_info</name>
         <load_address>0x13650</load_address>
         <run_address>0x13650</run_address>
         <size>0x46</size>
         <input_file_ref idref="fl-e4"/>
      </object_component>
      <object_component id="oc-98">
         <name>.debug_info</name>
         <load_address>0x13696</load_address>
         <run_address>0x13696</run_address>
         <size>0x147</size>
         <input_file_ref idref="fl-e5"/>
      </object_component>
      <object_component id="oc-390">
         <name>.debug_info</name>
         <load_address>0x137dd</load_address>
         <run_address>0x137dd</run_address>
         <size>0x134</size>
         <input_file_ref idref="fl-e6"/>
      </object_component>
      <object_component id="oc-26b">
         <name>.debug_info</name>
         <load_address>0x13911</load_address>
         <run_address>0x13911</run_address>
         <size>0x4b3</size>
         <input_file_ref idref="fl-e7"/>
      </object_component>
      <object_component id="oc-153">
         <name>.debug_info</name>
         <load_address>0x13dc4</load_address>
         <run_address>0x13dc4</run_address>
         <size>0x1a6</size>
         <input_file_ref idref="fl-e7"/>
      </object_component>
      <object_component id="oc-363">
         <name>.debug_info</name>
         <load_address>0x13f6a</load_address>
         <run_address>0x13f6a</run_address>
[...]
      </symbol>
      <symbol id="sm-184">
         <name>pulseWidth</name>
         <value>0x200032e4</value>
      </symbol>
      <symbol id="sm-185">
         <name>main</name>
         <value>0x29e5</value>
         <object_component_ref idref="oc-a2"/>
      </symbol>
      <symbol id="sm-253">
         <name>go_charge</name>
         <value>0x97f</value>
         <object_component_ref idref="oc-137"/>
      </symbol>
      <symbol id="sm-254">
         <name>GPIOF_Handler</name>
         <value>0xbc3</value>
         <object_component_ref idref="oc-137"/>
      </symbol>
      <symbol id="sm-255">
         <name>oi_free</name>
         <value>0x279</value>
         <object_component_ref idref="oc-137"/>
      </symbol>
      <symbol id="sm-256">
         <name>oi_getMotorCalibrationRight</name>
         <value>0xe01</value>
         <object_component_ref idref="oc-137"/>
      </symbol>
      <symbol id="sm-257">
         <name>oi_uartReceive</name>
         <value>0xa31</value>
         <object_component_ref idref="oc-137"/>
      </symbol>
      <symbol id="sm-258">
         <name>oi_setWheels</name>
         <value>0x88f</value>
         <object_component_ref idref="oc-137"/>
      </symbol>
      <symbol id="sm-259">
         <name>oi_shutoff_init</name>
         <value>0xb51</value>
         <object_component_ref idref="oc-137"/>
      </symbol>
      <symbol id="sm-25a">
         <name>motor_cal_factor_L</name>
         <value>0x200032f4</value>
         <object_component_ref idref="oc-23a"/>
      </symbol>
      <symbol id="sm-25b">
         <name>motor_cal_factor_R</name>
         <value>0x200032f8</value>
         <object_component_ref idref="oc-23a"/>
      </symbol>
      <symbol id="sm-25c">
         <name>oi_parseInt</name>
         <value>0x60d7</value>
         <object_component_ref idref="oc-22d"/>
      </symbol>
      <symbol id="sm-25d">
         <name>oi_setMotorCalibration</name>
         <value>0xdb1</value>
         <object_component_ref idref="oc-137"/>
      </symbol>
      <symbol id="sm-25e">
         <name>oi_uartSendStr</name>
         <value>0xa59</value>
         <object_component_ref idref="oc-137"/>
      </symbol>
      <symbol id="sm-25f">
         <name>oi_close</name>
         <value>0x2c7</value>
         <object_component_ref idref="oc-137"/>
      </symbol>
      <symbol id="sm-260">
         <name>oi_uartSendBuff</name>
         <value>0xa77</value>
         <object_component_ref idref="oc-137"/>
      </symbol>
      <symbol id="sm-261">
         <name>oi_checkFirmware</name>
         <value>0xaa9</value>
         <object_component_ref idref="oc-137"/>
      </symbol>
      <symbol id="sm-262">
         <name>oi_init_noupdate</name>
         <value>0x289</value>
         <object_component_ref idref="oc-137"/>
      </symbol>
      <symbol id="sm-263">
         <name>oi_uartSendChar</name>
         <value>0xa15</value>
         <object_component_ref idref="oc-137"/>
      </symbol>
      <symbol id="sm-264">
         <name>oi_alloc</name>
         <value>0x26d</value>
         <object_component_ref idref="oc-137"/>
      </symbol>
      <symbol id="sm-265">
         <name>oi_getMotorCalibrationLeft</name>
         <value>0xded</value>
         <object_component_ref idref="oc-137"/>
      </symbol>
      <symbol id="sm-266">
         <name>oi_loadSong</name>
         <value>0x915</value>
         <object_component_ref idref="oc-137"/>
      </symbol>
      <symbol id="sm-267">
         <name>oi_play_song</name>
         <value>0x96b</value>
         <object_component_ref idref="oc-137"/>
      </symbol>
      <symbol id="sm-268">
         <name>oi_parsePacket</name>
         <value>0x32b</value>
         <object_component_ref idref="oc-137"/>
      </symbol>
      <symbol id="sm-269">
         <name>oi_setLeds</name>
         <value>0x84b</value>
         <object_component_ref idref="oc-137"/>
      </symbol>
      <symbol id="sm-26a">
         <name>oi_init</name>
         <value>0x2b1</value>
         <object_component_ref idref="oc-137"/>
      </symbol>
      <symbol id="sm-26b">
         <name>oi_update</name>
         <value>0x2d9</value>
         <object_component_ref idref="oc-137"/>
      </symbol>
      <symbol id="sm-26c">
         <name>oi_uartInit</name>
         <value>0x98d</value>
         <object_component_ref idref="oc-137"/>
      </symbol>
      <symbol id="sm-29c">
         <name>state</name>
         <value>0x200032f0</value>
      </symbol>
      <symbol id="sm-29d">
         <name>rising_time</name>
         <value>0x200032e8</value>
      </symbol>
      <symbol id="sm-29e">
         <name>falling_time</name>
         <value>0x200032e0</value>
      </symbol>
      <symbol id="sm-29f">
         <name>timer_overflow</name>
         <value>0x200032ec</value>
      </symbol>
      <symbol id="sm-2a0">
         <name>ping_read</name>
         <value>0x44a3</value>
         <object_component_ref idref="oc-dd"/>
      </symbol>
      <symbol id="sm-2a1">
         <name>TIMER3B_Handler</name>
         <value>0x43b5</value>
         <object_component_ref idref="oc-dd"/>
      </symbol>
      <symbol id="sm-2a2">
         <name>ping_init</name>
         <value>0x43ff</value>
         <object_component_ref idref="oc-dd"/>
      </symbol>
      <symbol id="sm-2c5">
         <name>servo_move</name>
         <value>0x4a23</value>
         <object_component_ref idref="oc-f5"/>
      </symbol>
      <symbol id="sm-2c6">
         <name>servo_init</name>
         <value>0x4965</value>
         <object_component_ref idref="oc-f5"/>
      </symbol>
      <symbol id="sm-2e2">
         <name>ResetISR</name>
         <value>0x6191</value>
         <object_component_ref idref="oc-2a"/>
      </symbol>
      <symbol id="sm-2e3">
         <name>g_pfnVectors</name>
         <value>0x0</value>
         <object_component_ref idref="oc-12"/>
      </symbol>
      <symbol id="sm-304">
         <name>uart_sendChar</name>
         <value>0x542f</value>
         <object_component_ref idref="oc-ef"/>
      </symbol>
      <symbol id="sm-305">
         <name>uart_init</name>
         <value>0x53c5</value>
         <object_component_ref idref="oc-ef"/>
      </symbol>
      <symbol id="sm-306">
         <name>uart_receive</name>
         <value>0x544b</value>
         <object_component_ref idref="oc-ef"/>
      </symbol>
      <symbol id="sm-307">
         <name>uart_sendStr</name>
         <value>0x5469</value>
         <object_component_ref idref="oc-ef"/>
      </symbol>
      <symbol id="sm-39d">
         <name>pow</name>
         <value>0x18dd</value>
         <object_component_ref idref="oc-10c"/>
      </symbol>
      <symbol id="sm-39e">
         <name>powl</name>
         <value>0x18dd</value>
         <object_component_ref idref="oc-10c"/>
      </symbol>
      <symbol id="sm-3c0">
         <name>sqrtl</name>
         <value>0x4ad1</value>
         <object_component_ref idref="oc-1e8"/>
      </symbol>
      <symbol id="sm-3c1">
         <name>sqrt</name>
         <value>0x4ad1</value>
         <object_component_ref idref="oc-1e8"/>
      </symbol>
      <symbol id="sm-3e8">
         <name>scalbn</name>
         <value>0x4fc1</value>
         <object_component_ref idref="oc-1fc"/>
      </symbol>
      <symbol id="sm-3e9">
         <name>scalbnl</name>
         <value>0x4fc1</value>
         <object_component_ref idref="oc-1fc"/>
      </symbol>
      <symbol id="sm-3ea">
         <name>ldexpl</name>
         <value>0x4fc1</value>
         <object_component_ref idref="oc-1fc"/>
      </symbol>
      <symbol id="sm-3eb">
         <name>ldexp</name>
         <value>0x4fc1</value>
         <object_component_ref idref="oc-1fc"/>
      </symbol>
      <symbol id="sm-43c">
         <name>tanl</name>
         <value>0x30b1</value>
         <object_component_ref idref="oc-12c"/>
      </symbol>
      <symbol id="sm-43d">
         <name>tan</name>
         <value>0x30b1</value>
         <object_component_ref idref="oc-12c"/>
      </symbol>
      <symbol id="sm-464">
         <name>sprintf</name>
         <value>0x5e19</value>
         <object_component_ref idref="oc-fb"/>
      </symbol>
      <symbol id="sm-48e">
         <name>vsnprintf</name>
         <value>0x5e59</value>
         <object_component_ref idref="oc-1a0"/>
      </symbol>
      <symbol id="sm-4a5">
         <name>__aeabi_dsub</name>
         <value>0x47ad</value>
         <object_component_ref idref="oc-1c8"/>
      </symbol>
      <symbol id="sm-4a6">
         <name>__aeabi_dadd</name>
         <value>0x47b7</value>
         <object_component_ref idref="oc-1c8"/>
      </symbol>
      <symbol id="sm-4c8">
         <name>__aeabi_cdcmpeq</name>
         <value>0x5861</value>
         <object_component_ref idref="oc-11c"/>
      </symbol>
      <symbol id="sm-4c9">
         <name>__aeabi_cdcmple</name>
         <value>0x5861</value>
         <object_component_ref idref="oc-11c"/>
      </symbol>
      <symbol id="sm-4ca">
         <name>__aeabi_cdrcmple</name>
         <value>0x58e7</value>
         <object_component_ref idref="oc-1f7"/>
      </symbol>
      <symbol id="sm-4de">
         <name>__aeabi_ddiv</name>
         <value>0x4d65</value>
         <object_component_ref idref="oc-1c3"/>
      </symbol>
      <symbol id="sm-4e9">
         <name>__aeabi_dmul</name>
         <value>0x51d1</value>
         <object_component_ref idref="oc-112"/>
      </symbol>
      <symbol id="sm-4f3">
         <name>__aeabi_d2iz</name>
         <value>0x5d49</value>
         <object_component_ref idref="oc-132"/>
      </symbol>
      <symbol id="sm-4ff">
         <name>__aeabi_d2f</name>
         <value>0x5ac7</value>
         <object_component_ref idref="oc-117"/>
      </symbol>
      <symbol id="sm-509">
         <name>__aeabi_d2uiz</name>
         <value>0x5dd5</value>
         <object_component_ref idref="oc-1bc"/>
      </symbol>
      <symbol id="sm-514">
         <name>__aeabi_f2d</name>
         <value>0x5f11</value>
         <object_component_ref idref="oc-107"/>
      </symbol>
      <symbol id="sm-51e">
         <name>__aeabi_i2d</name>
         <value>0x5fe1</value>
         <object_component_ref idref="oc-127"/>
      </symbol>
      <symbol id="sm-539">
         <name>memcpy</name>
         <value>0x572f</value>
         <object_component_ref idref="oc-3e"/>
      </symbol>
      <symbol id="sm-53a">
         <name>__aeabi_memcpy</name>
         <value>0x572f</value>
         <object_component_ref idref="oc-3e"/>
      </symbol>
      <symbol id="sm-53b">
         <name>__aeabi_memcpy8</name>
         <value>0x572f</value>
         <object_component_ref idref="oc-3e"/>
      </symbol>
      <symbol id="sm-53c">
         <name>__aeabi_memcpy4</name>
         <value>0x572f</value>
         <object_component_ref idref="oc-3e"/>
      </symbol>
      <symbol id="sm-555">
         <name>__TI_zero_init_nomemset</name>
         <value>0x6039</value>
         <object_component_ref idref="oc-4a"/>
      </symbol>
      <symbol id="sm-56c">
         <name>__TI_decompress_none</name>
         <value>0x6177</value>
         <object_component_ref idref="oc-1b"/>
      </symbol>
      <symbol id="sm-58f">
         <name>__TI_decompress_lzss</name>
         <value>0x5b35</value>
         <object_component_ref idref="oc-15"/>
      </symbol>
      <symbol id="sm-624">
         <name>_sys_memory</name>
         <value>0x20002270</value>
         <object_component_ref idref="oc-24"/>
      </symbol>
      <symbol id="sm-625">
         <name>free</name>
         <value>0x5599</value>
         <object_component_ref idref="oc-227"/>
      </symbol>
      <symbol id="sm-626">
         <name>memalign</name>
         <value>0x50d1</value>
         <object_component_ref idref="oc-3f0"/>
      </symbol>
      <symbol id="sm-627">
         <name>calloc</name>
         <value>0x5ed9</value>
         <object_component_ref idref="oc-221"/>
      </symbol>
      <symbol id="sm-628">
         <name>malloc</name>
         <value>0x61b1</value>
         <object_component_ref idref="oc-32f"/>
      </symbol>
      <symbol id="sm-629">
         <name>aligned_alloc</name>
         <value>0x50d1</value>
         <object_component_ref idref="oc-3f0"/>
      </symbol>
      <symbol id="sm-638">
         <name>strcmp</name>
         <value>0x60ef</value>
         <object_component_ref idref="oc-1a6"/>
      </symbol>
      <symbol id="sm-646">
         <name>strcpy</name>
         <value>0x611d</value>
         <object_component_ref idref="oc-1ac"/>
      </symbol>
      <symbol id="sm-654">
         <name>strlen</name>
         <value>0x6131</value>
         <object_component_ref idref="oc-101"/>
      </symbol>
      <symbol id="sm-6ba">
         <name>__kernel_rem_pio2</name>
         <value>0x22ad</value>
         <object_component_ref idref="oc-212"/>
      </symbol>
      <symbol id="sm-6cd">
         <name>__stack</name>
         <value>0x20000270</value>
         <object_component_ref idref="oc-27"/>
      </symbol>
      <symbol id="sm-6ce">
         <name>_c_int00_noargs</name>
         <value>0x5f7d</value>
         <object_component_ref idref="oc-5c"/>
      </symbol>
      <symbol id="sm-6e4">
         <name>__aeabi_errno_addr</name>
         <value>0x61a9</value>
         <object_component_ref idref="oc-1ee"/>
      </symbol>
      <symbol id="sm-6e5">
         <name>errno</name>
         <value>0x20003324</value>
         <object_component_ref idref="oc-300"/>
      </symbol>
      <symbol id="sm-6ef">
         <name>copysign</name>
         <value>0x608d</value>
         <object_component_ref idref="oc-308"/>
      </symbol>
      <symbol id="sm-6f0">
         <name>copysignl</name>
         <value>0x608d</value>
         <object_component_ref idref="oc-308"/>
      </symbol>
      <symbol id="sm-70f">
         <name>__kernel_tan</name>
         <value>0x38e1</value>
         <object_component_ref idref="oc-218"/>
      </symbol>
      <symbol id="sm-72c">
         <name>floorl</name>
         <value>0x52cd</value>
         <object_component_ref idref="oc-31c"/>
      </symbol>
      <symbol id="sm-72d">
         <name>floor</name>
         <value>0x52cd</value>
         <object_component_ref idref="oc-31c"/>
      </symbol>
      <symbol id="sm-892">
         <name>__TI_printfi</name>
         <value>0xe8d</value>
         <object_component_ref idref="oc-1d1"/>
      </symbol>
      <symbol id="sm-8a1">
         <name>__aeabi_memset</name>
         <value>0x596f</value>
         <object_component_ref idref="oc-96"/>
      </symbol>
      <symbol id="sm-8a2">
         <name>memset</name>
         <value>0x5975</value>
         <object_component_ref idref="oc-96"/>
      </symbol>
      <symbol id="sm-8a3">
         <name>__aeabi_memset8</name>
         <value>0x596f</value>
         <object_component_ref idref="oc-96"/>
      </symbol>
      <symbol id="sm-8a4">
         <name>__aeabi_memset4</name>
         <value>0x596f</value>
         <object_component_ref idref="oc-96"/>
      </symbol>
      <symbol id="sm-8a5">
         <name>__aeabi_memclr8</name>
         <value>0x596d</value>
         <object_component_ref idref="oc-96"/>
      </symbol>
      <symbol id="sm-8a6">
         <name>__aeabi_memclr4</name>
         <value>0x596d</value>
         <object_component_ref idref="oc-96"/>
      </symbol>
      <symbol id="sm-8a7">
         <name>__aeabi_memclr</name>
         <value>0x596d</value>
         <object_component_ref idref="oc-96"/>
      </symbol>
      <symbol id="sm-8b4">
         <name>__aeabi_uldivmod</name>
         <value>0x57cb</value>
         <object_component_ref idref="oc-38f"/>
      </symbol>
      <symbol id="sm-8dc">
         <name>__TI_auto_init_nobinit_nopinit</name>
         <value>0x5d91</value>
         <object_component_ref idref="oc-152"/>
      </symbol>
      <symbol id="sm-8e6">
         <name>_system_pre_init</name>
         <value>0x61b9</value>
         <object_component_ref idref="oc-9c"/>
      </symbol>
      <symbol id="sm-8f2">
         <name>C$$EXIT</name>
         <value>0x61bd</value>
         <object_component_ref idref="oc-146"/>
      </symbol>
      <symbol id="sm-8f3">
         <name>abort</name>
         <value>0x61bd</value>
         <object_component_ref idref="oc-146"/>
      </symbol>
      <symbol id="sm-908">
         <name>_nop</name>
         <value>0x18db</value>
         <object_component_ref idref="oc-355"/>
      </symbol>
      <symbol id="sm-909">
         <name>_lock</name>
         <value>0x20003314</value>
         <object_component_ref idref="oc-264"/>
      </symbol>
      <symbol id="sm-90a">
         <name>_unlock</name>
         <value>0x20003318</value>
         <object_component_ref idref="oc-264"/>
      </symbol>
      <symbol id="sm-919">
         <name>__TI_ltoa</name>
         <value>0x5c57</value>
         <object_component_ref idref="oc-395"/>
      </symbol>
      <symbol id="sm-930">
         <name>atoi</name>
         <value>0x5cfd</value>
         <object_component_ref idref="oc-2bc"/>
      </symbol>
      <symbol id="sm-93b">
         <name>_ctypes_</name>
         <value>0x6610</value>
         <object_component_ref idref="oc-38a"/>
      </symbol>
      <symbol id="sm-94b">
         <name>memccpy</name>
         <value>0x6071</value>
         <object_component_ref idref="oc-2e0"/>
      </symbol>
      <symbol id="sm-95b">
         <name>strchr</name>
         <value>0x6107</value>
         <object_component_ref idref="oc-3bc"/>
      </symbol>
      <symbol id="sm-974">
         <name>wcslen</name>
         <value>0x6145</value>
         <object_component_ref idref="oc-2e6"/>
      </symbol>
      <symbol id="sm-98a">
         <name>frexpl</name>
         <value>0x5b9d</value>
         <object_component_ref idref="oc-3b6"/>
      </symbol>
      <symbol id="sm-98b">
         <name>frexp</name>
         <value>0x5b9d</value>
         <object_component_ref idref="oc-3b6"/>
      </symbol>
      <symbol id="sm-995">
         <name>__aeabi_idiv0</name>
         <value>0x4963</value>
         <object_component_ref idref="oc-413"/>
      </symbol>
      <symbol id="sm-996">
         <name>__aeabi_ldiv0</name>
         <value>0x4963</value>
         <object_component_ref idref="oc-413"/>
      </symbol>
      <symbol id="sm-9c5">
         <name>IntRegister</name>
         <value>0x5f49</value>
         <object_component_ref idref="oc-187"/>
      </symbol>
      <symbol id="sm-9c6">
         <name>g_pfnRAMVectors</name>
         <value>0x20000000</value>
         <object_component_ref idref="oc-280"/>
      </symbol>
      <symbol id="sm-9c7">
         <name>IntMasterEnable</name>
         <value>0x6157</value>
         <object_component_ref idref="oc-234"/>
      </symbol>
      <symbol id="sm-9d1">
         <name>CPUcpsie</name>
         <value>0x6185</value>
         <object_component_ref idref="oc-343"/>
      </symbol>
      <symbol id="sm-9d2">
         <name>__TI_static_base__</name>
         <value>0x0</value>
      </symbol>
      <symbol id="sm-9d5">
         <name>__mpu_init</name>
         <value>0x0</value>
      </symbol>
      <symbol id="sm-9d6">
         <name>_system_post_cinit</name>
         <value>0x0</value>
      </symbol>
   </symbol_table>
   <title>Link successful</title>
</link_info>
