******************************************************************************
                  TI ARM Linker PC v20.2.7                     
******************************************************************************
>> Linked Wed Nov 29 12:34:07 2023

OUTPUT FILE NAME:   <Lab10.out>
ENTRY POINT SYMBOL: "_c_int00_noargs"  address: 00005f7d


MEMORY CONFIGURATION

         name            origin    length      used     unused   attr    fill
----------------------  --------  ---------  --------  --------  ----  --------
  FLASH                 00000000   00040000  0000682b  000397d5  R  X
  SRAM                  20000000   00008000  00003322  00004cde  RW X


SEGMENT ALLOCATION MAP

run origin  load origin   length   init length attrs members
----------  ----------- ---------- ----------- ----- -------
00000000    00000000    00006830   00006830    r-x
  00000000    00000000    0000026c   0000026c    r-- .intvecs
  0000026c    0000026c    00005f54   00005f54    r-x .text
  000061c0    000061c0    0000061b   0000061b    r-- .const
  000067e0    000067e0    00000050   00000050    r-- .cinit
20000000    20000000    00003329   00000000    rw-
  20000000    20000000    0000026c   00000000    rw- .vtable
  20000270    20000270    00002000   00000000    rw- .stack
  20002270    20002270    00001000   00000000    rw- .sysmem
  20003270    20003270    00000081   00000000    rw- .bss
  200032f4    200032f4    00000035   00000000    rw- .data


SECTION ALLOCATION MAP

 output                                  attributes/
section   page    origin      length       input sections
--------  ----  ----------  ----------   ----------------
.intvecs   0    00000000    0000026c     
                  00000000    0000026c     tm4c123gh6pm_startup_ccs.obj (.intvecs)

.text      0    0000026c    00005f54     
                  0000026c    00000c20     open_interface.obj (.text)
                  00000e8c    00000a4e     rtsv7M4_T_le_v4SPD16_eabi.lib : _printfi.c.obj (.text:__TI_printfi)
                  000018da    00000002                                   : _lock.c.obj (.text:_nop)
                  000018dc    000009d0                                   : e_pow.c.obj (.text:pow)
                  000022ac    00000738                                   : k_rem_pio2.c.obj (.text:__kernel_rem_pio2)
                  000029e4    000006cc     objectAlgo_v2.obj (.text)
                  000030b0    00000508     rtsv7M4_T_le_v4SPD16_eabi.lib : s_tan.c.obj (.text:tan)
                  000035b8    00000328     lcd.obj (.text)
                  000038e0    0000031c     rtsv7M4_T_le_v4SPD16_eabi.lib : k_tan.c.obj (.text:__kernel_tan)
                  00003bfc    00000300     movement.obj (.text)
                  00003efc    00000270     rtsv7M4_T_le_v4SPD16_eabi.lib : _printfi.c.obj (.text:_pconv_a)
                  0000416c    00000248     Timer.obj (.text)
                  000043b4    00000228     ping.obj (.text)
                  000045dc    000001d0     rtsv7M4_T_le_v4SPD16_eabi.lib : _printfi.c.obj (.text:_pconv_g)
                  000047ac    000001b6                                   : fd_add_t2.asm.obj (.text)
                  00004962    00000002                                   : div0.asm.obj (.text)
                  00004964    0000016c     servo.obj (.text)
                  00004ad0    00000158     rtsv7M4_T_le_v4SPD16_eabi.lib : e_sqrt.c.obj (.text:sqrt)
                  00004c28    0000013c                                   : _printfi.c.obj (.text:_pconv_e)
                  00004d64    00000136                                   : fd_div_t2.asm.obj (.text)
                  00004e9a    00000002     --HOLE-- [fill = 0]
                  00004e9c    00000124                                   : _printfi.c.obj (.text:fcvt)
                  00004fc0    00000110                                   : s_scalbn.c.obj (.text:scalbn)
                  000050d0    00000100                                   : memory.c.obj (.text:aligned_alloc)
                  000051d0    000000fc                                   : fd_mul_t2.asm.obj (.text)
                  000052cc    000000f8                                   : s_floor.c.obj (.text:floor)
                  000053c4    000000ec     uart.obj (.text)
                  000054b0    000000e8     adc.obj (.text)
                  00005598    000000e4     rtsv7M4_T_le_v4SPD16_eabi.lib : memory.c.obj (.text:free)
                  0000567c    000000b1                                   : _printfi.c.obj (.text:_ltostr)
                  0000572d    00000001     --HOLE-- [fill = 0]
                  0000572e    0000009c                                   : memcpy_t2.asm.obj (.text)
                  000057ca    00000096                                   : ull_div_t2.asm.obj (.text)
                  00005860    00000086                                   : fd_cmp_t2.asm.obj (.text:__aeabi_cdcmple)
                  000058e6    00000086                                   : fd_cmp_t2.asm.obj (.text:__aeabi_cdrcmple)
                  0000596c    0000007a                                   : memset_t2.asm.obj (.text)
                  000059e6    00000002     --HOLE-- [fill = 0]
                  000059e8    00000070                                   : memory.c.obj (.text:split)
                  00005a58    0000006e                                   : _printfi.c.obj (.text:_mcpy)
                  00005ac6    0000006e                                   : fd_tos_t2.asm.obj (.text)
                  00005b34    00000068                                   : copy_decompress_lzss.c.obj (.text:decompress:lzss:__TI_decompress_lzss)
                  00005b9c    00000064                                   : s_frexp.c.obj (.text:frexp)
                  00005c00    00000056                                   : _printfi.c.obj (.text:_pconv_f)
                  00005c56    00000054                                   : _ltoa.c.obj (.text:__TI_ltoa)
                  00005caa    00000052                                   : _printfi.c.obj (.text:_ecpy)
                  00005cfc    0000004c                                   : atoi.c.obj (.text:atoi)
                  00005d48    00000048                                   : fd_toi_t2.asm.obj (.text)
                  00005d90    00000044                                   : autoinit.c.obj (.text:__TI_auto_init_nobinit_nopinit:__TI_auto_init_nobinit_nopinit)
                  00005dd4    00000044                                   : fd_tou_t2.asm.obj (.text)
                  00005e18    00000040                                   : sprintf.c.obj (.text:sprintf)
                  00005e58    00000040                                   : vsnprintf.c.obj (.text:vsnprintf)
                  00005e98    0000003e                                   : _printfi.c.obj (.text:_fcpy)
                  00005ed6    00000002     --HOLE-- [fill = 0]
                  00005ed8    00000038                                   : memory.c.obj (.text:calloc)
                  00005f10    00000038                                   : fs_tod_t2.asm.obj (.text)
                  00005f48    00000034     driverlib.lib : interrupt.obj (.text:IntRegister)
                  00005f7c    00000034     rtsv7M4_T_le_v4SPD16_eabi.lib : boot_cortex_m.c.obj (.text:_c_int00_noargs:_c_int00_noargs)
                  00005fb0    00000030                                   : vsnprintf.c.obj (.text:_outs)
                  00005fe0    0000002e                                   : i_tofd_t2.asm.obj (.text)
                  0000600e    00000002     --HOLE-- [fill = 0]
                  00006010    00000028                                   : memory.c.obj (.text:free_list_insert)
                  00006038    0000001c                                   : copy_zero_init.c.obj (.text:decompress:ZI:__TI_zero_init_nomemset:__TI_zero_init_nomemset)
                  00006054    0000001c                                   : memory.c.obj (.text:free_list_remove)
                  00006070    0000001c                                   : memccpy.c.obj (.text:memccpy)
                  0000608c    0000001a                                   : s_copysign.c.obj (.text:copysign)
                  000060a6    00000018                                   : vsnprintf.c.obj (.text:_outc)
                  000060be    00000018                                   : sprintf.c.obj (.text:_outs)
                  000060d6    00000018     open_interface.obj (.text:oi_parseInt)
                  000060ee    00000018     rtsv7M4_T_le_v4SPD16_eabi.lib : strcmp.c.obj (.text:strcmp)
                  00006106    00000016                                   : strchr.c.obj (.text:strchr)
                  0000611c    00000014                                   : strcpy.c.obj (.text:strcpy)
                  00006130    00000014                                   : strlen.c.obj (.text:strlen)
                  00006144    00000012                                   : wcslen.c.obj (.text:wcslen)
                  00006156    00000010     driverlib.lib : interrupt.obj (.text:IntMasterEnable)
                  00006166    00000010     lcd.obj (.text:lcd_clear)
                  00006176    0000000e     rtsv7M4_T_le_v4SPD16_eabi.lib : copy_decompress_none.c.obj (.text:decompress:none:__TI_decompress_none)
                  00006184    0000000c     driverlib.lib : cpu.obj (.text:CPUcpsie)
                  00006190    0000000c     tm4c123gh6pm_startup_ccs.obj (.text)
                  0000619c    0000000a     rtsv7M4_T_le_v4SPD16_eabi.lib : sprintf.c.obj (.text:_outc)
                  000061a6    00000002     --HOLE-- [fill = 0]
                  000061a8    00000008                                   : errno.c.obj (.text:__aeabi_errno_addr)
                  000061b0    00000008                                   : memory.c.obj (.text:malloc)
                  000061b8    00000004                                   : pre_init.c.obj (.text:_system_pre_init)
                  000061bc    00000004                                   : exit.c.obj (.text:abort:abort)

.const     0    000061c0    0000061b     
                  000061c0    00000190     objectAlgo_v2.obj (.const:$P$T0$1)
                  00006350    00000168     objectAlgo_v2.obj (.const:$P$T1$2)
                  000064b8    00000158     rtsv7M4_T_le_v4SPD16_eabi.lib : k_rem_pio2.c.obj (.const:$O1$$)
                  00006610    00000101                                   : ctype.c.obj (.const:.string:_ctypes_)
                  00006711    00000004     lcd.obj (.const:.string:lineAddress$1)
                  00006715    00000003     --HOLE-- [fill = 0]
                  00006718    00000080     rtsv7M4_T_le_v4SPD16_eabi.lib : k_tan.c.obj (.const:xxx)
                  00006798    00000030                                   : e_pow.c.obj (.const:$O1$$)
                  000067c8    0000000f     open_interface.obj (.const:.string:$P$T0$3)
                  000067d7    00000004     lcd.obj (.const:.string:lineAddresses$2)

.cinit     0    000067e0    00000050     
                  000067e0    00000018     (.cinit..data.load) [load image, compression = lzss]
                  000067f8    0000000c     (__TI_handler_table)
                  00006804    00000004     --HOLE-- [fill = 0]
                  00006808    00000008     (.cinit..bss.load) [load image, compression = zero_init]
                  00006810    00000008     (.cinit..vtable.load) [load image, compression = zero_init]
                  00006818    00000018     (__TI_cinit_table)

.init_array 
*          0    00000000    00000000     UNINITIALIZED

.vtable    0    20000000    0000026c     UNINITIALIZED
                  20000000    0000026c     driverlib.lib : interrupt.obj (.vtable)

.stack     0    20000270    00002000     UNINITIALIZED
                  20000270    00000004     rtsv7M4_T_le_v4SPD16_eabi.lib : boot_cortex_m.c.obj (.stack)
                  20000274    00001ffc     --HOLE--

.sysmem    0    20002270    00001000     UNINITIALIZED
                  20002270    00000010     rtsv7M4_T_le_v4SPD16_eabi.lib : memory.c.obj (.sysmem)
                  20002280    00000ff0     --HOLE--

.bss       0    20003270    00000081     UNINITIALIZED
                  20003270    00000054     lcd.obj (.bss:lastbuffer$3)
                  200032c4    00000018     open_interface.obj (.bss:firmware$2)
                  200032dc    00000004     (.common:_timeout_ticks)
                  200032e0    00000004     (.common:falling_time)
                  200032e4    00000004     (.common:pulseWidth)
                  200032e8    00000004     (.common:rising_time)
                  200032ec    00000004     (.common:timer_overflow)
                  200032f0    00000001     (.common:state)

.data      0    200032f4    00000035     UNINITIALIZED
                  200032f4    00000020     open_interface.obj (.data)
                  20003314    00000008     rtsv7M4_T_le_v4SPD16_eabi.lib : _lock.c.obj (.data:$O1$$)
                  2000331c    00000008                                   : memory.c.obj (.data:$O1$$)
                  20003324    00000004                                   : errno.c.obj (.data)
                  20003328    00000001     Timer.obj (.data)

__llvm_prf_cnts 
*          0    20000000    00000000     UNINITIALIZED

MODULE SUMMARY

       Module                         code    ro data   rw data
       ------                         ----    -------   -------
    .\
       open_interface.obj             3128    15        56     
       objectAlgo_v2.obj              1740    760       4      
       lcd.obj                        824     8         84     
       movement.obj                   768     0         0      
       tm4c123gh6pm_startup_ccs.obj   12      620       0      
       Timer.obj                      584     0         5      
       ping.obj                       552     0         13     
       servo.obj                      364     0         0      
       uart.obj                       236     0         0      
       adc.obj                        232     0         0      
    +--+------------------------------+-------+---------+---------+
       Total:                         8440    1403      162    
                                                               
    C:/ti/TivaWare_C_Series-2.2.0.295/driverlib/ccs/Debug/driverlib.lib
       interrupt.obj                  68      0         620    
       cpu.obj                        12      0         0      
    +--+------------------------------+-------+---------+---------+
       Total:                         80      0         620    
                                                               
    C:\ti\ccs1230\ccs\tools\compiler\ti-cgt-arm_20.2.7.LTS\lib\rtsv7M4_T_le_v4SPD16_eabi.lib
       _printfi.c.obj                 4851    0         0      
       e_pow.c.obj                    2512    48        0      
       k_rem_pio2.c.obj               1848    344       0      
       s_tan.c.obj                    1288    0         0      
       k_tan.c.obj                    796     128       0      
       memory.c.obj                   728     0         8      
       fd_add_t2.asm.obj              438     0         0      
       e_sqrt.c.obj                   344     0         0      
       fd_div_t2.asm.obj              310     0         0      
       s_scalbn.c.obj                 272     0         0      
       fd_cmp_t2.asm.obj              268     0         0      
       ctype.c.obj                    0       257       0      
       fd_mul_t2.asm.obj              252     0         0      
       s_floor.c.obj                  248     0         0      
       memcpy_t2.asm.obj              156     0         0      
       ull_div_t2.asm.obj             150     0         0      
       vsnprintf.c.obj                136     0         0      
       memset_t2.asm.obj              122     0         0      
       fd_tos_t2.asm.obj              110     0         0      
       copy_decompress_lzss.c.obj     104     0         0      
       s_frexp.c.obj                  100     0         0      
       sprintf.c.obj                  98      0         0      
       _ltoa.c.obj                    84      0         0      
       atoi.c.obj                     76      0         0      
       fd_toi_t2.asm.obj              72      0         0      
       autoinit.c.obj                 68      0         0      
       fd_tou_t2.asm.obj              68      0         0      
       fs_tod_t2.asm.obj              56      0         0      
       boot_cortex_m.c.obj            52      0         0      
       i_tofd_t2.asm.obj              46      0         0      
       copy_zero_init.c.obj           28      0         0      
       memccpy.c.obj                  28      0         0      
       s_copysign.c.obj               26      0         0      
       strcmp.c.obj                   24      0         0      
       strchr.c.obj                   22      0         0      
       strcpy.c.obj                   20      0         0      
       strlen.c.obj                   20      0         0      
       wcslen.c.obj                   18      0         0      
       copy_decompress_none.c.obj     14      0         0      
       errno.c.obj                    8       0         4      
       _lock.c.obj                    2       0         8      
       exit.c.obj                     4       0         0      
       pre_init.c.obj                 4       0         0      
       div0.asm.obj                   2       0         0      
    +--+------------------------------+-------+---------+---------+
       Total:                         15873   777       20     
                                                               
       Heap:                          0       0         4096   
       Stack:                         0       0         8192   
       Linker Generated:              0       76        0      
    +--+------------------------------+-------+---------+---------+
       Grand Total:                   24393   2256      13090  


LINKER GENERATED COPY TABLES

__TI_cinit_table @ 00006818 records: 3, size/record: 8, table size: 24
	.data: load addr=000067e0, load size=00000018 bytes, run addr=200032f4, run size=00000035 bytes, compression=lzss
	.bss: load addr=00006808, load size=00000008 bytes, run addr=20003270, run size=00000081 bytes, compression=zero_init
	.vtable: load addr=00006810, load size=00000008 bytes, run addr=20000000, run size=0000026c bytes, compression=zero_init


LINKER GENERATED HANDLER TABLE

__TI_handler_table @ 000067f8 records: 3, size/record: 4, table size: 12
	index: 0, handler: __TI_zero_init
	index: 1, handler: __TI_decompress_lzss
	index: 2, handler: __TI_decompress_none


GLOBAL SYMBOLS: SORTED ALPHABETICALLY BY Name 

address   name                          
-------   ----                          
000061bd  C$$EXIT                       
00006185  CPUcpsie                      
00000bc3  GPIOF_Handler                 
00006157  IntMasterEnable               
00005f49  IntRegister                   
00006191  ResetISR                      
000043b5  TIMER3B_Handler               
20002270  __STACK_END                   
00002000  __STACK_SIZE                  
20000470  __STACK_TOP                   
00001000  __SYSMEM_SIZE                 
00006818  __TI_CINIT_Base               
00006830  __TI_CINIT_Limit              
000067f8  __TI_Handler_Table_Base       
00006804  __TI_Handler_Table_Limit      
00005d91  __TI_auto_init_nobinit_nopinit
00005b35  __TI_decompress_lzss          
00006177  __TI_decompress_none          
00005c57  __TI_ltoa                     
ffffffff  __TI_pprof_out_hndl           
00000e8d  __TI_printfi                  
ffffffff  __TI_prof_data_size           
ffffffff  __TI_prof_data_start          
00000000  __TI_static_base__            
00006039  __TI_zero_init_nomemset       
00005861  __aeabi_cdcmpeq               
00005861  __aeabi_cdcmple               
000058e7  __aeabi_cdrcmple              
00005ac7  __aeabi_d2f                   
00005d49  __aeabi_d2iz                  
00005dd5  __aeabi_d2uiz                 
000047b7  __aeabi_dadd                  
00004d65  __aeabi_ddiv                  
000051d1  __aeabi_dmul                  
000047ad  __aeabi_dsub                  
000061a9  __aeabi_errno_addr            
00005f11  __aeabi_f2d                   
00005fe1  __aeabi_i2d                   
00004963  __aeabi_idiv0                 
00004963  __aeabi_ldiv0                 
0000596d  __aeabi_memclr                
0000596d  __aeabi_memclr4               
0000596d  __aeabi_memclr8               
0000572f  __aeabi_memcpy                
0000572f  __aeabi_memcpy4               
0000572f  __aeabi_memcpy8               
0000596f  __aeabi_memset                
0000596f  __aeabi_memset4               
0000596f  __aeabi_memset8               
000057cb  __aeabi_uldivmod              
ffffffff  __binit__                     
ffffffff  __c_args__                    
000022ad  __kernel_rem_pio2             
000038e1  __kernel_tan                  
UNDEFED   __mpu_init                    
20000270  __stack                       
20000000  __start___llvm_prf_cnts       
20000000  __stop___llvm_prf_cnts        
00005f7d  _c_int00_noargs               
00006610  _ctypes_                      
20003314  _lock                         
000018db  _nop                          
20003328  _running                      
20002270  _sys_memory                   
UNDEFED   _system_post_cinit            
000061b9  _system_pre_init              
200032dc  _timeout_ticks                
20003318  _unlock                       
000061bd  abort                         
000054b1  adc_init                      
00005531  adc_read                      
000050d1  aligned_alloc                 
00005cfd  atoi                          
ffffffff  binit                         
00005ed9  calloc                        
0000608d  copysign                      
0000608d  copysignl                     
20003324  errno                         
200032e0  falling_time                  
000052cd  floor                         
000052cd  floorl                        
00005599  free                          
00005b9d  frexp                         
00005b9d  frexpl                        
20000000  g_pfnRAMVectors               
00000000  g_pfnVectors                  
0000097f  go_charge                     
00003dc5  lab_part_three                
00006167  lcd_clear                     
0000378d  lcd_gotoLine                  
000035f5  lcd_init                      
000037f3  lcd_printf                    
000036b5  lcd_putc                      
000036ed  lcd_puts                      
000035b9  lcd_reverseNibble             
0000370b  lcd_sendCommand               
00003749  lcd_sendNibble                
000037b5  lcd_setCursorPos              
00004fc1  ldexp                         
00004fc1  ldexpl                        
000029e5  main                          
000061b1  malloc                        
000050d1  memalign                      
00006071  memccpy                       
0000572f  memcpy                        
00005975  memset                        
200032f4  motor_cal_factor_L            
200032f8  motor_cal_factor_R            
00003c71  move_backward                 
00003bfd  move_forward                  
0000026d  oi_alloc                      
00000aa9  oi_checkFirmware              
000002c7  oi_close                      
00000279  oi_free                       
00000ded  oi_getMotorCalibrationLeft    
00000e01  oi_getMotorCalibrationRight   
000002b1  oi_init                       
00000289  oi_init_noupdate              
00000915  oi_loadSong                   
000060d7  oi_parseInt                   
0000032b  oi_parsePacket                
0000096b  oi_play_song                  
0000084b  oi_setLeds                    
00000db1  oi_setMotorCalibration        
0000088f  oi_setWheels                  
00000b51  oi_shutoff_init               
0000098d  oi_uartInit                   
00000a31  oi_uartReceive                
00000a77  oi_uartSendBuff               
00000a15  oi_uartSendChar               
00000a59  oi_uartSendStr                
000002d9  oi_update                     
000043ff  ping_init                     
000044a3  ping_read                     
000018dd  pow                           
000018dd  powl                          
200032e4  pulseWidth                    
200032e8  rising_time                   
00004fc1  scalbn                        
00004fc1  scalbnl                       
00004965  servo_init                    
00004a23  servo_move                    
00005e19  sprintf                       
00004ad1  sqrt                          
00004ad1  sqrtl                         
200032f0  state                         
00006107  strchr                        
000060ef  strcmp                        
0000611d  strcpy                        
00006131  strlen                        
000030b1  tan                           
000030b1  tanl                          
0000428b  timer_getMicros               
00004233  timer_getMillis               
0000416d  timer_init                    
200032ec  timer_overflow                
0000420f  timer_pause                   
00004221  timer_resume                  
000041e5  timer_stop                    
000042e5  timer_waitMicros              
00004317  timer_waitMillis              
00003ce9  turn_clockwise                
00003d57  turn_counterclockwise         
000053c5  uart_init                     
0000544b  uart_receive                  
0000542f  uart_sendChar                 
00005469  uart_sendStr                  
00005e59  vsnprintf                     
00006145  wcslen                        


GLOBAL SYMBOLS: SORTED BY Symbol Address 

address   name                          
-------   ----                          
00000000  __TI_static_base__            
00000000  g_pfnVectors                  
0000026d  oi_alloc                      
00000279  oi_free                       
00000289  oi_init_noupdate              
000002b1  oi_init                       
000002c7  oi_close                      
000002d9  oi_update                     
0000032b  oi_parsePacket                
0000084b  oi_setLeds                    
0000088f  oi_setWheels                  
00000915  oi_loadSong                   
0000096b  oi_play_song                  
0000097f  go_charge                     
0000098d  oi_uartInit                   
00000a15  oi_uartSendChar               
00000a31  oi_uartReceive                
00000a59  oi_uartSendStr                
00000a77  oi_uartSendBuff               
00000aa9  oi_checkFirmware              
00000b51  oi_shutoff_init               
00000bc3  GPIOF_Handler                 
00000db1  oi_setMotorCalibration        
00000ded  oi_getMotorCalibrationLeft    
00000e01  oi_getMotorCalibrationRight   
00000e8d  __TI_printfi                  
00001000  __SYSMEM_SIZE                 
000018db  _nop                          
000018dd  pow                           
000018dd  powl                          
00002000  __STACK_SIZE                  
000022ad  __kernel_rem_pio2             
000029e5  main                          
000030b1  tan                           
000030b1  tanl                          
000035b9  lcd_reverseNibble             
000035f5  lcd_init                      
000036b5  lcd_putc                      
000036ed  lcd_puts                      
0000370b  lcd_sendCommand               
00003749  lcd_sendNibble                
0000378d  lcd_gotoLine                  
000037b5  lcd_setCursorPos              
000037f3  lcd_printf                    
000038e1  __kernel_tan                  
00003bfd  move_forward                  
00003c71  move_backward                 
00003ce9  turn_clockwise                
00003d57  turn_counterclockwise         
00003dc5  lab_part_three                
0000416d  timer_init                    
000041e5  timer_stop                    
0000420f  timer_pause                   
00004221  timer_resume                  
00004233  timer_getMillis               
0000428b  timer_getMicros               
000042e5  timer_waitMicros              
00004317  timer_waitMillis              
000043b5  TIMER3B_Handler               
000043ff  ping_init                     
000044a3  ping_read                     
000047ad  __aeabi_dsub                  
000047b7  __aeabi_dadd                  
00004963  __aeabi_idiv0                 
00004963  __aeabi_ldiv0                 
00004965  servo_init                    
00004a23  servo_move                    
00004ad1  sqrt                          
00004ad1  sqrtl                         
00004d65  __aeabi_ddiv                  
00004fc1  ldexp                         
00004fc1  ldexpl                        
00004fc1  scalbn                        
00004fc1  scalbnl                       
000050d1  aligned_alloc                 
000050d1  memalign                      
000051d1  __aeabi_dmul                  
000052cd  floor                         
000052cd  floorl                        
000053c5  uart_init                     
0000542f  uart_sendChar                 
0000544b  uart_receive                  
00005469  uart_sendStr                  
000054b1  adc_init                      
00005531  adc_read                      
00005599  free                          
0000572f  __aeabi_memcpy                
0000572f  __aeabi_memcpy4               
0000572f  __aeabi_memcpy8               
0000572f  memcpy                        
000057cb  __aeabi_uldivmod              
00005861  __aeabi_cdcmpeq               
00005861  __aeabi_cdcmple               
000058e7  __aeabi_cdrcmple              
0000596d  __aeabi_memclr                
0000596d  __aeabi_memclr4               
0000596d  __aeabi_memclr8               
0000596f  __aeabi_memset                
0000596f  __aeabi_memset4               
0000596f  __aeabi_memset8               
00005975  memset                        
00005ac7  __aeabi_d2f                   
00005b35  __TI_decompress_lzss          
00005b9d  frexp                         
00005b9d  frexpl                        
00005c57  __TI_ltoa                     
00005cfd  atoi                          
00005d49  __aeabi_d2iz                  
00005d91  __TI_auto_init_nobinit_nopinit
00005dd5  __aeabi_d2uiz                 
00005e19  sprintf                       
00005e59  vsnprintf                     
00005ed9  calloc                        
00005f11  __aeabi_f2d                   
00005f49  IntRegister                   
00005f7d  _c_int00_noargs               
00005fe1  __aeabi_i2d                   
00006039  __TI_zero_init_nomemset       
00006071  memccpy                       
0000608d  copysign                      
0000608d  copysignl                     
000060d7  oi_parseInt                   
000060ef  strcmp                        
00006107  strchr                        
0000611d  strcpy                        
00006131  strlen                        
00006145  wcslen                        
00006157  IntMasterEnable               
00006167  lcd_clear                     
00006177  __TI_decompress_none          
00006185  CPUcpsie                      
00006191  ResetISR                      
000061a9  __aeabi_errno_addr            
000061b1  malloc                        
000061b9  _system_pre_init              
000061bd  C$$EXIT                       
000061bd  abort                         
00006610  _ctypes_                      
000067f8  __TI_Handler_Table_Base       
00006804  __TI_Handler_Table_Limit      
00006818  __TI_CINIT_Base               
00006830  __TI_CINIT_Limit              
20000000  __start___llvm_prf_cnts       
20000000  __stop___llvm_prf_cnts        
20000000  g_pfnRAMVectors               
20000270  __stack                       
20000470  __STACK_TOP                   
20002270  __STACK_END                   
20002270  _sys_memory                   
200032dc  _timeout_ticks                
200032e0  falling_time                  
200032e4  pulseWidth                    
200032e8  rising_time                   
200032ec  timer_overflow                
200032f0  state                         
200032f4  motor_cal_factor_L            
200032f8  motor_cal_factor_R            
20003314  _lock                         
20003318  _unlock                       
20003324  errno                         
20003328  _running                      
ffffffff  __TI_pprof_out_hndl           
ffffffff  __TI_prof_data_size           
ffffffff  __TI_prof_data_start          
ffffffff  __binit__                     
ffffffff  __c_args__                    
ffffffff  binit                         
UNDEFED   __mpu_init                    
UNDEFED   _system_post_cinit            

[169 symbols]
