******************************************************************************
                  TI ARM Linker PC v20.2.7                     
******************************************************************************
>> Linked Wed Nov 15 13:43:00 2023

OUTPUT FILE NAME:   <lab_10.out>
ENTRY POINT SYMBOL: "_c_int00_noargs"  address: 00006805


MEMORY CONFIGURATION

         name            origin    length      used     unused   attr    fill
----------------------  --------  ---------  --------  --------  ----  --------
  FLASH                 00000000   00040000  00006f66  0003909a  R  X
  SRAM                  20000000   00008000  00000f29  000070d7  RW X


SEGMENT ALLOCATION MAP

run origin  load origin   length   init length attrs members
----------  ----------- ---------- ----------- ----- -------
00000000    00000000    00006f68   00006f68    r-x
  00000000    00000000    0000026c   0000026c    r-- .intvecs
  0000026c    0000026c    000067dc   000067dc    r-x .text
  00006a48    00006a48    000004ce   000004ce    r-- .const
  00006f18    00006f18    00000050   00000050    r-- .cinit
20000000    20000000    00000f2e   00000000    rw-
  20000000    20000000    0000026c   00000000    rw- .vtable
  20000270    20000270    00000800   00000000    rw- .stack
  20000a70    20000a70    00000400   00000000    rw- .sysmem
  20000e70    20000e70    00000087   00000000    rw- .bss
  20000ef8    20000ef8    00000036   00000000    rw- .data


SECTION ALLOCATION MAP

 output                                  attributes/
section   page    origin      length       input sections
--------  ----  ----------  ----------   ----------------
.intvecs   0    00000000    0000026c     
                  00000000    0000026c     tm4c123gh6pm_startup_ccs.obj (.intvecs)

.text      0    0000026c    000067dc     
                  0000026c    000016cc     scan.obj (.text)
                  00001938    00000c20     open_interface.obj (.text)
                  00002558    00000a4e     rtsv7M4_T_le_v4SPD16_eabi.lib : _printfi.c.obj (.text:__TI_printfi)
                  00002fa6    00000002                                   : _lock.c.obj (.text:_nop)
                  00002fa8    00000738                                   : k_rem_pio2.c.obj (.text:__kernel_rem_pio2)
                  000036e0    00000508                                   : s_tan.c.obj (.text:tan)
                  00003be8    000003b2     movement.obj (.text)
                  00003f9a    00000002     rtsv7M4_T_le_v4SPD16_eabi.lib : div0.asm.obj (.text)
                  00003f9c    00000328     lcd.obj (.text)
                  000042c4    0000031c     rtsv7M4_T_le_v4SPD16_eabi.lib : k_tan.c.obj (.text:__kernel_tan)
                  000045e0    000002e8     servo.obj (.text)
                  000048c8    00000270     rtsv7M4_T_le_v4SPD16_eabi.lib : _printfi.c.obj (.text:_pconv_a)
                  00004b38    00000248     Timer.obj (.text)
                  00004d80    00000228     ping.obj (.text)
                  00004fa8    000001d0     rtsv7M4_T_le_v4SPD16_eabi.lib : _printfi.c.obj (.text:_pconv_g)
                  00005178    000001b6                                   : fd_add_t2.asm.obj (.text)
                  0000532e    00000002     --HOLE-- [fill = 0]
                  00005330    00000188     uart.obj (.text)
                  000054b8    0000013c     rtsv7M4_T_le_v4SPD16_eabi.lib : _printfi.c.obj (.text:_pconv_e)
                  000055f4    00000136                                   : fd_div_t2.asm.obj (.text)
                  0000572a    00000002     --HOLE-- [fill = 0]
                  0000572c    00000124                                   : _printfi.c.obj (.text:fcvt)
                  00005850    00000120     adc.obj (.text)
                  00005970    00000110     rtsv7M4_T_le_v4SPD16_eabi.lib : s_scalbn.c.obj (.text:scalbn)
                  00005a80    00000100                                   : memory.c.obj (.text:aligned_alloc)
                  00005b80    000000fc                                   : fd_mul_t2.asm.obj (.text)
                  00005c7c    000000f8                                   : s_floor.c.obj (.text:floor)
                  00005d74    000000f0     button.obj (.text)
                  00005e64    000000e4     rtsv7M4_T_le_v4SPD16_eabi.lib : memory.c.obj (.text:free)
                  00005f48    000000b1                                   : _printfi.c.obj (.text:_ltostr)
                  00005ff9    00000001     --HOLE-- [fill = 0]
                  00005ffa    0000009c                                   : memcpy_t2.asm.obj (.text)
                  00006096    00000096                                   : ull_div_t2.asm.obj (.text)
                  0000612c    00000086                                   : fd_cmp_t2.asm.obj (.text:__aeabi_cdcmple)
                  000061b2    00000086                                   : fd_cmp_t2.asm.obj (.text:__aeabi_cdrcmple)
                  00006238    0000007a                                   : memset_t2.asm.obj (.text)
                  000062b2    00000002     --HOLE-- [fill = 0]
                  000062b4    00000070                                   : memory.c.obj (.text:split)
                  00006324    0000006e                                   : _printfi.c.obj (.text:_mcpy)
                  00006392    0000006e                                   : fd_tos_t2.asm.obj (.text)
                  00006400    00000068                                   : copy_decompress_lzss.c.obj (.text:decompress:lzss:__TI_decompress_lzss)
                  00006468    00000064                                   : s_frexp.c.obj (.text:frexp)
                  000064cc    00000056                                   : _printfi.c.obj (.text:_pconv_f)
                  00006522    00000054                                   : _ltoa.c.obj (.text:__TI_ltoa)
                  00006576    00000052                                   : _printfi.c.obj (.text:_ecpy)
                  000065c8    0000004c                                   : atoi.c.obj (.text:atoi)
                  00006614    00000048                                   : fd_toi_t2.asm.obj (.text)
                  0000665c    00000044                                   : autoinit.c.obj (.text:__TI_auto_init_nobinit_nopinit:__TI_auto_init_nobinit_nopinit)
                  000066a0    00000040                                   : sprintf.c.obj (.text:sprintf)
                  000066e0    00000040                                   : vsnprintf.c.obj (.text:vsnprintf)
                  00006720    0000003e                                   : _printfi.c.obj (.text:_fcpy)
                  0000675e    00000002     --HOLE-- [fill = 0]
                  00006760    00000038                                   : memory.c.obj (.text:calloc)
                  00006798    00000038                                   : fs_tod_t2.asm.obj (.text)
                  000067d0    00000034     driverlib.lib : interrupt.obj (.text:IntRegister)
                  00006804    00000034     rtsv7M4_T_le_v4SPD16_eabi.lib : boot_cortex_m.c.obj (.text:_c_int00_noargs:_c_int00_noargs)
                  00006838    00000030                                   : vsnprintf.c.obj (.text:_outs)
                  00006868    0000002e                                   : i_tofd_t2.asm.obj (.text)
                  00006896    00000002     --HOLE-- [fill = 0]
                  00006898    00000028                                   : memory.c.obj (.text:free_list_insert)
                  000068c0    0000001c                                   : copy_zero_init.c.obj (.text:decompress:ZI:__TI_zero_init_nomemset:__TI_zero_init_nomemset)
                  000068dc    0000001c                                   : memory.c.obj (.text:free_list_remove)
                  000068f8    0000001c                                   : memccpy.c.obj (.text:memccpy)
                  00006914    0000001a                                   : s_copysign.c.obj (.text:copysign)
                  0000692e    00000018                                   : vsnprintf.c.obj (.text:_outc)
                  00006946    00000018                                   : sprintf.c.obj (.text:_outs)
                  0000695e    00000018     open_interface.obj (.text:oi_parseInt)
                  00006976    00000018     rtsv7M4_T_le_v4SPD16_eabi.lib : strcmp.c.obj (.text:strcmp)
                  0000698e    00000016                                   : strchr.c.obj (.text:strchr)
                  000069a4    00000014                                   : strcpy.c.obj (.text:strcpy)
                  000069b8    00000014                                   : strlen.c.obj (.text:strlen)
                  000069cc    00000012                                   : wcslen.c.obj (.text:wcslen)
                  000069de    00000010     driverlib.lib : interrupt.obj (.text:IntMasterEnable)
                  000069ee    00000010     lcd.obj (.text:lcd_clear)
                  000069fe    0000000e     rtsv7M4_T_le_v4SPD16_eabi.lib : copy_decompress_none.c.obj (.text:decompress:none:__TI_decompress_none)
                  00006a0c    0000000c     driverlib.lib : cpu.obj (.text:CPUcpsie)
                  00006a18    0000000c     tm4c123gh6pm_startup_ccs.obj (.text)
                  00006a24    0000000a     rtsv7M4_T_le_v4SPD16_eabi.lib : sprintf.c.obj (.text:_outc)
                  00006a2e    00000002     --HOLE-- [fill = 0]
                  00006a30    00000008                                   : errno.c.obj (.text:__aeabi_errno_addr)
                  00006a38    00000008                                   : memory.c.obj (.text:malloc)
                  00006a40    00000004                                   : pre_init.c.obj (.text:_system_pre_init)
                  00006a44    00000004                                   : exit.c.obj (.text:abort:abort)

.const     0    00006a48    000004ce     
                  00006a48    00000158     rtsv7M4_T_le_v4SPD16_eabi.lib : k_rem_pio2.c.obj (.const:$O1$$)
                  00006ba0    00000101                                   : ctype.c.obj (.const:.string:_ctypes_)
                  00006ca1    00000004     lcd.obj (.const:.string:lineAddress$1)
                  00006ca5    00000003     --HOLE-- [fill = 0]
                  00006ca8    00000080     rtsv7M4_T_le_v4SPD16_eabi.lib : k_tan.c.obj (.const:xxx)
                  00006d28    0000006c     scan.obj (.const:.string:$P$T1$2)
                  00006d94    00000066     scan.obj (.const:.string:$P$T2$3)
                  00006dfa    00000032     scan.obj (.const:.string:$P$T4$5)
                  00006e2c    00000032     scan.obj (.const:.string:$P$T7$8)
                  00006e5e    00000030     scan.obj (.const:.string:$P$T5$6)
                  00006e8e    0000002f     scan.obj (.const:.string:$P$T3$4)
                  00006ebd    0000002f     scan.obj (.const:.string:$P$T6$7)
                  00006eec    00000017     scan.obj (.const:.string:$P$T0$1)
                  00006f03    0000000f     open_interface.obj (.const:.string:$P$T0$3)
                  00006f12    00000004     lcd.obj (.const:.string:lineAddresses$2)

.cinit     0    00006f18    00000050     
                  00006f18    00000018     (.cinit..data.load) [load image, compression = lzss]
                  00006f30    0000000c     (__TI_handler_table)
                  00006f3c    00000004     --HOLE-- [fill = 0]
                  00006f40    00000008     (.cinit..bss.load) [load image, compression = zero_init]
                  00006f48    00000008     (.cinit..vtable.load) [load image, compression = zero_init]
                  00006f50    00000018     (__TI_cinit_table)

.init_array 
*          0    00000000    00000000     UNINITIALIZED

.vtable    0    20000000    0000026c     UNINITIALIZED
                  20000000    0000026c     driverlib.lib : interrupt.obj (.vtable)

.stack     0    20000270    00000800     UNINITIALIZED
                  20000270    00000004     rtsv7M4_T_le_v4SPD16_eabi.lib : boot_cortex_m.c.obj (.stack)
                  20000274    000007fc     --HOLE--

.sysmem    0    20000a70    00000400     UNINITIALIZED
                  20000a70    00000010     rtsv7M4_T_le_v4SPD16_eabi.lib : memory.c.obj (.sysmem)
                  20000a80    000003f0     --HOLE--

.bss       0    20000e70    00000087     UNINITIALIZED
                  20000e70    00000054     lcd.obj (.bss:lastbuffer$3)
                  20000ec4    00000018     open_interface.obj (.bss:firmware$2)
                  20000edc    00000004     (.common:_timeout_ticks)
                  20000ee0    00000004     (.common:button_event)
                  20000ee4    00000004     (.common:button_num)
                  20000ee8    00000004     (.common:falling_time)
                  20000eec    00000004     (.common:rising_time)
                  20000ef0    00000004     (.common:timer_overflow)
                  20000ef4    00000001     (.common:flag)
                  20000ef5    00000001     (.common:state)
                  20000ef6    00000001     (.common:uart_data)

.data      0    20000ef8    00000036     UNINITIALIZED
                  20000ef8    00000020     open_interface.obj (.data)
                  20000f18    00000008     rtsv7M4_T_le_v4SPD16_eabi.lib : _lock.c.obj (.data:$O1$$)
                  20000f20    00000008                                   : memory.c.obj (.data:$O1$$)
                  20000f28    00000004                                   : errno.c.obj (.data)
                  20000f2c    00000001     Timer.obj (.data)
                  20000f2d    00000001     button.obj (.data)

__llvm_prf_cnts 
*          0    20000000    00000000     UNINITIALIZED

MODULE SUMMARY

       Module                         code    ro data   rw data
       ------                         ----    -------   -------
    .\
       scan.obj                       5836    475       0      
       open_interface.obj             3128    15        56     
       movement.obj                   946     0         0      
       lcd.obj                        824     8         84     
       servo.obj                      744     0         0      
       tm4c123gh6pm_startup_ccs.obj   12      620       0      
       Timer.obj                      584     0         5      
       ping.obj                       552     0         13     
       uart.obj                       392     0         2      
       adc.obj                        288     0         0      
       button.obj                     240     0         9      
    +--+------------------------------+-------+---------+---------+
       Total:                         13546   1118      169    
                                                               
    C:/ti/TivaWare_C_Series-2.2.0.295/driverlib/ccs/Debug/driverlib.lib
       interrupt.obj                  68      0         620    
       cpu.obj                        12      0         0      
    +--+------------------------------+-------+---------+---------+
       Total:                         80      0         620    
                                                               
    C:\ti\ccs1230\ccs\tools\compiler\ti-cgt-arm_20.2.7.LTS\lib\rtsv7M4_T_le_v4SPD16_eabi.lib
       _printfi.c.obj                 4851    0         0      
       k_rem_pio2.c.obj               1848    344       0      
       s_tan.c.obj                    1288    0         0      
       k_tan.c.obj                    796     128       0      
       memory.c.obj                   728     0         8      
       fd_add_t2.asm.obj              438     0         0      
       fd_div_t2.asm.obj              310     0         0      
       s_scalbn.c.obj                 272     0         0      
       fd_cmp_t2.asm.obj              268     0         0      
       ctype.c.obj                    0       257       0      
       fd_mul_t2.asm.obj              252     0         0      
       s_floor.c.obj                  248     0         0      
       memcpy_t2.asm.obj              156     0         0      
       ull_div_t2.asm.obj             150     0         0      
       vsnprintf.c.obj                136     0         0      
       memset_t2.asm.obj              122     0         0      
       fd_tos_t2.asm.obj              110     0         0      
       copy_decompress_lzss.c.obj     104     0         0      
       s_frexp.c.obj                  100     0         0      
       sprintf.c.obj                  98      0         0      
       _ltoa.c.obj                    84      0         0      
       atoi.c.obj                     76      0         0      
       fd_toi_t2.asm.obj              72      0         0      
       autoinit.c.obj                 68      0         0      
       fs_tod_t2.asm.obj              56      0         0      
       boot_cortex_m.c.obj            52      0         0      
       i_tofd_t2.asm.obj              46      0         0      
       copy_zero_init.c.obj           28      0         0      
       memccpy.c.obj                  28      0         0      
       s_copysign.c.obj               26      0         0      
       strcmp.c.obj                   24      0         0      
       strchr.c.obj                   22      0         0      
       strcpy.c.obj                   20      0         0      
       strlen.c.obj                   20      0         0      
       wcslen.c.obj                   18      0         0      
       copy_decompress_none.c.obj     14      0         0      
       errno.c.obj                    8       0         4      
       _lock.c.obj                    2       0         8      
       exit.c.obj                     4       0         0      
       pre_init.c.obj                 4       0         0      
       div0.asm.obj                   2       0         0      
    +--+------------------------------+-------+---------+---------+
       Total:                         12949   729       20     
                                                               
       Heap:                          0       0         1024   
       Stack:                         0       0         2048   
       Linker Generated:              0       76        0      
    +--+------------------------------+-------+---------+---------+
       Grand Total:                   26575   1923      3881   


LINKER GENERATED COPY TABLES

__TI_cinit_table @ 00006f50 records: 3, size/record: 8, table size: 24
	.data: load addr=00006f18, load size=00000018 bytes, run addr=20000ef8, run size=00000036 bytes, compression=lzss
	.bss: load addr=00006f40, load size=00000008 bytes, run addr=20000e70, run size=00000087 bytes, compression=zero_init
	.vtable: load addr=00006f48, load size=00000008 bytes, run addr=20000000, run size=0000026c bytes, compression=zero_init


LINKER GENERATED HANDLER TABLE

__TI_handler_table @ 00006f30 records: 3, size/record: 4, table size: 12
	index: 0, handler: __TI_zero_init
	index: 1, handler: __TI_decompress_lzss
	index: 2, handler: __TI_decompress_none


GLOBAL SYMBOLS: SORTED ALPHABETICALLY BY Name 

address   name                          
-------   ----                          
00006a45  C$$EXIT                       
00006a0d  CPUcpsie                      
0000228f  GPIOF_Handler                 
000069df  IntMasterEnable               
000067d1  IntRegister                   
00006a19  ResetISR                      
00004d81  TIMER3B_Handler               
20000a70  __STACK_END                   
00000800  __STACK_SIZE                  
20000470  __STACK_TOP                   
00000400  __SYSMEM_SIZE                 
00006f50  __TI_CINIT_Base               
00006f68  __TI_CINIT_Limit              
00006f30  __TI_Handler_Table_Base       
00006f3c  __TI_Handler_Table_Limit      
0000665d  __TI_auto_init_nobinit_nopinit
00006401  __TI_decompress_lzss          
000069ff  __TI_decompress_none          
00006523  __TI_ltoa                     
ffffffff  __TI_pprof_out_hndl           
00002559  __TI_printfi                  
ffffffff  __TI_prof_data_size           
ffffffff  __TI_prof_data_start          
00000000  __TI_static_base__            
000068c1  __TI_zero_init_nomemset       
0000612d  __aeabi_cdcmpeq               
0000612d  __aeabi_cdcmple               
000061b3  __aeabi_cdrcmple              
00006393  __aeabi_d2f                   
00006615  __aeabi_d2iz                  
00005183  __aeabi_dadd                  
000055f5  __aeabi_ddiv                  
00005b81  __aeabi_dmul                  
00005179  __aeabi_dsub                  
00006a31  __aeabi_errno_addr            
00006799  __aeabi_f2d                   
00006869  __aeabi_i2d                   
00003f9b  __aeabi_idiv0                 
00003f9b  __aeabi_ldiv0                 
00006239  __aeabi_memclr                
00006239  __aeabi_memclr4               
00006239  __aeabi_memclr8               
00005ffb  __aeabi_memcpy                
00005ffb  __aeabi_memcpy4               
00005ffb  __aeabi_memcpy8               
0000623b  __aeabi_memset                
0000623b  __aeabi_memset4               
0000623b  __aeabi_memset8               
00006097  __aeabi_uldivmod              
ffffffff  __binit__                     
ffffffff  __c_args__                    
00002fa9  __kernel_rem_pio2             
000042c5  __kernel_tan                  
UNDEFED   __mpu_init                    
20000270  __stack                       
20000000  __start___llvm_prf_cnts       
20000000  __stop___llvm_prf_cnts        
00006805  _c_int00_noargs               
00006ba0  _ctypes_                      
20000f18  _lock                         
00002fa7  _nop                          
20000f2c  _running                      
20000a70  _sys_memory                   
UNDEFED   _system_post_cinit            
00006a41  _system_pre_init              
20000edc  _timeout_ticks                
20000f1c  _unlock                       
00006a45  abort                         
00005851  adc_init                      
000058e5  adc_read                      
00005a81  aligned_alloc                 
000065c9  atoi                          
00003f25  avoid_object_left             
00003f53  avoid_object_right            
ffffffff  binit                         
20000ee0  button_event                  
00005dfd  button_getButton              
00005d75  button_init                   
20000ee4  button_num                    
00006761  calloc                        
00006915  copysign                      
00006915  copysignl                     
20000f28  errno                         
20000ee8  falling_time                  
20000ef4  flag                          
00005c7d  floor                         
00005c7d  floorl                        
00005e65  free                          
00006469  frexp                         
00006469  frexpl                        
20000000  g_pfnRAMVectors               
00000000  g_pfnVectors                  
0000204b  go_charge                     
00005de5  gpioe_handler                 
00005da1  init_button_interrupts        
000069ef  lcd_clear                     
00004171  lcd_gotoLine                  
00003fd9  lcd_init                      
000041d7  lcd_printf                    
00004099  lcd_putc                      
000040d1  lcd_puts                      
00003f9d  lcd_reverseNibble             
000040ef  lcd_sendCommand               
0000412d  lcd_sendNibble                
00004199  lcd_setCursorPos              
00005971  ldexp                         
00005971  ldexpl                        
0000026d  main                          
00006a39  malloc                        
00005a81  memalign                      
000068f9  memccpy                       
00005ffb  memcpy                        
00006241  memset                        
20000ef8  motor_cal_factor_L            
20000efc  motor_cal_factor_R            
00003cad  move_backwards                
00003be9  move_forward                  
00003d05  move_forward_with_avoid       
00003c4f  move_forward_without_stop     
00001939  oi_alloc                      
00002175  oi_checkFirmware              
00001993  oi_close                      
00001945  oi_free                       
000024b9  oi_getMotorCalibrationLeft    
000024cd  oi_getMotorCalibrationRight   
0000197d  oi_init                       
00001955  oi_init_noupdate              
00001fe1  oi_loadSong                   
0000695f  oi_parseInt                   
000019f7  oi_parsePacket                
00002037  oi_play_song                  
00001f17  oi_setLeds                    
0000247d  oi_setMotorCalibration        
00001f5b  oi_setWheels                  
0000221d  oi_shutoff_init               
00002059  oi_uartInit                   
000020fd  oi_uartReceive                
00002143  oi_uartSendBuff               
000020e1  oi_uartSendChar               
00002125  oi_uartSendStr                
000019a5  oi_update                     
00004dcb  ping_init                     
00004e6f  ping_read                     
20000eec  rising_time                   
00005971  scalbn                        
00005971  scalbnl                       
000046c7  servo_cal                     
000045e1  servo_init                    
00004663  servo_move                    
000066a1  sprintf                       
20000ef5  state                         
0000698f  strchr                        
00006977  strcmp                        
000069a5  strcpy                        
000069b9  strlen                        
000036e1  tan                           
000036e1  tanl                          
00004c57  timer_getMicros               
00004bff  timer_getMillis               
00004b39  timer_init                    
20000ef0  timer_overflow                
00004bdb  timer_pause                   
00004bed  timer_resume                  
00004bb1  timer_stop                    
00004cb1  timer_waitMicros              
00004ce3  timer_waitMillis              
00003e59  turn_clockwise                
00003eb1  turn_counterClockwise         
20000ef6  uart_data                     
00005331  uart_init                     
0000543b  uart_interrupt_handler        
0000541b  uart_interrupt_init           
000053f5  uart_receive                  
000053d9  uart_sendChar                 
00005411  uart_sendStr                  
000066e1  vsnprintf                     
000069cd  wcslen                        


GLOBAL SYMBOLS: SORTED BY Symbol Address 

address   name                          
-------   ----                          
00000000  __TI_static_base__            
00000000  g_pfnVectors                  
0000026d  main                          
00000400  __SYSMEM_SIZE                 
00000800  __STACK_SIZE                  
00001939  oi_alloc                      
00001945  oi_free                       
00001955  oi_init_noupdate              
0000197d  oi_init                       
00001993  oi_close                      
000019a5  oi_update                     
000019f7  oi_parsePacket                
00001f17  oi_setLeds                    
00001f5b  oi_setWheels                  
00001fe1  oi_loadSong                   
00002037  oi_play_song                  
0000204b  go_charge                     
00002059  oi_uartInit                   
000020e1  oi_uartSendChar               
000020fd  oi_uartReceive                
00002125  oi_uartSendStr                
00002143  oi_uartSendBuff               
00002175  oi_checkFirmware              
0000221d  oi_shutoff_init               
0000228f  GPIOF_Handler                 
0000247d  oi_setMotorCalibration        
000024b9  oi_getMotorCalibrationLeft    
000024cd  oi_getMotorCalibrationRight   
00002559  __TI_printfi                  
00002fa7  _nop                          
00002fa9  __kernel_rem_pio2             
000036e1  tan                           
000036e1  tanl                          
00003be9  move_forward                  
00003c4f  move_forward_without_stop     
00003cad  move_backwards                
00003d05  move_forward_with_avoid       
00003e59  turn_clockwise                
00003eb1  turn_counterClockwise         
00003f25  avoid_object_left             
00003f53  avoid_object_right            
00003f9b  __aeabi_idiv0                 
00003f9b  __aeabi_ldiv0                 
00003f9d  lcd_reverseNibble             
00003fd9  lcd_init                      
00004099  lcd_putc                      
000040d1  lcd_puts                      
000040ef  lcd_sendCommand               
0000412d  lcd_sendNibble                
00004171  lcd_gotoLine                  
00004199  lcd_setCursorPos              
000041d7  lcd_printf                    
000042c5  __kernel_tan                  
000045e1  servo_init                    
00004663  servo_move                    
000046c7  servo_cal                     
00004b39  timer_init                    
00004bb1  timer_stop                    
00004bdb  timer_pause                   
00004bed  timer_resume                  
00004bff  timer_getMillis               
00004c57  timer_getMicros               
00004cb1  timer_waitMicros              
00004ce3  timer_waitMillis              
00004d81  TIMER3B_Handler               
00004dcb  ping_init                     
00004e6f  ping_read                     
00005179  __aeabi_dsub                  
00005183  __aeabi_dadd                  
00005331  uart_init                     
000053d9  uart_sendChar                 
000053f5  uart_receive                  
00005411  uart_sendStr                  
0000541b  uart_interrupt_init           
0000543b  uart_interrupt_handler        
000055f5  __aeabi_ddiv                  
00005851  adc_init                      
000058e5  adc_read                      
00005971  ldexp                         
00005971  ldexpl                        
00005971  scalbn                        
00005971  scalbnl                       
00005a81  aligned_alloc                 
00005a81  memalign                      
00005b81  __aeabi_dmul                  
00005c7d  floor                         
00005c7d  floorl                        
00005d75  button_init                   
00005da1  init_button_interrupts        
00005de5  gpioe_handler                 
00005dfd  button_getButton              
00005e65  free                          
00005ffb  __aeabi_memcpy                
00005ffb  __aeabi_memcpy4               
00005ffb  __aeabi_memcpy8               
00005ffb  memcpy                        
00006097  __aeabi_uldivmod              
0000612d  __aeabi_cdcmpeq               
0000612d  __aeabi_cdcmple               
000061b3  __aeabi_cdrcmple              
00006239  __aeabi_memclr                
00006239  __aeabi_memclr4               
00006239  __aeabi_memclr8               
0000623b  __aeabi_memset                
0000623b  __aeabi_memset4               
0000623b  __aeabi_memset8               
00006241  memset                        
00006393  __aeabi_d2f                   
00006401  __TI_decompress_lzss          
00006469  frexp                         
00006469  frexpl                        
00006523  __TI_ltoa                     
000065c9  atoi                          
00006615  __aeabi_d2iz                  
0000665d  __TI_auto_init_nobinit_nopinit
000066a1  sprintf                       
000066e1  vsnprintf                     
00006761  calloc                        
00006799  __aeabi_f2d                   
000067d1  IntRegister                   
00006805  _c_int00_noargs               
00006869  __aeabi_i2d                   
000068c1  __TI_zero_init_nomemset       
000068f9  memccpy                       
00006915  copysign                      
00006915  copysignl                     
0000695f  oi_parseInt                   
00006977  strcmp                        
0000698f  strchr                        
000069a5  strcpy                        
000069b9  strlen                        
000069cd  wcslen                        
000069df  IntMasterEnable               
000069ef  lcd_clear                     
000069ff  __TI_decompress_none          
00006a0d  CPUcpsie                      
00006a19  ResetISR                      
00006a31  __aeabi_errno_addr            
00006a39  malloc                        
00006a41  _system_pre_init              
00006a45  C$$EXIT                       
00006a45  abort                         
00006ba0  _ctypes_                      
00006f30  __TI_Handler_Table_Base       
00006f3c  __TI_Handler_Table_Limit      
00006f50  __TI_CINIT_Base               
00006f68  __TI_CINIT_Limit              
20000000  __start___llvm_prf_cnts       
20000000  __stop___llvm_prf_cnts        
20000000  g_pfnRAMVectors               
20000270  __stack                       
20000470  __STACK_TOP                   
20000a70  __STACK_END                   
20000a70  _sys_memory                   
20000edc  _timeout_ticks                
20000ee0  button_event                  
20000ee4  button_num                    
20000ee8  falling_time                  
20000eec  rising_time                   
20000ef0  timer_overflow                
20000ef4  flag                          
20000ef5  state                         
20000ef6  uart_data                     
20000ef8  motor_cal_factor_L            
20000efc  motor_cal_factor_R            
20000f18  _lock                         
20000f1c  _unlock                       
20000f28  errno                         
20000f2c  _running                      
ffffffff  __TI_pprof_out_hndl           
ffffffff  __TI_prof_data_size           
ffffffff  __TI_prof_data_start          
ffffffff  __binit__                     
ffffffff  __c_args__                    
ffffffff  binit                         
UNDEFED   __mpu_init                    
UNDEFED   _system_post_cinit            

[177 symbols]
